Component: ARM Compiler 5.06 update 6 (build 750) Tool: armlink [4d35ed]

==============================================================================

Section Cross References

    clock.o(.text) refers to context_rvds.o(.text) for rt_hw_interrupt_disable
    clock.o(.text) refers to thread.o(.text) for rt_thread_self
    clock.o(.text) refers to timer.o(.text) for rt_timer_check
    clock.o(.text) refers to clock.o(.data) for rt_tick
    components.o(.text) refers to main.o(.text) for $Super$$main
    components.o(.text) refers to thread.o(.text) for rt_thread_create
    components.o(.text) refers to kservice.o(.text) for rt_assert_handler
    components.o(.text) refers to context_rvds.o(.text) for rt_hw_interrupt_disable
    components.o(.text) refers to board.o(.text) for rt_hw_board_init
    components.o(.text) refers to timer.o(.text) for rt_system_timer_init
    components.o(.text) refers to scheduler.o(.text) for rt_system_scheduler_init
    components.o(.text) refers to idle.o(.text) for rt_thread_idle_init
    components.o(.text) refers to components.o(.rti_fn.0.end) for __rt_init_rti_board_start
    components.o(.text) refers to components.o(.rti_fn.1.end) for __rt_init_rti_board_end
    components.o(.text) refers to components.o(.rti_fn.6.end) for __rt_init_rti_end
    components.o(.text) refers to components.o(.constdata) for __FUNCTION__
    components.o(.rti_fn.0) refers to components.o(.text) for rti_start
    components.o(.rti_fn.0.end) refers to components.o(.text) for rti_board_start
    components.o(.rti_fn.1.end) refers to components.o(.text) for rti_board_end
    components.o(.rti_fn.6.end) refers to components.o(.text) for rti_end
    device.o(.text) refers to thread.o(.text) for rt_thread_self
    device.o(.text) refers to scheduler.o(.text) for rt_enter_critical
    device.o(.text) refers to object.o(.text) for rt_object_get_information
    device.o(.text) refers to kservice.o(.text) for rt_assert_handler
    device.o(.text) refers to mem.o(.text) for rt_malloc
    device.o(.text) refers to device.o(.constdata) for __FUNCTION__
    idle.o(.text) refers to context_rvds.o(.text) for rt_hw_interrupt_disable
    idle.o(.text) refers to irq.o(.text) for rt_interrupt_get_nest
    idle.o(.text) refers to kservice.o(.text) for rt_kprintf
    idle.o(.text) refers to scheduler.o(.text) for rt_enter_critical
    idle.o(.text) refers to object.o(.text) for rt_object_is_systemobject
    idle.o(.text) refers to mem.o(.text) for rt_free
    idle.o(.text) refers to thread.o(.text) for rt_thread_init
    idle.o(.text) refers to idle.o(.bss) for idle_hook_list
    idle.o(.text) refers to idle.o(.constdata) for __FUNCTION__
    idle.o(.text) refers to scheduler.o(.data) for rt_thread_defunct
    ipc.o(.text) refers to thread.o(.text) for rt_thread_suspend
    ipc.o(.text) refers to context_rvds.o(.text) for rt_hw_interrupt_disable
    ipc.o(.text) refers to kservice.o(.text) for rt_assert_handler
    ipc.o(.text) refers to object.o(.text) for rt_object_init
    ipc.o(.text) refers to irq.o(.text) for rt_interrupt_get_nest
    ipc.o(.text) refers to timer.o(.text) for rt_timer_control
    ipc.o(.text) refers to scheduler.o(.text) for rt_schedule
    ipc.o(.text) refers to ipc.o(.constdata) for __FUNCTION__
    ipc.o(.text) refers to ipc.o(.conststring) for .conststring
    ipc.o(.text) refers to object.o(.data) for rt_object_trytake_hook
    ipc.o(.text) refers to mem.o(.text) for rt_malloc
    ipc.o(.text) refers to clock.o(.text) for rt_tick_get
    irq.o(.text) refers to context_rvds.o(.text) for rt_hw_interrupt_disable
    irq.o(.text) refers to irq.o(.data) for rt_interrupt_enter_hook
    kservice.o(.text) refers to irq.o(.text) for rt_interrupt_get_nest
    kservice.o(.text) refers to thread.o(.text) for rt_thread_self
    kservice.o(.text) refers to mem.o(.text) for rt_malloc
    kservice.o(.text) refers to kservice.o(.data) for __rt_errno
    kservice.o(.text) refers to kservice.o(.constdata) for large_digits
    kservice.o(.text) refers to device.o(.text) for rt_device_write
    kservice.o(.text) refers to kservice.o(.bss) for rt_log_buf
    mem.o(.text) refers to kservice.o(.text) for rt_assert_handler
    mem.o(.text) refers to context_rvds.o(.text) for rt_hw_interrupt_disable
    mem.o(.text) refers to irq.o(.text) for rt_interrupt_get_nest
    mem.o(.text) refers to ipc.o(.text) for rt_sem_init
    mem.o(.text) refers to mem.o(.data) for rt_malloc_hook
    mem.o(.text) refers to mem.o(.constdata) for __FUNCTION__
    mem.o(.text) refers to mem.o(.bss) for heap_sem
    mem.o(.text) refers to mem.o(.conststring) for .conststring
    mem.o(FSymTab) refers to mem.o(.rodata.name) for __fsym_list_mem_name
    mem.o(FSymTab) refers to mem.o(.text) for list_mem
    memheap.o(.text) refers to kservice.o(.text) for rt_assert_handler
    memheap.o(.text) refers to object.o(.text) for rt_object_init
    memheap.o(.text) refers to ipc.o(.text) for rt_sem_init
[...]
    __tagsym$$used                           0x0800eb6c   Number         0  cmd.o(FSymTab)
    __tagsym$$used                           0x0800eb78   Number         0  cmd.o(FSymTab)
    __tagsym$$used                           0x0800eb84   Number         0  cmd.o(FSymTab)
    __tagsym$$used                           0x0800eb90   Number         0  cmd.o(FSymTab)
    __tagsym$$used                           0x0800eb9c   Number         0  cmd.o(FSymTab)
    FSymTab                                  0x0800eba8   Section       12  msh.o(FSymTab)
    __tagsym$$used                           0x0800eba8   Number         0  msh.o(FSymTab)
    FSymTab                                  0x0800ebb4   Section       36  msh_cmd.o(FSymTab)
    __tagsym$$used                           0x0800ebb4   Number         0  msh_cmd.o(FSymTab)
    __tagsym$$used                           0x0800ebc0   Number         0  msh_cmd.o(FSymTab)
    __tagsym$$used                           0x0800ebcc   Number         0  msh_cmd.o(FSymTab)
    .data                                    0x20000000   Section        4  clock.o(.data)
    rt_tick                                  0x20000000   Data           4  clock.o(.data)
    .data                                    0x20000004   Section        9  irq.o(.data)
    rt_interrupt_enter_hook                  0x20000004   Data           4  irq.o(.data)
    rt_interrupt_leave_hook                  0x20000008   Data           4  irq.o(.data)
    .data                                    0x20000010   Section       12  kservice.o(.data)
    __rt_errno                               0x20000010   Data           4  kservice.o(.data)
    _console_device                          0x20000014   Data           4  kservice.o(.data)
    .data                                    0x2000001c   Section       32  mem.o(.data)
    rt_malloc_hook                           0x2000001c   Data           4  mem.o(.data)
    rt_free_hook                             0x20000020   Data           4  mem.o(.data)
    heap_ptr                                 0x20000024   Data           4  mem.o(.data)
    heap_end                                 0x20000028   Data           4  mem.o(.data)
    lfree                                    0x2000002c   Data           4  mem.o(.data)
    mem_size_aligned                         0x20000030   Data           4  mem.o(.data)
    used_mem                                 0x20000034   Data           4  mem.o(.data)
    max_mem                                  0x20000038   Data           4  mem.o(.data)
    .data                                    0x2000003c   Section      180  object.o(.data)
    rt_object_container                      0x2000003c   Data         160  object.o(.data)
    rt_object_attach_hook                    0x200000dc   Data           4  object.o(.data)
    rt_object_detach_hook                    0x200000e0   Data           4  object.o(.data)
    .data                                    0x200000f0   Section       28  scheduler.o(.data)
    rt_scheduler_lock_nest                   0x200000f4   Data           2  scheduler.o(.data)
    rt_scheduler_hook                        0x20000108   Data           4  scheduler.o(.data)
    .data                                    0x2000010c   Section       12  thread.o(.data)
    rt_thread_suspend_hook                   0x2000010c   Data           4  thread.o(.data)
    rt_thread_resume_hook                    0x20000110   Data           4  thread.o(.data)
    rt_thread_inited_hook                    0x20000114   Data           4  thread.o(.data)
    .data                                    0x20000118   Section       20  timer.o(.data)
    rt_timer_list                            0x20000118   Data           8  timer.o(.data)
    rt_timer_enter_hook                      0x20000120   Data           4  timer.o(.data)
    rt_timer_exit_hook                       0x20000124   Data           4  timer.o(.data)
    random_nr                                0x20000128   Data           4  timer.o(.data)
    .data                                    0x2000012c   Section       12  main.o(.data)
    led_thread                               0x2000012c   Data           4  main.o(.data)
    sensor_thread                            0x20000130   Data           4  main.o(.data)
    .data                                    0x20000138   Section      192  drv_gpio.o(.data)
    .data                                    0x200001f8   Section      340  drv_usart.o(.data)
    .data                                    0x2000034c   Section        4  system_stm32f1xx.o(.data)
    .data                                    0x20000350   Section        4  stm32f1xx_hal.o(.data)
    .data                                    0x20000354   Section       16  cpuport.o(.data)
    rt_exception_hook                        0x20000360   Data           4  cpuport.o(.data)
    .data                                    0x20000364   Section        8  shell.o(.data)
    finsh_prompt_custom                      0x20000368   Data           4  shell.o(.data)
    .data                                    0x2000036c   Section       16  symbol.o(.data)
    .data                                    0x2000037c   Section        4  errno.o(.data)
    _errno                                   0x2000037c   Data           4  errno.o(.data)
    .bss                                     0x20000380   Section      400  idle.o(.bss)
    idle                                     0x20000380   Data         128  idle.o(.bss)
    rt_thread_stack                          0x20000400   Data         256  idle.o(.bss)
    idle_hook_list                           0x20000500   Data          16  idle.o(.bss)
    .bss                                     0x20000510   Section      128  kservice.o(.bss)
    rt_log_buf                               0x20000510   Data         128  kservice.o(.bss)
    .bss                                     0x20000590   Section       32  mem.o(.bss)
    heap_sem                                 0x20000590   Data          32  mem.o(.bss)
    .bss                                     0x200005b0   Section      256  scheduler.o(.bss)
    .bss                                     0x200006b0   Section      288  main.o(.bss)
    rx_sem_uart3                             0x200007b0   Data          32  main.o(.bss)
    .bss                                     0x200007d0   Section      520  drv_usart.o(.bss)
    .bss                                     0x200009d8   Section       68  pin.o(.bss)
    _hw_pin                                  0x200009d8   Data          68  pin.o(.bss)
    .bss                                     0x20000a1c   Section      129  shell.o(.bss)
    finsh_prompt                             0x20000a1c   Data         129  shell.o(.bss)
    STACK                                    0x20000aa0   Section     1024  startup_stm32f103xe.o(STACK)

    Global Symbols

    Symbol Name                              Value     Ov Type        Size  Object(Section)

    BuildAttributes$$THM_ISAv4$P$D$K$B$S$PE$A:L22UL41UL21$X:L11$S22US41US21$IEEE1$IW$USESV6$~STKCKD$USESV7$~SHL$OTIME$ROPI$IEEEJ$EBA8$MICROLIB$REQ8$PRES8$EABIv2 0x00000000   Number         0  anon$$obj.o ABSOLUTE
    __ARM_use_no_argv                        0x00000000   Number         0  main.o ABSOLUTE
    __use_no_errno                           0x00000000   Number         0  useno.o ABSOLUTE
    __use_no_exception_handling              0x00000000   Number         0  useno.o ABSOLUTE
    __use_no_fp                              0x00000000   Number         0  useno.o ABSOLUTE
    __use_no_heap                            0x00000000   Number         0  useno.o ABSOLUTE
    __use_no_heap_region                     0x00000000   Number         0  useno.o ABSOLUTE
    __use_no_semihosting                     0x00000000   Number         0  useno.o ABSOLUTE
    __use_no_semihosting_swi                 0x00000000   Number         0  useno.o ABSOLUTE
    __use_no_signal_handling                 0x00000000   Number         0  useno.o ABSOLUTE
    __cpp_initialize__aeabi_                  - Undefined Weak Reference
    __cxa_finalize                            - Undefined Weak Reference
    _clock_init                               - Undefined Weak Reference
    _microlib_exit                            - Undefined Weak Reference
    __Vectors_Size                           0x00000130   Number         0  startup_stm32f103xe.o ABSOLUTE
    __Vectors                                0x08000000   Data           4  startup_stm32f103xe.o(RESET)
    __Vectors_End                            0x08000130   Data           0  startup_stm32f103xe.o(RESET)
    __main                                   0x08000131   Thumb Code     0  entry.o(.ARM.Collect$$$$00000000)
    _main_stk                                0x08000131   Thumb Code     0  entry2.o(.ARM.Collect$$$$00000001)
    _main_scatterload                        0x08000135   Thumb Code     0  entry5.o(.ARM.Collect$$$$00000004)
    __main_after_scatterload                 0x08000139   Thumb Code     0  entry5.o(.ARM.Collect$$$$00000004)
    _main_clock                              0x08000139   Thumb Code     0  entry7b.o(.ARM.Collect$$$$00000008)
    _main_cpp_init                           0x08000139   Thumb Code     0  entry8b.o(.ARM.Collect$$$$0000000A)
    _main_init                               0x08000139   Thumb Code     0  entry9a.o(.ARM.Collect$$$$0000000B)
    __rt_final_cpp                           0x08000141   Thumb Code     0  entry10a.o(.ARM.Collect$$$$0000000D)
    __rt_final_exit                          0x08000141   Thumb Code     0  entry11a.o(.ARM.Collect$$$$0000000F)
    rt_system_tick_init                      0x08000145   Thumb Code     2  clock.o(.text)
    rt_tick_get                              0x08000147   Thumb Code     6  clock.o(.text)
    rt_tick_set                              0x0800014d   Thumb Code    22  clock.o(.text)
    rt_tick_increase                         0x08000163   Thumb Code    42  clock.o(.text)
    rt_tick_from_millisecond                 0x0800018d   Thumb Code    32  clock.o(.text)
    rt_components_board_init                 0x080001c1   Thumb Code    20  components.o(.text)
    rt_components_init                       0x080001d5   Thumb Code    20  components.o(.text)
    main_thread_entry                        0x080001e9   Thumb Code    14  components.o(.text)
    rt_application_init                      0x080001f7   Thumb Code    48  components.o(.text)
    rtthread_startup                         0x08000227   Thumb Code    42  components.o(.text)
    main                                     0x08000251   Thumb Code    14  components.o(.text)
    rt_device_find                           0x08000289   Thumb Code    94  device.o(.text)
    rt_device_register                       0x080002e7   Thumb Code    52  device.o(.text)
    rt_device_unregister                     0x0800031b   Thumb Code    64  device.o(.text)
    rt_device_init_all                       0x0800035b   Thumb Code     4  device.o(.text)
    rt_device_create                         0x0800035f   Thumb Code    46  device.o(.text)
    rt_device_destroy                        0x0800038d   Thumb Code    68  device.o(.text)
    rt_device_init                           0x080003d1   Thumb Code    64  device.o(.text)
    rt_device_open                           0x08000411   Thumb Code   170  device.o(.text)
    rt_device_close                          0x080004bb   Thumb Code    92  device.o(.text)
    rt_device_read                           0x08000517   Thumb Code    98  device.o(.text)
    rt_device_write                          0x08000579   Thumb Code    98  device.o(.text)
    rt_device_control                        0x080005db   Thumb Code    66  device.o(.text)
    rt_device_set_rx_indicate                0x0800061d   Thumb Code    48  device.o(.text)
    rt_device_set_tx_complete                0x0800064d   Thumb Code   360  device.o(.text)
    rt_thread_idle_sethook                   0x080007b5   Thumb Code    58  idle.o(.text)
    rt_thread_idle_delhook                   0x080007ef   Thumb Code    62  idle.o(.text)
    rt_thread_idle_excute                    0x0800082d   Thumb Code   168  idle.o(.text)
    rt_thread_idle_init                      0x080008f9   Thumb Code    74  idle.o(.text)
    rt_thread_idle_gethandler                0x08000943   Thumb Code    10  idle.o(.text)
    rt_sem_init                              0x08000a55   Thumb Code    50  ipc.o(.text)
    rt_sem_detach                            0x08000a87   Thumb Code    72  ipc.o(.text)
    rt_sem_create                            0x08000acf   Thumb Code    84  ipc.o(.text)
    rt_sem_delete                            0x08000b23   Thumb Code   120  ipc.o(.text)
    rt_sem_take                              0x08000b9b   Thumb Code   288  ipc.o(.text)
    rt_sem_trytake                           0x08000cbb   Thumb Code    14  ipc.o(.text)
    rt_sem_release                           0x08000cc9   Thumb Code   116  ipc.o(.text)
    rt_sem_control                           0x08000d3d   Thumb Code    90  ipc.o(.text)
    rt_mutex_init                            0x08000d97   Thumb Code    58  ipc.o(.text)
    rt_mutex_detach                          0x08000dd1   Thumb Code    78  ipc.o(.text)
    rt_mutex_create                          0x08000e1f   Thumb Code   454  ipc.o(.text)
    rt_mutex_delete                          0x08000fe5   Thumb Code   126  ipc.o(.text)
    rt_mutex_take                            0x08001063   Thumb Code   374  ipc.o(.text)
    rt_mutex_release                         0x080011d9   Thumb Code   310  ipc.o(.text)
    rt_mutex_control                         0x0800130f   Thumb Code    52  ipc.o(.text)
    rt_event_init                            0x08001343   Thumb Code    46  ipc.o(.text)
    rt_event_detach                          0x08001371   Thumb Code    78  ipc.o(.text)
    rt_event_create                          0x080013bf   Thumb Code   276  ipc.o(.text)
    rt_event_delete                          0x080014d3   Thumb Code   126  ipc.o(.text)
    rt_event_send                            0x08001551   Thumb Code   234  ipc.o(.text)
    rt_event_recv                            0x0800163b   Thumb Code   402  ipc.o(.text)
    rt_event_control                         0x080017cd   Thumb Code    92  ipc.o(.text)
    rt_mb_init                               0x08001829   Thumb Code    76  ipc.o(.text)
    rt_mb_detach                             0x08001875   Thumb Code   216  ipc.o(.text)
    rt_mb_create                             0x0800194d   Thumb Code   128  ipc.o(.text)
    rt_mb_delete                             0x080019cd   Thumb Code   140  ipc.o(.text)
    rt_mb_send_wait                          0x08001a59   Thumb Code   400  ipc.o(.text)
    rt_mb_send                               0x08001be9   Thumb Code    18  ipc.o(.text)
    rt_mb_recv                               0x08001bfb   Thumb Code   576  ipc.o(.text)
    rt_mb_control                            0x08001e3b   Thumb Code   104  ipc.o(.text)
    rt_mq_init                               0x08001ea3   Thumb Code   118  ipc.o(.text)
    rt_mq_detach                             0x08001f19   Thumb Code    78  ipc.o(.text)
    rt_mq_delete                             0x08001f67   Thumb Code   126  ipc.o(.text)
    rt_mq_create                             0x08001fe5   Thumb Code   170  ipc.o(.text)
    rt_mq_send                               0x0800208f   Thumb Code   222  ipc.o(.text)
    rt_mq_urgent                             0x0800216d   Thumb Code   426  ipc.o(.text)
    rt_mq_recv                               0x08002317   Thumb Code   458  ipc.o(.text)
    rt_mq_control                            0x080024e1   Thumb Code   120  ipc.o(.text)
    rt_interrupt_enter_sethook               0x080025b1   Thumb Code     6  irq.o(.text)
    rt_interrupt_leave_sethook               0x080025b7   Thumb Code     6  irq.o(.text)
    rt_interrupt_enter                       0x080025bd   Thumb Code    46  irq.o(.text)
    rt_interrupt_leave                       0x080025eb   Thumb Code    46  irq.o(.text)
    rt_interrupt_get_nest                    0x08002619   Thumb Code    22  irq.o(.text)
    rt_get_errno                             0x0800263d   Thumb Code    32  kservice.o(.text)
    rt_set_errno                             0x0800265d   Thumb Code    36  kservice.o(.text)
    _rt_errno                                0x08002681   Thumb Code    30  kservice.o(.text)
    rt_memset                                0x0800269f   Thumb Code    72  kservice.o(.text)
    rt_memcpy                                0x080026e7   Thumb Code   124  kservice.o(.text)
    rt_memmove                               0x08002763   Thumb Code    66  kservice.o(.text)
    rt_memcmp                                0x080027a5   Thumb Code    38  kservice.o(.text)
    rt_strlen                                0x080027cb   Thumb Code    18  kservice.o(.text)
    rt_strstr                                0x080027dd   Thumb Code    58  kservice.o(.text)
    rt_strcasecmp                            0x08002817   Thumb Code    48  kservice.o(.text)
    rt_strncpy                               0x08002847   Thumb Code    52  kservice.o(.text)
    rt_strncmp                               0x0800287b   Thumb Code    40  kservice.o(.text)
    rt_strcmp                                0x080028a3   Thumb Code    28  kservice.o(.text)
    rt_strnlen                               0x080028bf   Thumb Code    24  kservice.o(.text)
    rt_strdup                                0x080028d7   Thumb Code    40  kservice.o(.text)
    strdup                                   0x080028d7   Thumb Code     0  kservice.o(.text)
    rt_hw_console_output                     0x080028ff   Thumb Code     2  kservice.o(.text)
    rt_vsnprintf                             0x08002ac5   Thumb Code   800  kservice.o(.text)
    rt_kprintf                               0x08002de5   Thumb Code    96  kservice.o(.text)
    rt_show_version                          0x08002e45   Thumb Code    38  kservice.o(.text)
    rt_snprintf                              0x08002e6b   Thumb Code    38  kservice.o(.text)
    rt_vsprintf                              0x08002e91   Thumb Code    22  kservice.o(.text)
    rt_sprintf                               0x08002ea7   Thumb Code    34  kservice.o(.text)
    rt_console_get_device                    0x08002ec9   Thumb Code     6  kservice.o(.text)
    rt_console_set_device                    0x08002ecf   Thumb Code    48  kservice.o(.text)
    rt_kputs                                 0x08002eff   Thumb Code    78  kservice.o(.text)
    rt_malloc_align                          0x08002f4d   Thumb Code    70  kservice.o(.text)
    rt_free_align                            0x08002f93   Thumb Code    16  kservice.o(.text)
    __rt_ffs                                 0x08002fa3   Thumb Code    70  kservice.o(.text)
    rt_assert_set_hook                       0x08002fe9   Thumb Code     6  kservice.o(.text)
    rt_assert_handler                        0x08002fef   Thumb Code    56  kservice.o(.text)
    rt_malloc_sethook                        0x08003101   Thumb Code     6  mem.o(.text)
    rt_free_sethook                          0x08003107   Thumb Code     6  mem.o(.text)
    rt_system_heap_init                      0x080031ad   Thumb Code   204  mem.o(.text)
    rt_malloc                                0x08003279   Thumb Code   522  mem.o(.text)
    rt_free                                  0x08003483   Thumb Code   634  mem.o(.text)
    rt_realloc                               0x080036fd   Thumb Code   324  mem.o(.text)
    rt_calloc                                0x08003841   Thumb Code    34  mem.o(.text)
    rt_memory_info                           0x08003863   Thumb Code    26  mem.o(.text)
    list_mem                                 0x0800387d   Thumb Code    34  mem.o(.text)
    rt_object_attach_sethook                 0x080039d9   Thumb Code     6  object.o(.text)
    rt_object_detach_sethook                 0x080039df   Thumb Code     6  object.o(.text)
    rt_object_trytake_sethook                0x080039e5   Thumb Code     6  object.o(.text)
    rt_object_take_sethook                   0x080039eb   Thumb Code     6  object.o(.text)
    rt_object_put_sethook                    0x080039f1   Thumb Code     6  object.o(.text)
    rt_system_object_init                    0x080039f7   Thumb Code     2  object.o(.text)
    rt_object_get_information                0x080039f9   Thumb Code    36  object.o(.text)
    rt_object_init                           0x08003a1d   Thumb Code    90  object.o(.text)
    rt_object_detach                         0x08003a77   Thumb Code    62  object.o(.text)
    rt_object_allocate                       0x08003ab5   Thumb Code   158  object.o(.text)
    rt_object_delete                         0x08003b53   Thumb Code    88  object.o(.text)
    rt_object_is_systemobject                0x08003bab   Thumb Code    34  object.o(.text)
    rt_object_get_type                       0x08003bcd   Thumb Code    26  object.o(.text)
    rt_object_find                           0x08003be7   Thumb Code   142  object.o(.text)
    rt_scheduler_sethook                     0x08003d2d   Thumb Code     6  scheduler.o(.text)
    rt_system_scheduler_init                 0x08003dab   Thumb Code    46  scheduler.o(.text)
    rt_schedule_remove_thread                0x08003dd9   Thumb Code    94  scheduler.o(.text)
    rt_system_scheduler_start                0x08003e37   Thumb Code    36  scheduler.o(.text)
    rt_schedule_insert_thread                0x08003e5b   Thumb Code   118  scheduler.o(.text)
    rt_schedule                              0x08003ed1   Thumb Code   242  scheduler.o(.text)
    rt_enter_critical                        0x08003fc3   Thumb Code    28  scheduler.o(.text)
    rt_exit_critical                         0x08003fdf   Thumb Code    54  scheduler.o(.text)
    rt_critical_level                        0x08004015   Thumb Code     8  scheduler.o(.text)
    rt_thread_suspend_sethook                0x080040d9   Thumb Code     6  thread.o(.text)
    rt_thread_resume_sethook                 0x080040df   Thumb Code     6  thread.o(.text)
    rt_thread_inited_sethook                 0x080040e5   Thumb Code     6  thread.o(.text)
    rt_thread_self                           0x080040eb   Thumb Code     6  thread.o(.text)
    rt_thread_exit                           0x080040f1   Thumb Code    78  thread.o(.text)
    rt_thread_timeout                        0x0800413f   Thumb Code    92  thread.o(.text)
    rt_thread_init                           0x0800423b   Thumb Code    74  thread.o(.text)
    rt_thread_resume                         0x08004285   Thumb Code   122  thread.o(.text)
    rt_thread_startup                        0x080042ff   Thumb Code   110  thread.o(.text)
    rt_thread_detach                         0x0800436d   Thumb Code   126  thread.o(.text)
    rt_thread_create                         0x080043eb   Thumb Code    80  thread.o(.text)
    rt_thread_delete                         0x0800443b   Thumb Code   116  thread.o(.text)
    rt_thread_yield                          0x080044af   Thumb Code   366  thread.o(.text)
    rt_thread_suspend                        0x0800461d   Thumb Code   160  thread.o(.text)
    rt_thread_sleep                          0x080046bd   Thumb Code   102  thread.o(.text)
    rt_thread_delay                          0x08004723   Thumb Code    12  thread.o(.text)
    rt_thread_mdelay                         0x0800472f   Thumb Code    20  thread.o(.text)
    rt_thread_control                        0x08004743   Thumb Code   156  thread.o(.text)
    rt_thread_find                           0x080047df   Thumb Code    96  thread.o(.text)
    rt_timer_enter_sethook                   0x0800489b   Thumb Code     6  timer.o(.text)
    rt_timer_exit_sethook                    0x080048a1   Thumb Code     6  timer.o(.text)
    rt_timer_init                            0x08004933   Thumb Code    58  timer.o(.text)
    rt_timer_detach                          0x0800496d   Thumb Code    82  timer.o(.text)
    rt_timer_create                          0x080049bf   Thumb Code    54  timer.o(.text)
    rt_timer_delete                          0x080049f5   Thumb Code    88  timer.o(.text)
    rt_timer_start                           0x08004a4d   Thumb Code   314  timer.o(.text)
    rt_timer_stop                            0x08004b87   Thumb Code   102  timer.o(.text)
    rt_timer_control                         0x08004bed   Thumb Code    98  timer.o(.text)
    rt_timer_check                           0x08004c4f   Thumb Code   438  timer.o(.text)
    rt_timer_next_timeout_tick               0x08004e05   Thumb Code    10  timer.o(.text)
    rt_system_timer_init                     0x08004e0f   Thumb Code    24  timer.o(.text)
    rt_system_timer_thread_init              0x08004e27   Thumb Code     2  timer.o(.text)
    led_init                                 0x08004e49   Thumb Code    30  led.o(.text)
    uart_input3                              0x08004ea7   Thumb Code    16  main.o(.text)
    readSouart3                              0x08004eb7   Thumb Code    78  main.o(.text)
    readCouart3                              0x08004f05   Thumb Code    78  main.o(.text)
    $Super$$main                             0x08005049   Thumb Code   102  main.o(.text)
    HAL_MspInit                              0x08005175   Thumb Code   140  board.o(.text)
    SystemClock_Config                       0x08005201   Thumb Code   186  board.o(.text)
    HAL_Delay                                0x080052dd   Thumb Code    16  board.o(.text)
    HAL_GetTick                              0x080052ed   Thumb Code    24  board.o(.text)
    HAL_SuspendTick                          0x08005305   Thumb Code     2  board.o(.text)
    HAL_ResumeTick                           0x08005307   Thumb Code     2  board.o(.text)
    SysTick_Handler                          0x08005309   Thumb Code    20  board.o(.text)
    rt_hw_board_init                         0x0800531d   Thumb Code    30  board.o(.text)
    rt_hw_us_delay                           0x0800533b   Thumb Code    54  board.o(.text)
    NMI_Handler                              0x080053a9   Thumb Code     2  stm32f1xx_it.o(.text)
    MemManage_Handler                        0x080053ab   Thumb Code     4  stm32f1xx_it.o(.text)
    BusFault_Handler                         0x080053af   Thumb Code     4  stm32f1xx_it.o(.text)
    UsageFault_Handler                       0x080053b3   Thumb Code     4  stm32f1xx_it.o(.text)
    DebugMon_Handler                         0x080053b7   Thumb Code     2  stm32f1xx_it.o(.text)
    stm32_pin_write                          0x08005515   Thumb Code    56  drv_gpio.o(.text)
    stm32_pin_read                           0x0800554d   Thumb Code    52  drv_gpio.o(.text)
    stm32_pin_mode                           0x08005581   Thumb Code   118  drv_gpio.o(.text)
    stm32_pin_attach_irq                     0x080055f7   Thumb Code   212  drv_gpio.o(.text)
    stm32_pin_detach_irq                     0x080056cb   Thumb Code   134  drv_gpio.o(.text)
    stm32_pin_irq_enable                     0x08005751   Thumb Code   304  drv_gpio.o(.text)
    rt_hw_pin_init                           0x08005881   Thumb Code    18  drv_gpio.o(.text)
    HAL_GPIO_EXTI_Callback                   0x08005893   Thumb Code    12  drv_gpio.o(.text)
    EXTI0_IRQHandler                         0x0800589f   Thumb Code    18  drv_gpio.o(.text)
    EXTI1_IRQHandler                         0x080058b1   Thumb Code    18  drv_gpio.o(.text)
    EXTI2_IRQHandler                         0x080058c3   Thumb Code    18  drv_gpio.o(.text)
    EXTI3_IRQHandler                         0x080058d5   Thumb Code    18  drv_gpio.o(.text)
    EXTI4_IRQHandler                         0x080058e7   Thumb Code    18  drv_gpio.o(.text)
    EXTI9_5_IRQHandler                       0x080058f9   Thumb Code    46  drv_gpio.o(.text)
    EXTI15_10_IRQHandler                     0x08005927   Thumb Code    60  drv_gpio.o(.text)
    USART1_IRQHandler                        0x08005b8f   Thumb Code    18  drv_usart.o(.text)
    USART2_IRQHandler                        0x08005ba1   Thumb Code    18  drv_usart.o(.text)
    USART3_IRQHandler                        0x08005bb3   Thumb Code    18  drv_usart.o(.text)
    UART4_IRQHandler                         0x08005bc5   Thumb Code    18  drv_usart.o(.text)
    UART5_IRQHandler                         0x08005bd7   Thumb Code    18  drv_usart.o(.text)
    rt_hw_usart_init                         0x08005be9   Thumb Code   220  drv_usart.o(.text)
    HAL_UART_MspInit                         0x08005cc5   Thumb Code   816  drv_usart.o(.text)
    HAL_UART_MspDeInit                       0x08005ff5   Thumb Code   198  drv_usart.o(.text)
    SystemInit                               0x080060e5   Thumb Code    70  system_stm32f1xx.o(.text)
    SystemCoreClockUpdate                    0x0800612b   Thumb Code   142  system_stm32f1xx.o(.text)
    HAL_GPIO_Init                            0x080061d9   Thumb Code   790  stm32f1xx_hal_gpio.o(.text)
    HAL_GPIO_DeInit                          0x080064ef   Thumb Code   312  stm32f1xx_hal_gpio.o(.text)
    HAL_GPIO_ReadPin                         0x08006627   Thumb Code    16  stm32f1xx_hal_gpio.o(.text)
    HAL_GPIO_WritePin                        0x08006637   Thumb Code    12  stm32f1xx_hal_gpio.o(.text)
    HAL_GPIO_TogglePin                       0x08006643   Thumb Code     8  stm32f1xx_hal_gpio.o(.text)
    HAL_GPIO_LockPin                         0x0800664b   Thumb Code    46  stm32f1xx_hal_gpio.o(.text)
    HAL_GPIO_EXTI_IRQHandler                 0x0800667b   Thumb Code    28  stm32f1xx_hal_gpio.o(.text)
    HAL_DMA_Init                             0x080066c1   Thumb Code   140  stm32f1xx_hal_dma.o(.text)
    HAL_DMA_DeInit                           0x0800674d   Thumb Code   124  stm32f1xx_hal_dma.o(.text)
    HAL_DMA_Start                            0x080067f5   Thumb Code   114  stm32f1xx_hal_dma.o(.text)
    HAL_DMA_Start_IT                         0x08006867   Thumb Code   156  stm32f1xx_hal_dma.o(.text)
    HAL_DMA_Abort                            0x08006903   Thumb Code    58  stm32f1xx_hal_dma.o(.text)
    HAL_DMA_Abort_IT                         0x0800693d   Thumb Code   422  stm32f1xx_hal_dma.o(.text)
    HAL_DMA_PollForTransfer                  0x08006ae3   Thumb Code  1614  stm32f1xx_hal_dma.o(.text)
    HAL_DMA_IRQHandler                       0x08007131   Thumb Code   922  stm32f1xx_hal_dma.o(.text)
    HAL_DMA_RegisterCallback                 0x080074cb   Thumb Code    90  stm32f1xx_hal_dma.o(.text)
    HAL_DMA_UnRegisterCallback               0x08007525   Thumb Code   106  stm32f1xx_hal_dma.o(.text)
    HAL_DMA_GetState                         0x0800758f   Thumb Code     8  stm32f1xx_hal_dma.o(.text)
    HAL_DMA_GetError                         0x08007597   Thumb Code     6  stm32f1xx_hal_dma.o(.text)
    HAL_NVIC_SetPriorityGrouping             0x080075c5   Thumb Code    36  stm32f1xx_hal_cortex.o(.text)
    HAL_NVIC_SetPriority                     0x080075e9   Thumb Code   124  stm32f1xx_hal_cortex.o(.text)
    HAL_NVIC_EnableIRQ                       0x08007665   Thumb Code    26  stm32f1xx_hal_cortex.o(.text)
    HAL_NVIC_DisableIRQ                      0x0800767f   Thumb Code    22  stm32f1xx_hal_cortex.o(.text)
    HAL_NVIC_SystemReset                     0x08007695   Thumb Code    64  stm32f1xx_hal_cortex.o(.text)
    HAL_SYSTICK_Config                       0x080076d5   Thumb Code    52  stm32f1xx_hal_cortex.o(.text)
    HAL_NVIC_GetPriorityGrouping             0x08007709   Thumb Code     8  stm32f1xx_hal_cortex.o(.text)
    HAL_NVIC_GetPriority                     0x08007711   Thumb Code   138  stm32f1xx_hal_cortex.o(.text)
    HAL_NVIC_SetPendingIRQ                   0x0800779b   Thumb Code    24  stm32f1xx_hal_cortex.o(.text)
    HAL_NVIC_GetPendingIRQ                   0x080077b3   Thumb Code    38  stm32f1xx_hal_cortex.o(.text)
    HAL_NVIC_ClearPendingIRQ                 0x080077d9   Thumb Code    22  stm32f1xx_hal_cortex.o(.text)
    HAL_NVIC_GetActive                       0x080077ef   Thumb Code    38  stm32f1xx_hal_cortex.o(.text)
    HAL_SYSTICK_CLKSourceConfig              0x08007815   Thumb Code    40  stm32f1xx_hal_cortex.o(.text)
    HAL_SYSTICK_Callback                     0x0800783d   Thumb Code     2  stm32f1xx_hal_cortex.o(.text)
    HAL_SYSTICK_IRQHandler                   0x0800783f   Thumb Code     8  stm32f1xx_hal_cortex.o(.text)
    HAL_RCC_DeInit                           0x08007869   Thumb Code    64  stm32f1xx_hal_rcc.o(.text)
    HAL_RCC_OscConfig                        0x080078cd   Thumb Code  1090  stm32f1xx_hal_rcc.o(.text)
    HAL_RCC_GetSysClockFreq                  0x08007d0f   Thumb Code   118  stm32f1xx_hal_rcc.o(.text)
    HAL_RCC_ClockConfig                      0x08007d85   Thumb Code   402  stm32f1xx_hal_rcc.o(.text)
    HAL_RCC_MCOConfig                        0x08007f17   Thumb Code    92  stm32f1xx_hal_rcc.o(.text)
    HAL_RCC_EnableCSS                        0x08007f73   Thumb Code     8  stm32f1xx_hal_rcc.o(.text)
    HAL_RCC_DisableCSS                       0x08007f7b   Thumb Code     8  stm32f1xx_hal_rcc.o(.text)
    HAL_RCC_GetHCLKFreq                      0x08007f83   Thumb Code     6  stm32f1xx_hal_rcc.o(.text)
    HAL_RCC_GetPCLK1Freq                     0x08007f89   Thumb Code    22  stm32f1xx_hal_rcc.o(.text)
    HAL_RCC_GetPCLK2Freq                     0x08007f9f   Thumb Code    22  stm32f1xx_hal_rcc.o(.text)
    HAL_RCC_GetOscConfig                     0x08007fb5   Thumb Code   254  stm32f1xx_hal_rcc.o(.text)
    HAL_RCC_GetClockConfig                   0x080080b3   Thumb Code    58  stm32f1xx_hal_rcc.o(.text)
    HAL_RCC_CSSCallback                      0x080080ed   Thumb Code     2  stm32f1xx_hal_rcc.o(.text)
    HAL_RCC_NMI_IRQHandler                   0x080080ef   Thumb Code    26  stm32f1xx_hal_rcc.o(.text)
    HAL_UART_Init                            0x080082d5   Thumb Code   114  stm32f1xx_hal_uart.o(.text)
    HAL_HalfDuplex_Init                      0x08008347   Thumb Code   118  stm32f1xx_hal_uart.o(.text)
    HAL_LIN_Init                             0x080083bd   Thumb Code   134  stm32f1xx_hal_uart.o(.text)
    HAL_MultiProcessor_Init                  0x08008443   Thumb Code   138  stm32f1xx_hal_uart.o(.text)
    HAL_UART_DeInit                          0x080084cf   Thumb Code    46  stm32f1xx_hal_uart.o(.text)
    HAL_UART_Transmit                        0x0800856d   Thumb Code   214  stm32f1xx_hal_uart.o(.text)
    HAL_UART_Receive                         0x08008643   Thumb Code   222  stm32f1xx_hal_uart.o(.text)
    HAL_UART_Transmit_IT                     0x08008721   Thumb Code    88  stm32f1xx_hal_uart.o(.text)
    HAL_UART_Receive_IT                      0x08008779   Thumb Code   112  stm32f1xx_hal_uart.o(.text)
    HAL_UART_ErrorCallback                   0x080087e9   Thumb Code     2  stm32f1xx_hal_uart.o(.text)
    HAL_UART_TxHalfCpltCallback              0x0800886f   Thumb Code     2  stm32f1xx_hal_uart.o(.text)
    HAL_UART_TxCpltCallback                  0x0800887f   Thumb Code     2  stm32f1xx_hal_uart.o(.text)
    HAL_UART_Transmit_DMA                    0x080088b7   Thumb Code   142  stm32f1xx_hal_uart.o(.text)
    HAL_UART_RxHalfCpltCallback              0x08008945   Thumb Code     2  stm32f1xx_hal_uart.o(.text)
    HAL_UART_RxCpltCallback                  0x08008955   Thumb Code     2  stm32f1xx_hal_uart.o(.text)
    HAL_UART_Receive_DMA                     0x0800899d   Thumb Code   182  stm32f1xx_hal_uart.o(.text)
    HAL_UART_DMAPause                        0x08008a53   Thumb Code   124  stm32f1xx_hal_uart.o(.text)
    HAL_UART_DMAResume                       0x08008acf   Thumb Code   126  stm32f1xx_hal_uart.o(.text)
    HAL_UART_DMAStop                         0x08008b4d   Thumb Code   102  stm32f1xx_hal_uart.o(.text)
    HAL_UART_Abort                           0x08008bb3   Thumb Code   126  stm32f1xx_hal_uart.o(.text)
    HAL_UART_AbortTransmit                   0x08008c31   Thumb Code    68  stm32f1xx_hal_uart.o(.text)
    HAL_UART_AbortReceive                    0x08008c75   Thumb Code    80  stm32f1xx_hal_uart.o(.text)
    HAL_UART_AbortCpltCallback               0x08008cc5   Thumb Code     2  stm32f1xx_hal_uart.o(.text)
    HAL_UART_Abort_IT                        0x08008d45   Thumb Code   208  stm32f1xx_hal_uart.o(.text)
    HAL_UART_AbortTransmitCpltCallback       0x08008e15   Thumb Code     2  stm32f1xx_hal_uart.o(.text)
    HAL_UART_AbortTransmit_IT                0x08008e2f   Thumb Code   102  stm32f1xx_hal_uart.o(.text)
    HAL_UART_AbortReceiveCpltCallback        0x08008e95   Thumb Code     2  stm32f1xx_hal_uart.o(.text)
    HAL_UART_AbortReceive_IT                 0x08008eaf   Thumb Code   114  stm32f1xx_hal_uart.o(.text)
    HAL_UART_IRQHandler                      0x08009063   Thumb Code   348  stm32f1xx_hal_uart.o(.text)
    HAL_LIN_SendBreak                        0x080091bf   Thumb Code    62  stm32f1xx_hal_uart.o(.text)
    HAL_MultiProcessor_EnterMuteMode         0x080091fd   Thumb Code    62  stm32f1xx_hal_uart.o(.text)
    HAL_MultiProcessor_ExitMuteMode          0x0800923b   Thumb Code    62  stm32f1xx_hal_uart.o(.text)
    HAL_HalfDuplex_EnableTransmitter         0x08009279   Thumb Code    68  stm32f1xx_hal_uart.o(.text)
    HAL_HalfDuplex_EnableReceiver            0x080092bd   Thumb Code    68  stm32f1xx_hal_uart.o(.text)
    HAL_UART_GetState                        0x08009301   Thumb Code    20  stm32f1xx_hal_uart.o(.text)
    HAL_UART_GetError                        0x08009315   Thumb Code     6  stm32f1xx_hal_uart.o(.text)
    HAL_InitTick                             0x0800931f   Thumb Code    36  stm32f1xx_hal.o(.text)
    HAL_Init                                 0x08009343   Thumb Code    34  stm32f1xx_hal.o(.text)
    HAL_MspDeInit                            0x08009365   Thumb Code     2  stm32f1xx_hal.o(.text)
    HAL_DeInit                               0x08009367   Thumb Code    30  stm32f1xx_hal.o(.text)
    HAL_IncTick                              0x08009385   Thumb Code    12  stm32f1xx_hal.o(.text)
    HAL_GetHalVersion                        0x080093d9   Thumb Code     4  stm32f1xx_hal.o(.text)
    HAL_GetREVID                             0x080093dd   Thumb Code     8  stm32f1xx_hal.o(.text)
    HAL_GetDEVID                             0x080093e5   Thumb Code    10  stm32f1xx_hal.o(.text)
    HAL_DBGMCU_EnableDBGSleepMode            0x080093ef   Thumb Code    14  stm32f1xx_hal.o(.text)
    HAL_DBGMCU_DisableDBGSleepMode           0x080093fd   Thumb Code    14  stm32f1xx_hal.o(.text)
    HAL_DBGMCU_EnableDBGStopMode             0x0800940b   Thumb Code    14  stm32f1xx_hal.o(.text)
    HAL_DBGMCU_DisableDBGStopMode            0x08009419   Thumb Code    14  stm32f1xx_hal.o(.text)
    HAL_DBGMCU_EnableDBGStandbyMode          0x08009427   Thumb Code    14  stm32f1xx_hal.o(.text)
    HAL_DBGMCU_DisableDBGStandbyMode         0x08009435   Thumb Code    14  stm32f1xx_hal.o(.text)
    HAL_GetUID                               0x08009443   Thumb Code    24  stm32f1xx_hal.o(.text)
    Reset_Handler                            0x08009479   Thumb Code     8  startup_stm32f103xe.o(.text)
    SVC_Handler                              0x0800948b   Thumb Code     2  startup_stm32f103xe.o(.text)
    ADC1_2_IRQHandler                        0x08009493   Thumb Code     0  startup_stm32f103xe.o(.text)
    ADC3_IRQHandler                          0x08009493   Thumb Code     0  startup_stm32f103xe.o(.text)
    CAN1_RX1_IRQHandler                      0x08009493   Thumb Code     0  startup_stm32f103xe.o(.text)
    CAN1_SCE_IRQHandler                      0x08009493   Thumb Code     0  startup_stm32f103xe.o(.text)
    DMA1_Channel1_IRQHandler                 0x08009493   Thumb Code     0  startup_stm32f103xe.o(.text)
    DMA1_Channel2_IRQHandler                 0x08009493   Thumb Code     0  startup_stm32f103xe.o(.text)
    DMA1_Channel3_IRQHandler                 0x08009493   Thumb Code     0  startup_stm32f103xe.o(.text)
    DMA1_Channel4_IRQHandler                 0x08009493   Thumb Code     0  startup_stm32f103xe.o(.text)
    DMA1_Channel5_IRQHandler                 0x08009493   Thumb Code     0  startup_stm32f103xe.o(.text)
    DMA1_Channel6_IRQHandler                 0x08009493   Thumb Code     0  startup_stm32f103xe.o(.text)
    DMA1_Channel7_IRQHandler                 0x08009493   Thumb Code     0  startup_stm32f103xe.o(.text)
    DMA2_Channel1_IRQHandler                 0x08009493   Thumb Code     0  startup_stm32f103xe.o(.text)
    DMA2_Channel2_IRQHandler                 0x08009493   Thumb Code     0  startup_stm32f103xe.o(.text)
    DMA2_Channel3_IRQHandler                 0x08009493   Thumb Code     0  startup_stm32f103xe.o(.text)
    DMA2_Channel4_5_IRQHandler               0x08009493   Thumb Code     0  startup_stm32f103xe.o(.text)
    FLASH_IRQHandler                         0x08009493   Thumb Code     0  startup_stm32f103xe.o(.text)
    FSMC_IRQHandler                          0x08009493   Thumb Code     0  startup_stm32f103xe.o(.text)
    I2C1_ER_IRQHandler                       0x08009493   Thumb Code     0  startup_stm32f103xe.o(.text)
    I2C1_EV_IRQHandler                       0x08009493   Thumb Code     0  startup_stm32f103xe.o(.text)
    I2C2_ER_IRQHandler                       0x08009493   Thumb Code     0  startup_stm32f103xe.o(.text)
    I2C2_EV_IRQHandler                       0x08009493   Thumb Code     0  startup_stm32f103xe.o(.text)
    PVD_IRQHandler                           0x08009493   Thumb Code     0  startup_stm32f103xe.o(.text)
    RCC_IRQHandler                           0x08009493   Thumb Code     0  startup_stm32f103xe.o(.text)
    RTC_Alarm_IRQHandler                     0x08009493   Thumb Code     0  startup_stm32f103xe.o(.text)
    RTC_IRQHandler                           0x08009493   Thumb Code     0  startup_stm32f103xe.o(.text)
    SDIO_IRQHandler                          0x08009493   Thumb Code     0  startup_stm32f103xe.o(.text)
    SPI1_IRQHandler                          0x08009493   Thumb Code     0  startup_stm32f103xe.o(.text)
    SPI2_IRQHandler                          0x08009493   Thumb Code     0  startup_stm32f103xe.o(.text)
    SPI3_IRQHandler                          0x08009493   Thumb Code     0  startup_stm32f103xe.o(.text)
    TAMPER_IRQHandler                        0x08009493   Thumb Code     0  startup_stm32f103xe.o(.text)
    TIM1_BRK_IRQHandler                      0x08009493   Thumb Code     0  startup_stm32f103xe.o(.text)
    TIM1_CC_IRQHandler                       0x08009493   Thumb Code     0  startup_stm32f103xe.o(.text)
    TIM1_TRG_COM_IRQHandler                  0x08009493   Thumb Code     0  startup_stm32f103xe.o(.text)
    TIM1_UP_IRQHandler                       0x08009493   Thumb Code     0  startup_stm32f103xe.o(.text)
    TIM2_IRQHandler                          0x08009493   Thumb Code     0  startup_stm32f103xe.o(.text)
    TIM3_IRQHandler                          0x08009493   Thumb Code     0  startup_stm32f103xe.o(.text)
    TIM4_IRQHandler                          0x08009493   Thumb Code     0  startup_stm32f103xe.o(.text)
    TIM5_IRQHandler                          0x08009493   Thumb Code     0  startup_stm32f103xe.o(.text)
    TIM6_IRQHandler                          0x08009493   Thumb Code     0  startup_stm32f103xe.o(.text)
    TIM7_IRQHandler                          0x08009493   Thumb Code     0  startup_stm32f103xe.o(.text)
    TIM8_BRK_IRQHandler                      0x08009493   Thumb Code     0  startup_stm32f103xe.o(.text)
    TIM8_CC_IRQHandler                       0x08009493   Thumb Code     0  startup_stm32f103xe.o(.text)
    TIM8_TRG_COM_IRQHandler                  0x08009493   Thumb Code     0  startup_stm32f103xe.o(.text)
    TIM8_UP_IRQHandler                       0x08009493   Thumb Code     0  startup_stm32f103xe.o(.text)
    USBWakeUp_IRQHandler                     0x08009493   Thumb Code     0  startup_stm32f103xe.o(.text)
    USB_HP_CAN1_TX_IRQHandler                0x08009493   Thumb Code     0  startup_stm32f103xe.o(.text)
    USB_LP_CAN1_RX0_IRQHandler               0x08009493   Thumb Code     0  startup_stm32f103xe.o(.text)
    WWDG_IRQHandler                          0x08009493   Thumb Code     0  startup_stm32f103xe.o(.text)
    rt_hw_stack_init                         0x0800949d   Thumb Code    70  cpuport.o(.text)
    rt_hw_exception_install                  0x080094e3   Thumb Code     6  cpuport.o(.text)
    rt_hw_hard_fault_exception               0x080096c7   Thumb Code   198  cpuport.o(.text)
    rt_hw_cpu_shutdown                       0x0800978d   Thumb Code    22  cpuport.o(.text)
    rt_hw_cpu_reset                          0x080097a3   Thumb Code    10  cpuport.o(.text)
    rt_hw_interrupt_disable                  0x08009a7d   Thumb Code     8  context_rvds.o(.text)
    rt_hw_interrupt_enable                   0x08009a85   Thumb Code     6  context_rvds.o(.text)
    rt_hw_context_switch                     0x08009a8b   Thumb Code    32  context_rvds.o(.text)
    rt_hw_context_switch_interrupt           0x08009a8b   Thumb Code     0  context_rvds.o(.text)
    PendSV_Handler                           0x08009aab   Thumb Code    60  context_rvds.o(.text)
    rt_hw_context_switch_to                  0x08009ae7   Thumb Code    58  context_rvds.o(.text)
    rt_hw_interrupt_thread_switch            0x08009b21   Thumb Code     2  context_rvds.o(.text)
    HardFault_Handler                        0x08009b23   Thumb Code    52  context_rvds.o(.text)
    rt_device_pin_register                   0x08009c21   Thumb Code    56  pin.o(.text)
    rt_pin_attach_irq                        0x08009c59   Thumb Code    60  pin.o(.text)
    rt_pin_detach_irq                        0x08009c95   Thumb Code    46  pin.o(.text)
    rt_pin_irq_enable                        0x08009cc3   Thumb Code    50  pin.o(.text)
    rt_pin_mode                              0x08009cf5   Thumb Code    38  pin.o(.text)
    rt_pin_write                             0x08009d1b   Thumb Code    38  pin.o(.text)
    rt_pin_read                              0x08009d41   Thumb Code    34  pin.o(.text)
    rt_hw_serial_register                    0x0800a61b   Thumb Code    82  serial.o(.text)
    rt_hw_serial_isr                         0x0800a66d   Thumb Code   470  serial.o(.text)
    rt_completion_init                       0x0800a9e1   Thumb Code    42  completion.o(.text)
    rt_completion_wait                       0x0800aa0b   Thumb Code   198  completion.o(.text)
    rt_completion_done                       0x0800aad1   Thumb Code    76  completion.o(.text)
    rt_data_queue_init                       0x0800abbb   Thumb Code    76  dataqueue.o(.text)
    rt_data_queue_push                       0x0800ac07   Thumb Code   282  dataqueue.o(.text)
    rt_data_queue_pop                        0x0800ad21   Thumb Code   342  dataqueue.o(.text)
    rt_data_queue_peak                       0x0800ae77   Thumb Code   102  dataqueue.o(.text)
    rt_data_queue_reset                      0x0800aedd   Thumb Code   106  dataqueue.o(.text)
    finsh_set_prompt                         0x0800afd1   Thumb Code    64  shell.o(.text)
    finsh_get_prompt                         0x0800b011   Thumb Code    84  shell.o(.text)
    finsh_get_prompt_mode                    0x0800b065   Thumb Code    32  shell.o(.text)
    finsh_set_prompt_mode                    0x0800b085   Thumb Code    42  shell.o(.text)
    finsh_set_device                         0x0800b10d   Thumb Code   156  shell.o(.text)
    finsh_get_device                         0x0800b1a9   Thumb Code    28  shell.o(.text)
    finsh_set_echo                           0x0800b1c5   Thumb Code    42  shell.o(.text)
    finsh_get_echo                           0x0800b1ef   Thumb Code    32  shell.o(.text)
    finsh_thread_entry                       0x0800b331   Thumb Code  1414  shell.o(.text)
    finsh_system_function_init               0x0800b8b7   Thumb Code    10  shell.o(.text)
    finsh_system_var_init                    0x0800b8c1   Thumb Code    10  shell.o(.text)
    finsh_system_init                        0x0800b8cb   Thumb Code   102  shell.o(.text)
    hello                                    0x0800b989   Thumb Code    12  cmd.o(.text)
    version                                  0x0800b995   Thumb Code    10  cmd.o(.text)
    list_thread                              0x0800ba51   Thumb Code   294  cmd.o(.text)
    list_sem                                 0x0800bb9f   Thumb Code   216  cmd.o(.text)
    list_event                               0x0800bc77   Thumb Code   204  cmd.o(.text)
    list_mutex                               0x0800bd43   Thumb Code   610  cmd.o(.text)
    list_mailbox                             0x0800bfa5   Thumb Code   226  cmd.o(.text)
    list_msgqueue                            0x0800c087   Thumb Code   216  cmd.o(.text)
    list_memheap                             0x0800c15f   Thumb Code   158  cmd.o(.text)
    list_mempool                             0x0800c1fd   Thumb Code   210  cmd.o(.text)
    list_timer                               0x0800c2cf   Thumb Code   862  cmd.o(.text)
    list_device                              0x0800c62d   Thumb Code   172  cmd.o(.text)
    list                                     0x0800c6d9   Thumb Code    54  cmd.o(.text)
    msh_is_used                              0x0800c821   Thumb Code     4  msh.o(.text)
    msh_help                                 0x0800c825   Thumb Code    66  msh.o(.text)
    msh_exec                                 0x0800ca05   Thumb Code    82  msh.o(.text)
    msh_auto_complete                        0x0800ca77   Thumb Code   138  msh.o(.text)
    cmd_ps                                   0x0800cb89   Thumb Code    14  msh_cmd.o(.text)
    cmd_time                                 0x0800cb97   Thumb Code     6  msh_cmd.o(.text)
    cmd_free                                 0x0800cb9d   Thumb Code    14  msh_cmd.o(.text)
    libc_system_init                         0x0800cbab   Thumb Code     4  libc.o(.text)
    __aeabi_llsr                             0x0800cbaf   Thumb Code    32  llushr.o(.text)
    _ll_ushift_r                             0x0800cbaf   Thumb Code     0  llushr.o(.text)
    __aeabi_memcpy                           0x0800cbcf   Thumb Code    36  memcpya.o(.text)
    __aeabi_memcpy4                          0x0800cbcf   Thumb Code     0  memcpya.o(.text)
    __aeabi_memcpy8                          0x0800cbcf   Thumb Code     0  memcpya.o(.text)
    __aeabi_memset                           0x0800cbf3   Thumb Code    14  memseta.o(.text)
    __aeabi_memset4                          0x0800cbf3   Thumb Code     0  memseta.o(.text)
    __aeabi_memset8                          0x0800cbf3   Thumb Code     0  memseta.o(.text)
    __aeabi_memclr                           0x0800cc01   Thumb Code     4  memseta.o(.text)
    __aeabi_memclr4                          0x0800cc01   Thumb Code     0  memseta.o(.text)
    __aeabi_memclr8                          0x0800cc01   Thumb Code     0  memseta.o(.text)
    _memset$wrapper                          0x0800cc05   Thumb Code    18  memseta.o(.text)
    strcat                                   0x0800cc17   Thumb Code    24  strcat.o(.text)
    strncpy                                  0x0800cc2f   Thumb Code    24  strncpy.o(.text)
    strlen                                   0x0800cc47   Thumb Code    14  strlen.o(.text)
    memcmp                                   0x0800cc55   Thumb Code    26  memcmp.o(.text)
    strcpy                                   0x0800cc6f   Thumb Code    18  strcpy.o(.text)
    strncmp                                  0x0800cc81   Thumb Code    30  strncmp.o(.text)
    __aeabi_fmul                             0x0800cc9f   Thumb Code   100  fmul.o(.text)
    __aeabi_f2iz                             0x0800cd03   Thumb Code    50  ffixi.o(.text)
    __aeabi_d2f                              0x0800cd35   Thumb Code    56  d2f.o(.text)
    __strtod_int                             0x0800cda3   Thumb Code    90  strtod.o(.text)
    __I$use$fp                               0x0800ce09   Thumb Code     0  iusefp.o(.text)
    _float_round                             0x0800ce09   Thumb Code    18  fepilogue.o(.text)
    _float_epilogue                          0x0800ce1b   Thumb Code    92  fepilogue.o(.text)
    __scatterload                            0x0800ce79   Thumb Code    28  init.o(.text)
    __scatterload_rt2                        0x0800ce79   Thumb Code     0  init.o(.text)
    isspace                                  0x0800ce9d   Thumb Code    10  isspace_c.o(.text)
    _scanf_real                              0x0800cfd1   Thumb Code     0  scanf_fp.o(.text)
    _scanf_really_real                       0x0800cfd1   Thumb Code   556  scanf_fp.o(.text)
    _sgetc                                   0x0800d209   Thumb Code    30  _sgetc.o(.text)
    _sbackspace                              0x0800d227   Thumb Code    34  _sgetc.o(.text)
    __ctype_lookup                           0x0800d249   Thumb Code    34  ctype_c.o(.text)
    __aeabi_dmul                             0x0800d271   Thumb Code   228  dmul.o(.text)
    __aeabi_ddiv                             0x0800d355   Thumb Code   222  ddiv.o(.text)
    __aeabi_ul2d                             0x0800d433   Thumb Code    24  dfltul.o(.text)
    _double_round                            0x0800d44b   Thumb Code    30  depilogue.o(.text)
    _double_epilogue                         0x0800d469   Thumb Code   156  depilogue.o(.text)
    __aeabi_llsl                             0x0800d505   Thumb Code    30  llshl.o(.text)
    _ll_shift_l                              0x0800d505   Thumb Code     0  llshl.o(.text)
    __decompress                             0x0800d523   Thumb Code     0  __dczerorl2.o(.text)
    __decompress1                            0x0800d523   Thumb Code    86  __dczerorl2.o(.text)
    __read_errno                             0x0800d579   Thumb Code     6  errno.o(i.__read_errno)
    __scatterload_copy                       0x0800d585   Thumb Code    14  handlers.o(i.__scatterload_copy)
    __scatterload_null                       0x0800d593   Thumb Code     2  handlers.o(i.__scatterload_null)
    __scatterload_zeroinit                   0x0800d595   Thumb Code    14  handlers.o(i.__scatterload_zeroinit)
    __set_errno                              0x0800d5a5   Thumb Code     6  errno.o(i.__set_errno)
    _is_digit                                0x0800d5b1   Thumb Code    14  scanf_fp.o(i._is_digit)
    atof                                     0x0800d5bf   Thumb Code    42  atof.o(i.atof)
    __lowest_bit_bitmap                      0x0800d8d2   Data         256  kservice.o(.constdata)
    AHBPrescTable                            0x0800ddc0   Data          16  system_stm32f1xx.o(.constdata)
    APBPrescTable                            0x0800ddd0   Data           8  system_stm32f1xx.o(.constdata)
    __ctype_categories                       0x0800e0fe   Data          64  ctype_c.o(.constdata)
    __fsym_list_mem_name                     0x0800e529   Data           9  mem.o(.rodata.name)
    __fsym_list_mem_desc                     0x0800e532   Data          30  mem.o(.rodata.name)
    __fsym___cmd_readSouart3_name            0x0800e550   Data          18  main.o(.rodata.name)
    __fsym___cmd_readSouart3_desc            0x0800e562   Data          17  main.o(.rodata.name)
    __fsym___cmd_readCouart3_name            0x0800e573   Data          18  main.o(.rodata.name)
    __fsym___cmd_readCouart3_desc            0x0800e585   Data          17  main.o(.rodata.name)
    __fsym_pinMode_name                      0x0800e596   Data           8  pin.o(.rodata.name)
    __fsym_pinMode_desc                      0x0800e59e   Data          22  pin.o(.rodata.name)
    __fsym_pinWrite_name                     0x0800e5b4   Data           9  pin.o(.rodata.name)
    __fsym_pinWrite_desc                     0x0800e5bd   Data          28  pin.o(.rodata.name)
    __fsym_pinRead_name                      0x0800e5d9   Data           8  pin.o(.rodata.name)
    __fsym_pinRead_desc                      0x0800e5e1   Data          30  pin.o(.rodata.name)
    __fsym_hello_name                        0x0800e5ff   Data           6  cmd.o(.rodata.name)
    __fsym_hello_desc                        0x0800e605   Data          16  cmd.o(.rodata.name)
    __fsym_version_name                      0x0800e615   Data           8  cmd.o(.rodata.name)
    __fsym_version_desc                      0x0800e61d   Data          35  cmd.o(.rodata.name)
    __fsym___cmd_version_name                0x0800e640   Data          14  cmd.o(.rodata.name)
    __fsym___cmd_version_desc                0x0800e64e   Data          35  cmd.o(.rodata.name)
    __fsym_list_thread_name                  0x0800e671   Data          12  cmd.o(.rodata.name)
    __fsym_list_thread_desc                  0x0800e67d   Data          12  cmd.o(.rodata.name)
    __fsym___cmd_list_thread_name            0x0800e689   Data          18  cmd.o(.rodata.name)
    __fsym___cmd_list_thread_desc            0x0800e69b   Data          12  cmd.o(.rodata.name)
    __fsym_list_sem_name                     0x0800e6a7   Data           9  cmd.o(.rodata.name)
    __fsym_list_sem_desc                     0x0800e6b0   Data          25  cmd.o(.rodata.name)
    __fsym___cmd_list_sem_name               0x0800e6c9   Data          15  cmd.o(.rodata.name)
    __fsym___cmd_list_sem_desc               0x0800e6d8   Data          25  cmd.o(.rodata.name)
    __fsym_list_event_name                   0x0800e6f1   Data          11  cmd.o(.rodata.name)
    __fsym_list_event_desc                   0x0800e6fc   Data          21  cmd.o(.rodata.name)
    __fsym___cmd_list_event_name             0x0800e711   Data          17  cmd.o(.rodata.name)
    __fsym___cmd_list_event_desc             0x0800e722   Data          21  cmd.o(.rodata.name)
    __fsym_list_mutex_name                   0x0800e737   Data          11  cmd.o(.rodata.name)
    __fsym_list_mutex_desc                   0x0800e742   Data          21  cmd.o(.rodata.name)
    __fsym___cmd_list_mutex_name             0x0800e757   Data          17  cmd.o(.rodata.name)
    __fsym___cmd_list_mutex_desc             0x0800e768   Data          21  cmd.o(.rodata.name)
    __fsym_list_mailbox_name                 0x0800e77d   Data          13  cmd.o(.rodata.name)
    __fsym_list_mailbox_desc                 0x0800e78a   Data          24  cmd.o(.rodata.name)
    __fsym___cmd_list_mailbox_name           0x0800e7a2   Data          19  cmd.o(.rodata.name)
    __fsym___cmd_list_mailbox_desc           0x0800e7b5   Data          24  cmd.o(.rodata.name)
    __fsym_list_msgqueue_name                0x0800e7cd   Data          14  cmd.o(.rodata.name)
    __fsym_list_msgqueue_desc                0x0800e7db   Data          29  cmd.o(.rodata.name)
    __fsym___cmd_list_msgqueue_name          0x0800e7f8   Data          20  cmd.o(.rodata.name)
    __fsym___cmd_list_msgqueue_desc          0x0800e80c   Data          29  cmd.o(.rodata.name)
    __fsym_list_memheap_name                 0x0800e829   Data          13  cmd.o(.rodata.name)
    __fsym_list_memheap_desc                 0x0800e836   Data          27  cmd.o(.rodata.name)
    __fsym___cmd_list_memheap_name           0x0800e851   Data          19  cmd.o(.rodata.name)
    __fsym___cmd_list_memheap_desc           0x0800e864   Data          27  cmd.o(.rodata.name)
    __fsym_list_mempool_name                 0x0800e87f   Data          13  cmd.o(.rodata.name)
    __fsym_list_mempool_desc                 0x0800e88c   Data          27  cmd.o(.rodata.name)
    __fsym___cmd_list_mempool_name           0x0800e8a7   Data          19  cmd.o(.rodata.name)
    __fsym___cmd_list_mempool_desc           0x0800e8ba   Data          27  cmd.o(.rodata.name)
    __fsym_list_timer_name                   0x0800e8d5   Data          11  cmd.o(.rodata.name)
    __fsym_list_timer_desc                   0x0800e8e0   Data          21  cmd.o(.rodata.name)
    __fsym___cmd_list_timer_name             0x0800e8f5   Data          17  cmd.o(.rodata.name)
    __fsym___cmd_list_timer_desc             0x0800e906   Data          21  cmd.o(.rodata.name)
    __fsym_list_device_name                  0x0800e91b   Data          12  cmd.o(.rodata.name)
    __fsym_list_device_desc                  0x0800e927   Data          22  cmd.o(.rodata.name)
    __fsym___cmd_list_device_name            0x0800e93d   Data          18  cmd.o(.rodata.name)
    __fsym___cmd_list_device_desc            0x0800e94f   Data          22  cmd.o(.rodata.name)
    __fsym_list_name                         0x0800e965   Data           5  cmd.o(.rodata.name)
    __fsym_list_desc                         0x0800e96a   Data          26  cmd.o(.rodata.name)
    __fsym___cmd_help_name                   0x0800e984   Data          11  msh.o(.rodata.name)
    __fsym___cmd_help_desc                   0x0800e98f   Data          22  msh.o(.rodata.name)
    __fsym___cmd_ps_name                     0x0800e9a5   Data           9  msh_cmd.o(.rodata.name)
    __fsym___cmd_ps_desc                     0x0800e9ae   Data          28  msh_cmd.o(.rodata.name)
    __fsym___cmd_time_name                   0x0800e9ca   Data          11  msh_cmd.o(.rodata.name)
    __fsym___cmd_time_desc                   0x0800e9d5   Data          27  msh_cmd.o(.rodata.name)
    __fsym___cmd_free_name                   0x0800e9f0   Data          11  msh_cmd.o(.rodata.name)
    __fsym___cmd_free_desc                   0x0800e9fb   Data          37  msh_cmd.o(.rodata.name)
    __rt_init_rti_start                      0x0800ea20   Data           4  components.o(.rti_fn.0)
    __rt_init_rti_board_start                0x0800ea24   Data           4  components.o(.rti_fn.0.end)
    __rt_init_rt_hw_pin_init                 0x0800ea28   Data           4  drv_gpio.o(.rti_fn.1)
    __rt_init_rt_hw_usart_init               0x0800ea2c   Data           4  drv_usart.o(.rti_fn.1)
    __rt_init_rti_board_end                  0x0800ea30   Data           4  components.o(.rti_fn.1.end)
    __rt_init_libc_system_init               0x0800ea34   Data           4  libc.o(.rti_fn.4)
    __rt_init_finsh_system_init              0x0800ea38   Data           4  shell.o(.rti_fn.6)
    __rt_init_rti_end                        0x0800ea3c   Data           4  components.o(.rti_fn.6.end)
    FSymTab$$Base                            0x0800ea40   Number         0  mem.o(FSymTab)
    __fsym_list_mem                          0x0800ea40   Data          12  mem.o(FSymTab)
    __fsym___cmd_readSouart3                 0x0800ea4c   Data          12  main.o(FSymTab)
    __fsym___cmd_readCouart3                 0x0800ea58   Data          12  main.o(FSymTab)
    __fsym_pinMode                           0x0800ea64   Data          12  pin.o(FSymTab)
    __fsym_pinWrite                          0x0800ea70   Data          12  pin.o(FSymTab)
    __fsym_pinRead                           0x0800ea7c   Data          12  pin.o(FSymTab)
    __fsym_hello                             0x0800ea88   Data          12  cmd.o(FSymTab)
    __fsym_version                           0x0800ea94   Data          12  cmd.o(FSymTab)
    __fsym___cmd_version                     0x0800eaa0   Data          12  cmd.o(FSymTab)
    __fsym_list_thread                       0x0800eaac   Data          12  cmd.o(FSymTab)
    __fsym___cmd_list_thread                 0x0800eab8   Data          12  cmd.o(FSymTab)
    __fsym_list_sem                          0x0800eac4   Data          12  cmd.o(FSymTab)
    __fsym___cmd_list_sem                    0x0800ead0   Data          12  cmd.o(FSymTab)
    __fsym_list_event                        0x0800eadc   Data          12  cmd.o(FSymTab)
    __fsym___cmd_list_event                  0x0800eae8   Data          12  cmd.o(FSymTab)
    __fsym_list_mutex                        0x0800eaf4   Data          12  cmd.o(FSymTab)
    __fsym___cmd_list_mutex                  0x0800eb00   Data          12  cmd.o(FSymTab)
    __fsym_list_mailbox                      0x0800eb0c   Data          12  cmd.o(FSymTab)
    __fsym___cmd_list_mailbox                0x0800eb18   Data          12  cmd.o(FSymTab)
    __fsym_list_msgqueue                     0x0800eb24   Data          12  cmd.o(FSymTab)
    __fsym___cmd_list_msgqueue               0x0800eb30   Data          12  cmd.o(FSymTab)
    __fsym_list_memheap                      0x0800eb3c   Data          12  cmd.o(FSymTab)
    __fsym___cmd_list_memheap                0x0800eb48   Data          12  cmd.o(FSymTab)
    __fsym_list_mempool                      0x0800eb54   Data          12  cmd.o(FSymTab)
    __fsym___cmd_list_mempool                0x0800eb60   Data          12  cmd.o(FSymTab)
    __fsym_list_timer                        0x0800eb6c   Data          12  cmd.o(FSymTab)
    __fsym___cmd_list_timer                  0x0800eb78   Data          12  cmd.o(FSymTab)
    __fsym_list_device                       0x0800eb84   Data          12  cmd.o(FSymTab)
    __fsym___cmd_list_device                 0x0800eb90   Data          12  cmd.o(FSymTab)
    __fsym_list                              0x0800eb9c   Data          12  cmd.o(FSymTab)
    __fsym___cmd_help                        0x0800eba8   Data          12  msh.o(FSymTab)
    __fsym___cmd_ps                          0x0800ebb4   Data          12  msh_cmd.o(FSymTab)
    __fsym___cmd_time                        0x0800ebc0   Data          12  msh_cmd.o(FSymTab)
    __fsym___cmd_free                        0x0800ebcc   Data          12  msh_cmd.o(FSymTab)
    FSymTab$$Limit                           0x0800ebd8   Number         0  msh_cmd.o(FSymTab)
    Region$$Table$$Base                      0x0800ebd8   Number         0  anon$$obj.o(Region$$Table)
    Region$$Table$$Limit                     0x0800ebf8   Number         0  anon$$obj.o(Region$$Table)
    rt_interrupt_nest                        0x2000000c   Data           1  irq.o(.data)
    rt_assert_hook                           0x20000018   Data           4  kservice.o(.data)
    rt_object_trytake_hook                   0x200000e4   Data           4  object.o(.data)
    rt_object_take_hook                      0x200000e8   Data           4  object.o(.data)
    rt_object_put_hook                       0x200000ec   Data           4  object.o(.data)
    rt_thread_ready_priority_group           0x200000f0   Data           4  scheduler.o(.data)
    rt_current_thread                        0x200000f8   Data           4  scheduler.o(.data)
    rt_current_priority                      0x200000fc   Data           1  scheduler.o(.data)
    rt_thread_defunct                        0x20000100   Data           8  scheduler.o(.data)
    myuart3                                  0x20000134   Data           4  main.o(.data)
    pin_irq_hdr_tab                          0x20000138   Data         192  drv_gpio.o(.data)
    uart1                                    0x200001f8   Data          68  drv_usart.o(.data)
    uart2                                    0x2000023c   Data          68  drv_usart.o(.data)
    uart3                                    0x20000280   Data          68  drv_usart.o(.data)
    uart4                                    0x200002c4   Data          68  drv_usart.o(.data)
    uart5                                    0x20000308   Data          68  drv_usart.o(.data)
    SystemCoreClock                          0x2000034c   Data           4  system_stm32f1xx.o(.data)
    uwTick                                   0x20000350   Data           4  stm32f1xx_hal.o(.data)
    rt_interrupt_from_thread                 0x20000354   Data           4  cpuport.o(.data)
    rt_interrupt_to_thread                   0x20000358   Data           4  cpuport.o(.data)
    rt_thread_switch_interrupt_flag          0x2000035c   Data           4  cpuport.o(.data)
    shell                                    0x20000364   Data           4  shell.o(.data)
    _syscall_table_begin                     0x2000036c   Data           4  symbol.o(.data)
    _syscall_table_end                       0x20000370   Data           4  symbol.o(.data)
    _sysvar_table_begin                      0x20000374   Data           4  symbol.o(.data)
    _sysvar_table_end                        0x20000378   Data           4  symbol.o(.data)
    rt_thread_priority_table                 0x200005b0   Data         256  scheduler.o(.bss)
    rt_led_thread                            0x200006b0   Data         128  main.o(.bss)
    rt_sensor_thread                         0x20000730   Data         128  main.o(.bss)
    serial1                                  0x200007d0   Data         104  drv_usart.o(.bss)
    serial2                                  0x20000838   Data         104  drv_usart.o(.bss)
    serial3                                  0x200008a0   Data         104  drv_usart.o(.bss)
    serial4                                  0x20000908   Data         104  drv_usart.o(.bss)
    serial5                                  0x20000970   Data         104  drv_usart.o(.bss)
    Image$$RW_IRAM1$$ZI$$Limit               0x20000ea0   Number         0  anon$$obj.o ABSOLUTE
    __initial_sp                             0x20000ea0   Data           0  startup_stm32f103xe.o(STACK)



==============================================================================

Memory Map of the image

  Image Entry point : 0x08000131

  Load Region LR_IROM1 (Base: 0x08000000, Size: 0x0000ef78, Max: 0x00080000, ABSOLUTE, COMPRESSED[0x0000ec84])

    Execution Region ER_IROM1 (Exec base: 0x08000000, Load base: 0x08000000, Size: 0x0000ebf8, Max: 0x00080000, ABSOLUTE)

    Exec Addr    Load Addr    Size         Type   Attr      Idx    E Section Name        Object

    0x08000000   0x08000000   0x00000130   Data   RO         1572    RESET               startup_stm32f103xe.o
    0x08000130   0x08000130   0x00000000   Code   RO         1986  * .ARM.Collect$$$$00000000  mc_w.l(entry.o)
    0x08000130   0x08000130   0x00000004   Code   RO         2017    .ARM.Collect$$$$00000001  mc_w.l(entry2.o)
    0x08000134   0x08000134   0x00000004   Code   RO         2020    .ARM.Collect$$$$00000004  mc_w.l(entry5.o)
    0x08000138   0x08000138   0x00000000   Code   RO         2022    .ARM.Collect$$$$00000008  mc_w.l(entry7b.o)
    0x08000138   0x08000138   0x00000000   Code   RO         2024    .ARM.Collect$$$$0000000A  mc_w.l(entry8b.o)
    0x08000138   0x08000138   0x00000008   Code   RO         2025    .ARM.Collect$$$$0000000B  mc_w.l(entry9a.o)
    0x08000140   0x08000140   0x00000000   Code   RO         2027    .ARM.Collect$$$$0000000D  mc_w.l(entry10a.o)
    0x08000140   0x08000140   0x00000000   Code   RO         2029    .ARM.Collect$$$$0000000F  mc_w.l(entry11a.o)
    0x08000140   0x08000140   0x00000004   Code   RO         2018    .ARM.Collect$$$$00002712  mc_w.l(entry2.o)
    0x08000144   0x08000144   0x0000006c   Code   RO            1    .text               clock.o
    0x080001b0   0x080001b0   0x000000d8   Code   RO           82    .text               components.o
    0x08000288   0x08000288   0x0000052c   Code   RO          107    .text               device.o
    0x080007b4   0x080007b4   0x000001f4   Code   RO          120    .text               idle.o
    0x080009a8   0x080009a8   0x00001c08   Code   RO          139    .text               ipc.o
    0x080025b0   0x080025b0   0x0000008c   Code   RO          157    .text               irq.o
    0x0800263c   0x0800263c   0x00000ac4   Code   RO          172    .text               kservice.o
    0x08003100   0x08003100   0x000008b8   Code   RO          192    .text               mem.o
    0x080039b8   0x080039b8   0x00000374   Code   RO          260    .text               object.o
    0x08003d2c   0x08003d2c   0x0000038c   Code   RO          279    .text               scheduler.o
    0x080040b8   0x080040b8   0x000007d4   Code   RO          315    .text               thread.o
    0x0800488c   0x0800488c   0x000005bc   Code   RO          335    .text               timer.o
    0x08004e48   0x08004e48   0x0000001e   Code   RO          354    .text               led.o
    0x08004e66   0x08004e66   0x00000002   PAD
    0x08004e68   0x08004e68   0x0000030c   Code   RO          402    .text               main.o
    0x08005174   0x08005174   0x00000234   Code   RO          430    .text               board.o
    0x080053a8   0x080053a8   0x00000010   Code   RO          538    .text               stm32f1xx_it.o
    0x080053b8   0x080053b8   0x00000614   Code   RO          565    .text               drv_gpio.o
    0x080059cc   0x080059cc   0x00000718   Code   RO          594    .text               drv_usart.o
    0x080060e4   0x080060e4   0x000000f4   Code   RO          631    .text               system_stm32f1xx.o
    0x080061d8   0x080061d8   0x000004e8   Code   RO          698    .text               stm32f1xx_hal_gpio.o
    0x080066c0   0x080066c0   0x00000ee4   Code   RO          798    .text               stm32f1xx_hal_dma.o
    0x080075a4   0x080075a4   0x000002c4   Code   RO          822    .text               stm32f1xx_hal_cortex.o
    0x08007868   0x08007868   0x000008a8   Code   RO          952    .text               stm32f1xx_hal_rcc.o
    0x08008110   0x08008110   0x0000120a   Code   RO         1138    .text               stm32f1xx_hal_uart.o
    0x0800931a   0x0800931a   0x00000002   PAD
    0x0800931c   0x0800931c   0x0000015c   Code   RO         1204    .text               stm32f1xx_hal.o
    0x08009478   0x08009478   0x00000024   Code   RO         1573    .text               startup_stm32f103xe.o
    0x0800949c   0x0800949c   0x000005e0   Code   RO         1611    .text               cpuport.o
    0x08009a7c   0x08009a7c   0x000000f4   Code   RO         1627    .text               context_rvds.o
    0x08009b70   0x08009b70   0x00000250   Code   RO         1631    .text               pin.o
    0x08009dc0   0x08009dc0   0x00000c20   Code   RO         1649    .text               serial.o
    0x0800a9e0   0x0800a9e0   0x000001cc   Code   RO         1665    .text               completion.o
    0x0800abac   0x0800abac   0x00000424   Code   RO         1681    .text               dataqueue.o
    0x0800afd0   0x0800afd0   0x000009a4   Code   RO         1777    .text               shell.o
    0x0800b974   0x0800b974   0x00000eac   Code   RO         1818    .text               cmd.o
    0x0800c820   0x0800c820   0x00000368   Code   RO         1839    .text               msh.o
    0x0800cb88   0x0800cb88   0x00000022   Code   RO         1856    .text               msh_cmd.o
    0x0800cbaa   0x0800cbaa   0x00000004   Code   RO         1878    .text               libc.o
    0x0800cbae   0x0800cbae   0x00000020   Code   RO         1989    .text               mc_w.l(llushr.o)
    0x0800cbce   0x0800cbce   0x00000024   Code   RO         1991    .text               mc_w.l(memcpya.o)
    0x0800cbf2   0x0800cbf2   0x00000024   Code   RO         1993    .text               mc_w.l(memseta.o)
    0x0800cc16   0x0800cc16   0x00000018   Code   RO         1995    .text               mc_w.l(strcat.o)
    0x0800cc2e   0x0800cc2e   0x00000018   Code   RO         1997    .text               mc_w.l(strncpy.o)
    0x0800cc46   0x0800cc46   0x0000000e   Code   RO         1999    .text               mc_w.l(strlen.o)
    0x0800cc54   0x0800cc54   0x0000001a   Code   RO         2003    .text               mc_w.l(memcmp.o)
    0x0800cc6e   0x0800cc6e   0x00000012   Code   RO         2005    .text               mc_w.l(strcpy.o)
    0x0800cc80   0x0800cc80   0x0000001e   Code   RO         2007    .text               mc_w.l(strncmp.o)
    0x0800cc9e   0x0800cc9e   0x00000064   Code   RO         2011    .text               mf_w.l(fmul.o)
    0x0800cd02   0x0800cd02   0x00000032   Code   RO         2013    .text               mf_w.l(ffixi.o)
    0x0800cd34   0x0800cd34   0x00000038   Code   RO         2015    .text               mf_w.l(d2f.o)
    0x0800cd6c   0x0800cd6c   0x0000009c   Code   RO         2038    .text               mc_w.l(strtod.o)
    0x0800ce08   0x0800ce08   0x00000000   Code   RO         2040    .text               mc_w.l(iusefp.o)
    0x0800ce08   0x0800ce08   0x0000006e   Code   RO         2041    .text               mf_w.l(fepilogue.o)
    0x0800ce76   0x0800ce76   0x00000002   PAD
    0x0800ce78   0x0800ce78   0x00000024   Code   RO         2043    .text               mc_w.l(init.o)
    0x0800ce9c   0x0800ce9c   0x0000000a   Code   RO         2045    .text               mc_w.l(isspace_c.o)
    0x0800cea6   0x0800cea6   0x00000002   PAD
    0x0800cea8   0x0800cea8   0x00000360   Code   RO         2047    .text               mc_w.l(scanf_fp.o)
    0x0800d208   0x0800d208   0x00000040   Code   RO         2051    .text               mc_w.l(_sgetc.o)
    0x0800d248   0x0800d248   0x00000028   Code   RO         2053    .text               mc_w.l(ctype_c.o)
    0x0800d270   0x0800d270   0x000000e4   Code   RO         2056    .text               mf_w.l(dmul.o)
    0x0800d354   0x0800d354   0x000000de   Code   RO         2058    .text               mf_w.l(ddiv.o)
    0x0800d432   0x0800d432   0x00000018   Code   RO         2060    .text               mf_w.l(dfltul.o)
    0x0800d44a   0x0800d44a   0x000000ba   Code   RO         2062    .text               mf_w.l(depilogue.o)
    0x0800d504   0x0800d504   0x0000001e   Code   RO         2064    .text               mc_w.l(llshl.o)
    0x0800d522   0x0800d522   0x00000056   Code   RO         2074    .text               mc_w.l(__dczerorl2.o)
    0x0800d578   0x0800d578   0x0000000c   Code   RO         2032    i.__read_errno      mc_w.l(errno.o)
    0x0800d584   0x0800d584   0x0000000e   Code   RO         2068    i.__scatterload_copy  mc_w.l(handlers.o)
    0x0800d592   0x0800d592   0x00000002   Code   RO         2069    i.__scatterload_null  mc_w.l(handlers.o)
    0x0800d594   0x0800d594   0x0000000e   Code   RO         2070    i.__scatterload_zeroinit  mc_w.l(handlers.o)
    0x0800d5a2   0x0800d5a2   0x00000002   PAD
    0x0800d5a4   0x0800d5a4   0x0000000c   Code   RO         2033    i.__set_errno       mc_w.l(errno.o)
    0x0800d5b0   0x0800d5b0   0x0000000e   Code   RO         2049    i._is_digit         mc_w.l(scanf_fp.o)
    0x0800d5be   0x0800d5be   0x0000002a   Code   RO         1983    i.atof              m_ws.l(atof.o)
    0x0800d5e8   0x0800d5e8   0x00000014   Data   RO           83    .constdata          components.o
    0x0800d5fc   0x0800d5fc   0x000000c9   Data   RO          108    .constdata          device.o
    0x0800d6c5   0x0800d6c5   0x00000016   Data   RO          122    .constdata          idle.o
    0x0800d6db   0x0800d6db   0x000001f7   Data   RO          140    .constdata          ipc.o
    0x0800d8d2   0x0800d8d2   0x00000122   Data   RO          174    .constdata          kservice.o
    0x0800d9f4   0x0800d9f4   0x0000003c   Data   RO          194    .constdata          mem.o
    0x0800da30   0x0800da30   0x00000080   Data   RO          261    .constdata          object.o
    0x0800dab0   0x0800dab0   0x0000004e   Data   RO          281    .constdata          scheduler.o
    0x0800dafe   0x0800dafe   0x000000b9   Data   RO          316    .constdata          thread.o
    0x0800dbb7   0x0800dbb7   0x0000005c   Data   RO          336    .constdata          timer.o
    0x0800dc13   0x0800dc13   0x00000013   Data   RO          431    .constdata          board.o
    0x0800dc26   0x0800dc26   0x00000002   PAD
    0x0800dc28   0x0800dc28   0x00000124   Data   RO          566    .constdata          drv_gpio.o
    0x0800dd4c   0x0800dd4c   0x00000004   PAD
    0x0800dd50   0x0800dd50   0x00000070   Data   RO          596    .constdata          drv_usart.o
    0x0800ddc0   0x0800ddc0   0x00000018   Data   RO          632    .constdata          system_stm32f1xx.o
    0x0800ddd8   0x0800ddd8   0x00000013   Data   RO         1612    .constdata          cpuport.o
    0x0800ddeb   0x0800ddeb   0x0000007d   Data   RO         1633    .constdata          pin.o
    0x0800de68   0x0800de68   0x0000012a   Data   RO         1650    .constdata          serial.o
    0x0800df92   0x0800df92   0x00000039   Data   RO         1666    .constdata          completion.o
    0x0800dfcb   0x0800dfcb   0x0000004b   Data   RO         1682    .constdata          dataqueue.o
    0x0800e016   0x0800e016   0x00000087   Data   RO         1779    .constdata          shell.o
    0x0800e09d   0x0800e09d   0x00000003   PAD
    0x0800e0a0   0x0800e0a0   0x00000050   Data   RO         1819    .constdata          cmd.o
    0x0800e0f0   0x0800e0f0   0x0000000e   Data   RO         1840    .constdata          msh.o
    0x0800e0fe   0x0800e0fe   0x00000040   Data   RO         2054    .constdata          mc_w.l(ctype_c.o)
    0x0800e13e   0x0800e13e   0x00000002   PAD
    0x0800e140   0x0800e140   0x0000015a   Data   RO          141    .conststring        ipc.o
    0x0800e29a   0x0800e29a   0x00000002   PAD
    0x0800e29c   0x0800e29c   0x000000eb   Data   RO          195    .conststring        mem.o
    0x0800e387   0x0800e387   0x00000001   PAD
    0x0800e388   0x0800e388   0x00000042   Data   RO          317    .conststring        thread.o
    0x0800e3ca   0x0800e3ca   0x00000002   PAD
    0x0800e3cc   0x0800e3cc   0x0000015d   Data   RO         1820    .conststring        cmd.o
    0x0800e529   0x0800e529   0x00000027   Data   RO          197    .rodata.name        mem.o
    0x0800e550   0x0800e550   0x00000046   Data   RO          405    .rodata.name        main.o
    0x0800e596   0x0800e596   0x00000069   Data   RO         1634    .rodata.name        pin.o
    0x0800e5ff   0x0800e5ff   0x00000385   Data   RO         1821    .rodata.name        cmd.o
    0x0800e984   0x0800e984   0x00000021   Data   RO         1841    .rodata.name        msh.o
    0x0800e9a5   0x0800e9a5   0x0000007b   Data   RO         1857    .rodata.name        msh_cmd.o
    0x0800ea20   0x0800ea20   0x00000004   Data   RO           84    .rti_fn.0           components.o
    0x0800ea24   0x0800ea24   0x00000004   Data   RO           85    .rti_fn.0.end       components.o
    0x0800ea28   0x0800ea28   0x00000004   Data   RO          568    .rti_fn.1           drv_gpio.o
    0x0800ea2c   0x0800ea2c   0x00000004   Data   RO          598    .rti_fn.1           drv_usart.o
    0x0800ea30   0x0800ea30   0x00000004   Data   RO           86    .rti_fn.1.end       components.o
    0x0800ea34   0x0800ea34   0x00000004   Data   RO         1879    .rti_fn.4           libc.o
    0x0800ea38   0x0800ea38   0x00000004   Data   RO         1781    .rti_fn.6           shell.o
    0x0800ea3c   0x0800ea3c   0x00000004   Data   RO           87    .rti_fn.6.end       components.o
    0x0800ea40   0x0800ea40   0x0000000c   Data   RO          198    FSymTab             mem.o
    0x0800ea4c   0x0800ea4c   0x00000018   Data   RO          406    FSymTab             main.o
    0x0800ea64   0x0800ea64   0x00000024   Data   RO         1635    FSymTab             pin.o
    0x0800ea88   0x0800ea88   0x00000120   Data   RO         1822    FSymTab             cmd.o
    0x0800eba8   0x0800eba8   0x0000000c   Data   RO         1842    FSymTab             msh.o
    0x0800ebb4   0x0800ebb4   0x00000024   Data   RO         1858    FSymTab             msh_cmd.o
    0x0800ebd8   0x0800ebd8   0x00000020   Data   RO         2066    Region$$Table       anon$$obj.o


    Execution Region RW_IRAM1 (Exec base: 0x20000000, Load base: 0x0800ebf8, Size: 0x00000ea0, Max: 0x00010000, ABSOLUTE, COMPRESSED[0x0000008c])

    Exec Addr    Load Addr    Size         Type   Attr      Idx    E Section Name        Object

    0x20000000   COMPRESSED   0x00000004   Data   RW            2    .data               clock.o
    0x20000004   COMPRESSED   0x00000009   Data   RW          158    .data               irq.o
    0x2000000d   COMPRESSED   0x00000003   PAD
    0x20000010   COMPRESSED   0x0000000c   Data   RW          175    .data               kservice.o
    0x2000001c   COMPRESSED   0x00000020   Data   RW          196    .data               mem.o
    0x2000003c   COMPRESSED   0x000000b4   Data   RW          262    .data               object.o
    0x200000f0   COMPRESSED   0x0000001c   Data   RW          282    .data               scheduler.o
    0x2000010c   COMPRESSED   0x0000000c   Data   RW          318    .data               thread.o
    0x20000118   COMPRESSED   0x00000014   Data   RW          337    .data               timer.o
    0x2000012c   COMPRESSED   0x0000000c   Data   RW          404    .data               main.o
    0x20000138   COMPRESSED   0x000000c0   Data   RW          567    .data               drv_gpio.o
    0x200001f8   COMPRESSED   0x00000154   Data   RW          597    .data               drv_usart.o
    0x2000034c   COMPRESSED   0x00000004   Data   RW          633    .data               system_stm32f1xx.o
    0x20000350   COMPRESSED   0x00000004   Data   RW         1205    .data               stm32f1xx_hal.o
    0x20000354   COMPRESSED   0x00000010   Data   RW         1613    .data               cpuport.o
    0x20000364   COMPRESSED   0x00000008   Data   RW         1780    .data               shell.o
    0x2000036c   COMPRESSED   0x00000010   Data   RW         1802    .data               symbol.o
    0x2000037c   COMPRESSED   0x00000004   Data   RW         2034    .data               mc_w.l(errno.o)
    0x20000380        -       0x00000190   Zero   RW          121    .bss                idle.o
    0x20000510        -       0x00000080   Zero   RW          173    .bss                kservice.o
    0x20000590        -       0x00000020   Zero   RW          193    .bss                mem.o
    0x200005b0        -       0x00000100   Zero   RW          280    .bss                scheduler.o
    0x200006b0        -       0x00000120   Zero   RW          403    .bss                main.o
    0x200007d0        -       0x00000208   Zero   RW          595    .bss                drv_usart.o
    0x200009d8        -       0x00000044   Zero   RW         1632    .bss                pin.o
    0x20000a1c        -       0x00000081   Zero   RW         1778    .bss                shell.o
    0x20000a9d   COMPRESSED   0x00000003   PAD
    0x20000aa0        -       0x00000400   Zero   RW         1570    STACK               startup_stm32f103xe.o


==============================================================================

Image component sizes


      Code (inc. data)   RO Data    RW Data    ZI Data      Debug   Object Name

       564         56         19          0          0     446395   board.o
       108          4          0          4          0      17742   clock.o
      3756       1346       1618          0          0      16395   cmd.o
       460        128         57          0          0       4727   completion.o
       216         42         36          0          0       2494   components.o
       244         26          0          0          0        748   context_rvds.o
      1504        720         19         16          0       4015   cpuport.o
      1060        116         75          0          0       4777   dataqueue.o
      1324        312        201          0          0       5606   device.o
      1556         98        296        192          0       7017   drv_gpio.o
      1816        224        116        340        520      27301   drv_usart.o
       500         76         22          0        400       5528   idle.o
      7176       1040        849          0          0      22331   ipc.o
       140         14          0          9          0       1784   irq.o
      2756        232        290         12        128      12240   kservice.o
        30          0          0          0          0       5211   led.o
         4          0          4          0          0       1208   libc.o
       780        198         94         12        288       2782   main.o
      2232        634        346         32         32       5271   mem.o
       872        136         59          0          0       4224   msh.o
        34          0        159          0          0       2179   msh_cmd.o
       884        184        128        180          0       8243   object.o
       592         94        266          0         68       4982   pin.o
       908        150         78         28        256       6957   scheduler.o
      3104        410        298          0          0       9713   serial.o
      2468        238        139          8        129       6606   shell.o
        36          8        304          0       1024        864   startup_stm32f103xe.o
       348         30          0          4          0       4015   stm32f1xx_hal.o
       708         22          0          0          0      27226   stm32f1xx_hal_cortex.o
      3812         40          0          0          0       6601   stm32f1xx_hal_dma.o
      1256         42          0          0          0       3867   stm32f1xx_hal_gpio.o
      2216         94          0          0          0       5243   stm32f1xx_hal_rcc.o
      4618         46          0          0          0      15844   stm32f1xx_hal_uart.o
        16          0          0          0          0        801   stm32f1xx_it.o
         0          0          0         16          0       5045   symbol.o
       244         32         24          4          0       1637   system_stm32f1xx.o
      2004        434        251         12          0      10317   thread.o
      1468        276         92         20          0       8891   timer.o

    ----------------------------------------------------------------------
     51818       7502       5886        892       2848     726827   Object Totals
         0          0         32          0          0          0   (incl. Generated)
         4          0         14          3          3          0   (incl. Padding)

    ----------------------------------------------------------------------

      Code (inc. data)   RO Data    RW Data    ZI Data      Debug   Library Member Name

        42          0          0          0          0         84   atof.o
        86          0          0          0          0          0   __dczerorl2.o
        64          0          0          0          0         84   _sgetc.o
        40          6         64          0          0         68   ctype_c.o
         0          0          0          0          0          0   entry.o
         0          0          0          0          0          0   entry10a.o
         0          0          0          0          0          0   entry11a.o
         8          4          0          0          0          0   entry2.o
         4          0          0          0          0          0   entry5.o
         0          0          0          0          0          0   entry7b.o
         0          0          0          0          0          0   entry8b.o
         8          4          0          0          0          0   entry9a.o
        24         12          0          4          0        136   errno.o
        30          0          0          0          0          0   handlers.o
        36          8          0          0          0         68   init.o
        10          0          0          0          0         68   isspace_c.o
         0          0          0          0          0          0   iusefp.o
        30          0          0          0          0         68   llshl.o
        32          0          0          0          0         68   llushr.o
        26          0          0          0          0         80   memcmp.o
        36          0          0          0          0         68   memcpya.o
        36          0          0          0          0        108   memseta.o
       878         12          0          0          0        216   scanf_fp.o
        24          0          0          0          0         68   strcat.o
        18          0          0          0          0         68   strcpy.o
        14          0          0          0          0         68   strlen.o
        30          0          0          0          0         80   strncmp.o
        24          0          0          0          0         76   strncpy.o
       156         12          0          0          0        120   strtod.o
        56          0          0          0          0         88   d2f.o
       222          0          0          0          0        100   ddiv.o
       186          0          0          0          0        176   depilogue.o
        24          0          0          0          0         76   dfltul.o
       228          0          0          0          0         96   dmul.o
       110          0          0          0          0        168   fepilogue.o
        50          0          0          0          0         68   ffixi.o
       100          0          0          0          0         76   fmul.o

    ----------------------------------------------------------------------
      2638         58         66          4          0       2444   Library Totals
         6          0          2          0          0          0   (incl. Padding)

    ----------------------------------------------------------------------

      Code (inc. data)   RO Data    RW Data    ZI Data      Debug   Library Name

        42          0          0          0          0         84   m_ws.l
      1614         58         64          4          0       1512   mc_w.l
       976          0          0          0          0        848   mf_w.l

    ----------------------------------------------------------------------
      2638         58         66          4          0       2444   Library Totals

    ----------------------------------------------------------------------

==============================================================================


      Code (inc. data)   RO Data    RW Data    ZI Data      Debug   

     54456       7560       5952        896       2848     724719   Grand Totals
     54456       7560       5952        140       2848     724719   ELF Image Totals (compressed)
     54456       7560       5952        140          0          0   ROM Totals

==============================================================================

    Total RO  Size (Code + RO Data)                60408 (  58.99kB)
    Total RW  Size (RW Data + ZI Data)              3744 (   3.66kB)
    Total ROM Size (Code + RO Data + RW Data)      60548 (  59.13kB)

==============================================================================

