Component: ARM Compiler 5.06 update 6 (build 750) Tool: armlink [4d35ed]

==============================================================================

Section Cross References

    clock.o(.text) refers to context_rvds.o(.text) for rt_hw_interrupt_disable
    clock.o(.text) refers to thread.o(.text) for rt_thread_self
    clock.o(.text) refers to timer.o(.text) for rt_timer_check
    clock.o(.text) refers to clock.o(.data) for rt_tick
    components.o(.text) refers to main.o(.text) for $Super$$main
    components.o(.text) refers to thread.o(.text) for rt_thread_create
    components.o(.text) refers to kservice.o(.text) for rt_assert_handler
    components.o(.text) refers to context_rvds.o(.text) for rt_hw_interrupt_disable
    components.o(.text) refers to board.o(.text) for rt_hw_board_init
    components.o(.text) refers to timer.o(.text) for rt_system_timer_init
    components.o(.text) refers to scheduler.o(.text) for rt_system_scheduler_init
    components.o(.text) refers to idle.o(.text) for rt_thread_idle_init
    components.o(.text) refers to components.o(.rti_fn.0.end) for __rt_init_rti_board_start
    components.o(.text) refers to components.o(.rti_fn.1.end) for __rt_init_rti_board_end
    components.o(.text) refers to components.o(.rti_fn.6.end) for __rt_init_rti_end
    components.o(.text) refers to components.o(.constdata) for __FUNCTION__
    components.o(.rti_fn.0) refers to components.o(.text) for rti_start
    components.o(.rti_fn.0.end) refers to components.o(.text) for rti_board_start
    components.o(.rti_fn.1.end) refers to components.o(.text) for rti_board_end
    components.o(.rti_fn.6.end) refers to components.o(.text) for rti_end
    device.o(.text) refers to thread.o(.text) for rt_thread_self
    device.o(.text) refers to scheduler.o(.text) for rt_enter_critical
    device.o(.text) refers to object.o(.text) for rt_object_get_information
    device.o(.text) refers to kservice.o(.text) for rt_assert_handler
    device.o(.text) refers to mem.o(.text) for rt_malloc
    device.o(.text) refers to device.o(.constdata) for __FUNCTION__
    idle.o(.text) refers to context_rvds.o(.text) for rt_hw_interrupt_disable
    idle.o(.text) refers to irq.o(.text) for rt_interrupt_get_nest
    idle.o(.text) refers to kservice.o(.text) for rt_kprintf
    idle.o(.text) refers to scheduler.o(.text) for rt_enter_critical
    idle.o(.text) refers to object.o(.text) for rt_object_is_systemobject
    idle.o(.text) refers to mem.o(.text) for rt_free
    idle.o(.text) refers to thread.o(.text) for rt_thread_init
    idle.o(.text) refers to idle.o(.bss) for idle_hook_list
    idle.o(.text) refers to idle.o(.constdata) for __FUNCTION__
    idle.o(.text) refers to scheduler.o(.data) for rt_thread_defunct
    ipc.o(.text) refers to thread.o(.text) for rt_thread_suspend
    ipc.o(.text) refers to context_rvds.o(.text) for rt_hw_interrupt_disable
    ipc.o(.text) refers to kservice.o(.text) for rt_assert_handler
    ipc.o(.text) refers to object.o(.text) for rt_object_init
    ipc.o(.text) refers to irq.o(.text) for rt_interrupt_get_nest
    ipc.o(.text) refers to timer.o(.text) for rt_timer_control
    ipc.o(.text) refers to scheduler.o(.text) for rt_schedule
    ipc.o(.text) refers to ipc.o(.constdata) for __FUNCTION__
    ipc.o(.text) refers to ipc.o(.conststring) for .conststring
    ipc.o(.text) refers to object.o(.data) for rt_object_trytake_hook
    ipc.o(.text) refers to mem.o(.text) for rt_malloc
    ipc.o(.text) refers to clock.o(.text) for rt_tick_get
    irq.o(.text) refers to context_rvds.o(.text) for rt_hw_interrupt_disable
    irq.o(.text) refers to irq.o(.data) for rt_interrupt_enter_hook
    kservice.o(.text) refers to irq.o(.text) for rt_interrupt_get_nest
    kservice.o(.text) refers to thread.o(.text) for rt_thread_self
    kservice.o(.text) refers to mem.o(.text) for rt_malloc
    kservice.o(.text) refers to kservice.o(.data) for __rt_errno
    kservice.o(.text) refers to kservice.o(.constdata) for large_digits
    kservice.o(.text) refers to device.o(.text) for rt_device_write
    kservice.o(.text) refers to kservice.o(.bss) for rt_log_buf
    mem.o(.text) refers to kservice.o(.text) for rt_assert_handler
    mem.o(.text) refers to context_rvds.o(.text) for rt_hw_interrupt_disable
    mem.o(.text) refers to irq.o(.text) for rt_interrupt_get_nest
    mem.o(.text) refers to ipc.o(.text) for rt_sem_init
    mem.o(.text) refers to mem.o(.data) for rt_malloc_hook
    mem.o(.text) refers to mem.o(.constdata) for __FUNCTION__
    mem.o(.text) refers to mem.o(.bss) for heap_sem
    mem.o(.text) refers to mem.o(.conststring) for .conststring
    mem.o(FSymTab) refers to mem.o(.rodata.name) for __fsym_list_mem_name
    mem.o(FSymTab) refers to mem.o(.text) for list_mem
    memheap.o(.text) refers to kservice.o(.text) for rt_assert_handler
    memheap.o(.text) refers to object.o(.text) for rt_object_init
    memheap.o(.text) refers to ipc.o(.text) for rt_sem_init
[...]
    list_mem                                 0x0800387d   Thumb Code    34  mem.o(.text)
    rt_object_attach_sethook                 0x080039d9   Thumb Code     6  object.o(.text)
    rt_object_detach_sethook                 0x080039df   Thumb Code     6  object.o(.text)
    rt_object_trytake_sethook                0x080039e5   Thumb Code     6  object.o(.text)
    rt_object_take_sethook                   0x080039eb   Thumb Code     6  object.o(.text)
    rt_object_put_sethook                    0x080039f1   Thumb Code     6  object.o(.text)
    rt_system_object_init                    0x080039f7   Thumb Code     2  object.o(.text)
    rt_object_get_information                0x080039f9   Thumb Code    36  object.o(.text)
    rt_object_init                           0x08003a1d   Thumb Code    90  object.o(.text)
    rt_object_detach                         0x08003a77   Thumb Code    62  object.o(.text)
    rt_object_allocate                       0x08003ab5   Thumb Code   158  object.o(.text)
    rt_object_delete                         0x08003b53   Thumb Code    88  object.o(.text)
    rt_object_is_systemobject                0x08003bab   Thumb Code    34  object.o(.text)
    rt_object_get_type                       0x08003bcd   Thumb Code    26  object.o(.text)
    rt_object_find                           0x08003be7   Thumb Code   142  object.o(.text)
    rt_scheduler_sethook                     0x08003d2d   Thumb Code     6  scheduler.o(.text)
    rt_system_scheduler_init                 0x08003dab   Thumb Code    46  scheduler.o(.text)
    rt_schedule_remove_thread                0x08003dd9   Thumb Code    94  scheduler.o(.text)
    rt_system_scheduler_start                0x08003e37   Thumb Code    36  scheduler.o(.text)
    rt_schedule_insert_thread                0x08003e5b   Thumb Code   118  scheduler.o(.text)
    rt_schedule                              0x08003ed1   Thumb Code   242  scheduler.o(.text)
    rt_enter_critical                        0x08003fc3   Thumb Code    28  scheduler.o(.text)
    rt_exit_critical                         0x08003fdf   Thumb Code    54  scheduler.o(.text)
    rt_critical_level                        0x08004015   Thumb Code     8  scheduler.o(.text)
    rt_thread_suspend_sethook                0x080040d9   Thumb Code     6  thread.o(.text)
    rt_thread_resume_sethook                 0x080040df   Thumb Code     6  thread.o(.text)
    rt_thread_inited_sethook                 0x080040e5   Thumb Code     6  thread.o(.text)
    rt_thread_self                           0x080040eb   Thumb Code     6  thread.o(.text)
    rt_thread_exit                           0x080040f1   Thumb Code    78  thread.o(.text)
    rt_thread_timeout                        0x0800413f   Thumb Code    92  thread.o(.text)
    rt_thread_init                           0x0800423b   Thumb Code    74  thread.o(.text)
    rt_thread_resume                         0x08004285   Thumb Code   122  thread.o(.text)
    rt_thread_startup                        0x080042ff   Thumb Code   110  thread.o(.text)
    rt_thread_detach                         0x0800436d   Thumb Code   126  thread.o(.text)
    rt_thread_create                         0x080043eb   Thumb Code    80  thread.o(.text)
    rt_thread_delete                         0x0800443b   Thumb Code   116  thread.o(.text)
    rt_thread_yield                          0x080044af   Thumb Code   366  thread.o(.text)
    rt_thread_suspend                        0x0800461d   Thumb Code   160  thread.o(.text)
    rt_thread_sleep                          0x080046bd   Thumb Code   102  thread.o(.text)
    rt_thread_delay                          0x08004723   Thumb Code    12  thread.o(.text)
    rt_thread_mdelay                         0x0800472f   Thumb Code    20  thread.o(.text)
    rt_thread_control                        0x08004743   Thumb Code   156  thread.o(.text)
    rt_thread_find                           0x080047df   Thumb Code    96  thread.o(.text)
    rt_timer_enter_sethook                   0x0800489b   Thumb Code     6  timer.o(.text)
    rt_timer_exit_sethook                    0x080048a1   Thumb Code     6  timer.o(.text)
    rt_timer_init                            0x08004933   Thumb Code    58  timer.o(.text)
    rt_timer_detach                          0x0800496d   Thumb Code    82  timer.o(.text)
    rt_timer_create                          0x080049bf   Thumb Code    54  timer.o(.text)
    rt_timer_delete                          0x080049f5   Thumb Code    88  timer.o(.text)
    rt_timer_start                           0x08004a4d   Thumb Code   314  timer.o(.text)
    rt_timer_stop                            0x08004b87   Thumb Code   102  timer.o(.text)
    rt_timer_control                         0x08004bed   Thumb Code    98  timer.o(.text)
    rt_timer_check                           0x08004c4f   Thumb Code   438  timer.o(.text)
    rt_timer_next_timeout_tick               0x08004e05   Thumb Code    10  timer.o(.text)
    rt_system_timer_init                     0x08004e0f   Thumb Code    24  timer.o(.text)
    rt_system_timer_thread_init              0x08004e27   Thumb Code     2  timer.o(.text)
    led_init                                 0x08004e49   Thumb Code    30  led.o(.text)
    PrintUserData                            0x08004e69   Thumb Code   300  main.o(.text)
    uart_input3                              0x08004feb   Thumb Code    16  main.o(.text)
    readCouart3                              0x08004ffb   Thumb Code   202  main.o(.text)
    $Super$$main                             0x08005245   Thumb Code   494  main.o(.text)
    print_rt_data                            0x08005433   Thumb Code    84  main.o(.text)
    reboot                                   0x08005487   Thumb Code    64  main.o(.text)
    HAL_MspInit                              0x08005615   Thumb Code   140  board.o(.text)
    SystemClock_Config                       0x080056a1   Thumb Code   186  board.o(.text)
    HAL_Delay                                0x0800577d   Thumb Code    16  board.o(.text)
    HAL_GetTick                              0x0800578d   Thumb Code    24  board.o(.text)
    HAL_SuspendTick                          0x080057a5   Thumb Code     2  board.o(.text)
    HAL_ResumeTick                           0x080057a7   Thumb Code     2  board.o(.text)
    SysTick_Handler                          0x080057a9   Thumb Code    20  board.o(.text)
    rt_hw_board_init                         0x080057bd   Thumb Code    30  board.o(.text)
    rt_hw_us_delay                           0x080057db   Thumb Code    54  board.o(.text)
    NMI_Handler                              0x08005849   Thumb Code     2  stm32f1xx_it.o(.text)
    MemManage_Handler                        0x0800584b   Thumb Code     4  stm32f1xx_it.o(.text)
    BusFault_Handler                         0x0800584f   Thumb Code     4  stm32f1xx_it.o(.text)
    UsageFault_Handler                       0x08005853   Thumb Code     4  stm32f1xx_it.o(.text)
    DebugMon_Handler                         0x08005857   Thumb Code     2  stm32f1xx_it.o(.text)
    stm32_pin_write                          0x080059b5   Thumb Code    56  drv_gpio.o(.text)
    stm32_pin_read                           0x080059ed   Thumb Code    52  drv_gpio.o(.text)
    stm32_pin_mode                           0x08005a21   Thumb Code   118  drv_gpio.o(.text)
    stm32_pin_attach_irq                     0x08005a97   Thumb Code   212  drv_gpio.o(.text)
    stm32_pin_detach_irq                     0x08005b6b   Thumb Code   134  drv_gpio.o(.text)
    stm32_pin_irq_enable                     0x08005bf1   Thumb Code   304  drv_gpio.o(.text)
    rt_hw_pin_init                           0x08005d21   Thumb Code    18  drv_gpio.o(.text)
    HAL_GPIO_EXTI_Callback                   0x08005d33   Thumb Code    12  drv_gpio.o(.text)
    EXTI0_IRQHandler                         0x08005d3f   Thumb Code    18  drv_gpio.o(.text)
    EXTI1_IRQHandler                         0x08005d51   Thumb Code    18  drv_gpio.o(.text)
    EXTI2_IRQHandler                         0x08005d63   Thumb Code    18  drv_gpio.o(.text)
    EXTI3_IRQHandler                         0x08005d75   Thumb Code    18  drv_gpio.o(.text)
    EXTI4_IRQHandler                         0x08005d87   Thumb Code    18  drv_gpio.o(.text)
    EXTI9_5_IRQHandler                       0x08005d99   Thumb Code    46  drv_gpio.o(.text)
    EXTI15_10_IRQHandler                     0x08005dc7   Thumb Code    60  drv_gpio.o(.text)
    USART1_IRQHandler                        0x0800602f   Thumb Code    18  drv_usart.o(.text)
    USART2_IRQHandler                        0x08006041   Thumb Code    18  drv_usart.o(.text)
    USART3_IRQHandler                        0x08006053   Thumb Code    18  drv_usart.o(.text)
    UART4_IRQHandler                         0x08006065   Thumb Code    18  drv_usart.o(.text)
    UART5_IRQHandler                         0x08006077   Thumb Code    18  drv_usart.o(.text)
    rt_hw_usart_init                         0x08006089   Thumb Code   220  drv_usart.o(.text)
    HAL_UART_MspInit                         0x08006165   Thumb Code   816  drv_usart.o(.text)
    HAL_UART_MspDeInit                       0x08006495   Thumb Code   198  drv_usart.o(.text)
    drv_i2c_init                             0x08006689   Thumb Code    34  drv_i2c.o(.text)
    SystemInit                               0x080066cd   Thumb Code    70  system_stm32f1xx.o(.text)
    SystemCoreClockUpdate                    0x08006713   Thumb Code   142  system_stm32f1xx.o(.text)
    HAL_GPIO_Init                            0x080067c1   Thumb Code   790  stm32f1xx_hal_gpio.o(.text)
    HAL_GPIO_DeInit                          0x08006ad7   Thumb Code   312  stm32f1xx_hal_gpio.o(.text)
    HAL_GPIO_ReadPin                         0x08006c0f   Thumb Code    16  stm32f1xx_hal_gpio.o(.text)
    HAL_GPIO_WritePin                        0x08006c1f   Thumb Code    12  stm32f1xx_hal_gpio.o(.text)
    HAL_GPIO_TogglePin                       0x08006c2b   Thumb Code     8  stm32f1xx_hal_gpio.o(.text)
    HAL_GPIO_LockPin                         0x08006c33   Thumb Code    46  stm32f1xx_hal_gpio.o(.text)
    HAL_GPIO_EXTI_IRQHandler                 0x08006c63   Thumb Code    28  stm32f1xx_hal_gpio.o(.text)
    HAL_DMA_Init                             0x08006ca9   Thumb Code   140  stm32f1xx_hal_dma.o(.text)
    HAL_DMA_DeInit                           0x08006d35   Thumb Code   124  stm32f1xx_hal_dma.o(.text)
    HAL_DMA_Start                            0x08006ddd   Thumb Code   114  stm32f1xx_hal_dma.o(.text)
    HAL_DMA_Start_IT                         0x08006e4f   Thumb Code   156  stm32f1xx_hal_dma.o(.text)
    HAL_DMA_Abort                            0x08006eeb   Thumb Code    58  stm32f1xx_hal_dma.o(.text)
    HAL_DMA_Abort_IT                         0x08006f25   Thumb Code   422  stm32f1xx_hal_dma.o(.text)
    HAL_DMA_PollForTransfer                  0x080070cb   Thumb Code  1614  stm32f1xx_hal_dma.o(.text)
    HAL_DMA_IRQHandler                       0x08007719   Thumb Code   922  stm32f1xx_hal_dma.o(.text)
    HAL_DMA_RegisterCallback                 0x08007ab3   Thumb Code    90  stm32f1xx_hal_dma.o(.text)
    HAL_DMA_UnRegisterCallback               0x08007b0d   Thumb Code   106  stm32f1xx_hal_dma.o(.text)
    HAL_DMA_GetState                         0x08007b77   Thumb Code     8  stm32f1xx_hal_dma.o(.text)
    HAL_DMA_GetError                         0x08007b7f   Thumb Code     6  stm32f1xx_hal_dma.o(.text)
    HAL_NVIC_SetPriorityGrouping             0x08007bad   Thumb Code    36  stm32f1xx_hal_cortex.o(.text)
    HAL_NVIC_SetPriority                     0x08007bd1   Thumb Code   124  stm32f1xx_hal_cortex.o(.text)
    HAL_NVIC_EnableIRQ                       0x08007c4d   Thumb Code    26  stm32f1xx_hal_cortex.o(.text)
    HAL_NVIC_DisableIRQ                      0x08007c67   Thumb Code    22  stm32f1xx_hal_cortex.o(.text)
    HAL_NVIC_SystemReset                     0x08007c7d   Thumb Code    64  stm32f1xx_hal_cortex.o(.text)
    HAL_SYSTICK_Config                       0x08007cbd   Thumb Code    52  stm32f1xx_hal_cortex.o(.text)
    HAL_NVIC_GetPriorityGrouping             0x08007cf1   Thumb Code     8  stm32f1xx_hal_cortex.o(.text)
    HAL_NVIC_GetPriority                     0x08007cf9   Thumb Code   138  stm32f1xx_hal_cortex.o(.text)
    HAL_NVIC_SetPendingIRQ                   0x08007d83   Thumb Code    24  stm32f1xx_hal_cortex.o(.text)
    HAL_NVIC_GetPendingIRQ                   0x08007d9b   Thumb Code    38  stm32f1xx_hal_cortex.o(.text)
    HAL_NVIC_ClearPendingIRQ                 0x08007dc1   Thumb Code    22  stm32f1xx_hal_cortex.o(.text)
    HAL_NVIC_GetActive                       0x08007dd7   Thumb Code    38  stm32f1xx_hal_cortex.o(.text)
    HAL_SYSTICK_CLKSourceConfig              0x08007dfd   Thumb Code    40  stm32f1xx_hal_cortex.o(.text)
    HAL_SYSTICK_Callback                     0x08007e25   Thumb Code     2  stm32f1xx_hal_cortex.o(.text)
    HAL_SYSTICK_IRQHandler                   0x08007e27   Thumb Code     8  stm32f1xx_hal_cortex.o(.text)
    HAL_RCC_DeInit                           0x08007e51   Thumb Code    64  stm32f1xx_hal_rcc.o(.text)
    HAL_RCC_OscConfig                        0x08007eb5   Thumb Code  1090  stm32f1xx_hal_rcc.o(.text)
    HAL_RCC_GetSysClockFreq                  0x080082f7   Thumb Code   118  stm32f1xx_hal_rcc.o(.text)
    HAL_RCC_ClockConfig                      0x0800836d   Thumb Code   402  stm32f1xx_hal_rcc.o(.text)
    HAL_RCC_MCOConfig                        0x080084ff   Thumb Code    92  stm32f1xx_hal_rcc.o(.text)
    HAL_RCC_EnableCSS                        0x0800855b   Thumb Code     8  stm32f1xx_hal_rcc.o(.text)
    HAL_RCC_DisableCSS                       0x08008563   Thumb Code     8  stm32f1xx_hal_rcc.o(.text)
    HAL_RCC_GetHCLKFreq                      0x0800856b   Thumb Code     6  stm32f1xx_hal_rcc.o(.text)
    HAL_RCC_GetPCLK1Freq                     0x08008571   Thumb Code    22  stm32f1xx_hal_rcc.o(.text)
    HAL_RCC_GetPCLK2Freq                     0x08008587   Thumb Code    22  stm32f1xx_hal_rcc.o(.text)
    HAL_RCC_GetOscConfig                     0x0800859d   Thumb Code   254  stm32f1xx_hal_rcc.o(.text)
    HAL_RCC_GetClockConfig                   0x0800869b   Thumb Code    58  stm32f1xx_hal_rcc.o(.text)
    HAL_RCC_CSSCallback                      0x080086d5   Thumb Code     2  stm32f1xx_hal_rcc.o(.text)
    HAL_RCC_NMI_IRQHandler                   0x080086d7   Thumb Code    26  stm32f1xx_hal_rcc.o(.text)
    HAL_UART_Init                            0x080088bd   Thumb Code   114  stm32f1xx_hal_uart.o(.text)
    HAL_HalfDuplex_Init                      0x0800892f   Thumb Code   118  stm32f1xx_hal_uart.o(.text)
    HAL_LIN_Init                             0x080089a5   Thumb Code   134  stm32f1xx_hal_uart.o(.text)
    HAL_MultiProcessor_Init                  0x08008a2b   Thumb Code   138  stm32f1xx_hal_uart.o(.text)
    HAL_UART_DeInit                          0x08008ab7   Thumb Code    46  stm32f1xx_hal_uart.o(.text)
    HAL_UART_Transmit                        0x08008b55   Thumb Code   214  stm32f1xx_hal_uart.o(.text)
    HAL_UART_Receive                         0x08008c2b   Thumb Code   222  stm32f1xx_hal_uart.o(.text)
    HAL_UART_Transmit_IT                     0x08008d09   Thumb Code    88  stm32f1xx_hal_uart.o(.text)
    HAL_UART_Receive_IT                      0x08008d61   Thumb Code   112  stm32f1xx_hal_uart.o(.text)
    HAL_UART_ErrorCallback                   0x08008dd1   Thumb Code     2  stm32f1xx_hal_uart.o(.text)
    HAL_UART_TxHalfCpltCallback              0x08008e57   Thumb Code     2  stm32f1xx_hal_uart.o(.text)
    HAL_UART_TxCpltCallback                  0x08008e67   Thumb Code     2  stm32f1xx_hal_uart.o(.text)
    HAL_UART_Transmit_DMA                    0x08008e9f   Thumb Code   142  stm32f1xx_hal_uart.o(.text)
    HAL_UART_RxHalfCpltCallback              0x08008f2d   Thumb Code     2  stm32f1xx_hal_uart.o(.text)
    HAL_UART_RxCpltCallback                  0x08008f3d   Thumb Code     2  stm32f1xx_hal_uart.o(.text)
    HAL_UART_Receive_DMA                     0x08008f85   Thumb Code   182  stm32f1xx_hal_uart.o(.text)
    HAL_UART_DMAPause                        0x0800903b   Thumb Code   124  stm32f1xx_hal_uart.o(.text)
    HAL_UART_DMAResume                       0x080090b7   Thumb Code   126  stm32f1xx_hal_uart.o(.text)
    HAL_UART_DMAStop                         0x08009135   Thumb Code   102  stm32f1xx_hal_uart.o(.text)
    HAL_UART_Abort                           0x0800919b   Thumb Code   126  stm32f1xx_hal_uart.o(.text)
    HAL_UART_AbortTransmit                   0x08009219   Thumb Code    68  stm32f1xx_hal_uart.o(.text)
    HAL_UART_AbortReceive                    0x0800925d   Thumb Code    80  stm32f1xx_hal_uart.o(.text)
    HAL_UART_AbortCpltCallback               0x080092ad   Thumb Code     2  stm32f1xx_hal_uart.o(.text)
    HAL_UART_Abort_IT                        0x0800932d   Thumb Code   208  stm32f1xx_hal_uart.o(.text)
    HAL_UART_AbortTransmitCpltCallback       0x080093fd   Thumb Code     2  stm32f1xx_hal_uart.o(.text)
    HAL_UART_AbortTransmit_IT                0x08009417   Thumb Code   102  stm32f1xx_hal_uart.o(.text)
    HAL_UART_AbortReceiveCpltCallback        0x0800947d   Thumb Code     2  stm32f1xx_hal_uart.o(.text)
    HAL_UART_AbortReceive_IT                 0x08009497   Thumb Code   114  stm32f1xx_hal_uart.o(.text)
    HAL_UART_IRQHandler                      0x0800964b   Thumb Code   348  stm32f1xx_hal_uart.o(.text)
    HAL_LIN_SendBreak                        0x080097a7   Thumb Code    62  stm32f1xx_hal_uart.o(.text)
    HAL_MultiProcessor_EnterMuteMode         0x080097e5   Thumb Code    62  stm32f1xx_hal_uart.o(.text)
    HAL_MultiProcessor_ExitMuteMode          0x08009823   Thumb Code    62  stm32f1xx_hal_uart.o(.text)
    HAL_HalfDuplex_EnableTransmitter         0x08009861   Thumb Code    68  stm32f1xx_hal_uart.o(.text)
    HAL_HalfDuplex_EnableReceiver            0x080098a5   Thumb Code    68  stm32f1xx_hal_uart.o(.text)
    HAL_UART_GetState                        0x080098e9   Thumb Code    20  stm32f1xx_hal_uart.o(.text)
    HAL_UART_GetError                        0x080098fd   Thumb Code     6  stm32f1xx_hal_uart.o(.text)
    HAL_InitTick                             0x08009907   Thumb Code    36  stm32f1xx_hal.o(.text)
    HAL_Init                                 0x0800992b   Thumb Code    34  stm32f1xx_hal.o(.text)
    HAL_MspDeInit                            0x0800994d   Thumb Code     2  stm32f1xx_hal.o(.text)
    HAL_DeInit                               0x0800994f   Thumb Code    30  stm32f1xx_hal.o(.text)
    HAL_IncTick                              0x0800996d   Thumb Code    12  stm32f1xx_hal.o(.text)
    HAL_GetHalVersion                        0x080099c1   Thumb Code     4  stm32f1xx_hal.o(.text)
    HAL_GetREVID                             0x080099c5   Thumb Code     8  stm32f1xx_hal.o(.text)
    HAL_GetDEVID                             0x080099cd   Thumb Code    10  stm32f1xx_hal.o(.text)
    HAL_DBGMCU_EnableDBGSleepMode            0x080099d7   Thumb Code    14  stm32f1xx_hal.o(.text)
    HAL_DBGMCU_DisableDBGSleepMode           0x080099e5   Thumb Code    14  stm32f1xx_hal.o(.text)
    HAL_DBGMCU_EnableDBGStopMode             0x080099f3   Thumb Code    14  stm32f1xx_hal.o(.text)
    HAL_DBGMCU_DisableDBGStopMode            0x08009a01   Thumb Code    14  stm32f1xx_hal.o(.text)
    HAL_DBGMCU_EnableDBGStandbyMode          0x08009a0f   Thumb Code    14  stm32f1xx_hal.o(.text)
    HAL_DBGMCU_DisableDBGStandbyMode         0x08009a1d   Thumb Code    14  stm32f1xx_hal.o(.text)
    HAL_GetUID                               0x08009a2b   Thumb Code    24  stm32f1xx_hal.o(.text)
    Reset_Handler                            0x08009a61   Thumb Code     8  startup_stm32f103xe.o(.text)
    SVC_Handler                              0x08009a73   Thumb Code     2  startup_stm32f103xe.o(.text)
    ADC1_2_IRQHandler                        0x08009a7b   Thumb Code     0  startup_stm32f103xe.o(.text)
    ADC3_IRQHandler                          0x08009a7b   Thumb Code     0  startup_stm32f103xe.o(.text)
    CAN1_RX1_IRQHandler                      0x08009a7b   Thumb Code     0  startup_stm32f103xe.o(.text)
    CAN1_SCE_IRQHandler                      0x08009a7b   Thumb Code     0  startup_stm32f103xe.o(.text)
    DMA1_Channel1_IRQHandler                 0x08009a7b   Thumb Code     0  startup_stm32f103xe.o(.text)
    DMA1_Channel2_IRQHandler                 0x08009a7b   Thumb Code     0  startup_stm32f103xe.o(.text)
    DMA1_Channel3_IRQHandler                 0x08009a7b   Thumb Code     0  startup_stm32f103xe.o(.text)
    DMA1_Channel4_IRQHandler                 0x08009a7b   Thumb Code     0  startup_stm32f103xe.o(.text)
    DMA1_Channel5_IRQHandler                 0x08009a7b   Thumb Code     0  startup_stm32f103xe.o(.text)
    DMA1_Channel6_IRQHandler                 0x08009a7b   Thumb Code     0  startup_stm32f103xe.o(.text)
    DMA1_Channel7_IRQHandler                 0x08009a7b   Thumb Code     0  startup_stm32f103xe.o(.text)
    DMA2_Channel1_IRQHandler                 0x08009a7b   Thumb Code     0  startup_stm32f103xe.o(.text)
    DMA2_Channel2_IRQHandler                 0x08009a7b   Thumb Code     0  startup_stm32f103xe.o(.text)
    DMA2_Channel3_IRQHandler                 0x08009a7b   Thumb Code     0  startup_stm32f103xe.o(.text)
    DMA2_Channel4_5_IRQHandler               0x08009a7b   Thumb Code     0  startup_stm32f103xe.o(.text)
    FLASH_IRQHandler                         0x08009a7b   Thumb Code     0  startup_stm32f103xe.o(.text)
    FSMC_IRQHandler                          0x08009a7b   Thumb Code     0  startup_stm32f103xe.o(.text)
    I2C1_ER_IRQHandler                       0x08009a7b   Thumb Code     0  startup_stm32f103xe.o(.text)
    I2C1_EV_IRQHandler                       0x08009a7b   Thumb Code     0  startup_stm32f103xe.o(.text)
    I2C2_ER_IRQHandler                       0x08009a7b   Thumb Code     0  startup_stm32f103xe.o(.text)
    I2C2_EV_IRQHandler                       0x08009a7b   Thumb Code     0  startup_stm32f103xe.o(.text)
    PVD_IRQHandler                           0x08009a7b   Thumb Code     0  startup_stm32f103xe.o(.text)
    RCC_IRQHandler                           0x08009a7b   Thumb Code     0  startup_stm32f103xe.o(.text)
    RTC_Alarm_IRQHandler                     0x08009a7b   Thumb Code     0  startup_stm32f103xe.o(.text)
    RTC_IRQHandler                           0x08009a7b   Thumb Code     0  startup_stm32f103xe.o(.text)
    SDIO_IRQHandler                          0x08009a7b   Thumb Code     0  startup_stm32f103xe.o(.text)
    SPI1_IRQHandler                          0x08009a7b   Thumb Code     0  startup_stm32f103xe.o(.text)
    SPI2_IRQHandler                          0x08009a7b   Thumb Code     0  startup_stm32f103xe.o(.text)
    SPI3_IRQHandler                          0x08009a7b   Thumb Code     0  startup_stm32f103xe.o(.text)
    TAMPER_IRQHandler                        0x08009a7b   Thumb Code     0  startup_stm32f103xe.o(.text)
    TIM1_BRK_IRQHandler                      0x08009a7b   Thumb Code     0  startup_stm32f103xe.o(.text)
    TIM1_CC_IRQHandler                       0x08009a7b   Thumb Code     0  startup_stm32f103xe.o(.text)
    TIM1_TRG_COM_IRQHandler                  0x08009a7b   Thumb Code     0  startup_stm32f103xe.o(.text)
    TIM1_UP_IRQHandler                       0x08009a7b   Thumb Code     0  startup_stm32f103xe.o(.text)
    TIM2_IRQHandler                          0x08009a7b   Thumb Code     0  startup_stm32f103xe.o(.text)
    TIM3_IRQHandler                          0x08009a7b   Thumb Code     0  startup_stm32f103xe.o(.text)
    TIM4_IRQHandler                          0x08009a7b   Thumb Code     0  startup_stm32f103xe.o(.text)
    TIM5_IRQHandler                          0x08009a7b   Thumb Code     0  startup_stm32f103xe.o(.text)
    TIM6_IRQHandler                          0x08009a7b   Thumb Code     0  startup_stm32f103xe.o(.text)
    TIM7_IRQHandler                          0x08009a7b   Thumb Code     0  startup_stm32f103xe.o(.text)
    TIM8_BRK_IRQHandler                      0x08009a7b   Thumb Code     0  startup_stm32f103xe.o(.text)
    TIM8_CC_IRQHandler                       0x08009a7b   Thumb Code     0  startup_stm32f103xe.o(.text)
    TIM8_TRG_COM_IRQHandler                  0x08009a7b   Thumb Code     0  startup_stm32f103xe.o(.text)
    TIM8_UP_IRQHandler                       0x08009a7b   Thumb Code     0  startup_stm32f103xe.o(.text)
    USBWakeUp_IRQHandler                     0x08009a7b   Thumb Code     0  startup_stm32f103xe.o(.text)
    USB_HP_CAN1_TX_IRQHandler                0x08009a7b   Thumb Code     0  startup_stm32f103xe.o(.text)
    USB_LP_CAN1_RX0_IRQHandler               0x08009a7b   Thumb Code     0  startup_stm32f103xe.o(.text)
    WWDG_IRQHandler                          0x08009a7b   Thumb Code     0  startup_stm32f103xe.o(.text)
    rt_hw_stack_init                         0x08009a85   Thumb Code    70  cpuport.o(.text)
    rt_hw_exception_install                  0x08009acb   Thumb Code     6  cpuport.o(.text)
    rt_hw_hard_fault_exception               0x08009caf   Thumb Code   198  cpuport.o(.text)
    rt_hw_cpu_shutdown                       0x08009d75   Thumb Code    22  cpuport.o(.text)
    rt_hw_cpu_reset                          0x08009d8b   Thumb Code    10  cpuport.o(.text)
    rt_hw_interrupt_disable                  0x0800a065   Thumb Code     8  context_rvds.o(.text)
    rt_hw_interrupt_enable                   0x0800a06d   Thumb Code     6  context_rvds.o(.text)
    rt_hw_context_switch                     0x0800a073   Thumb Code    32  context_rvds.o(.text)
    rt_hw_context_switch_interrupt           0x0800a073   Thumb Code     0  context_rvds.o(.text)
    PendSV_Handler                           0x0800a093   Thumb Code    60  context_rvds.o(.text)
    rt_hw_context_switch_to                  0x0800a0cf   Thumb Code    58  context_rvds.o(.text)
    rt_hw_interrupt_thread_switch            0x0800a109   Thumb Code     2  context_rvds.o(.text)
    HardFault_Handler                        0x0800a10b   Thumb Code    52  context_rvds.o(.text)
    rt_i2c_bus_device_register               0x0800a159   Thumb Code    44  i2c_core.o(.text)
    rt_i2c_bus_device_find                   0x0800a185   Thumb Code    30  i2c_core.o(.text)
    rt_i2c_transfer                          0x0800a1a3   Thumb Code    60  i2c_core.o(.text)
    rt_i2c_master_send                       0x0800a1df   Thumb Code    66  i2c_core.o(.text)
    rt_i2c_master_recv                       0x0800a221   Thumb Code    90  i2c_core.o(.text)
    rt_i2c_core_init                         0x0800a27b   Thumb Code     4  i2c_core.o(.text)
    rt_i2c_bus_device_device_init            0x0800a3ad   Thumb Code    60  i2c_dev.o(.text)
    rt_i2c_bit_add_bus                       0x0800a853   Thumb Code    20  i2c-bit-ops.o(.text)
    rt_device_pin_register                   0x0800a939   Thumb Code    56  pin.o(.text)
    rt_pin_attach_irq                        0x0800a971   Thumb Code    60  pin.o(.text)
    rt_pin_detach_irq                        0x0800a9ad   Thumb Code    46  pin.o(.text)
    rt_pin_irq_enable                        0x0800a9db   Thumb Code    50  pin.o(.text)
    rt_pin_mode                              0x0800aa0d   Thumb Code    38  pin.o(.text)
    rt_pin_write                             0x0800aa33   Thumb Code    38  pin.o(.text)
    rt_pin_read                              0x0800aa59   Thumb Code    34  pin.o(.text)
    rt_hw_serial_register                    0x0800b333   Thumb Code    82  serial.o(.text)
    rt_hw_serial_isr                         0x0800b385   Thumb Code   470  serial.o(.text)
    rt_completion_init                       0x0800b6f9   Thumb Code    42  completion.o(.text)
    rt_completion_wait                       0x0800b723   Thumb Code   198  completion.o(.text)
    rt_completion_done                       0x0800b7e9   Thumb Code    76  completion.o(.text)
    rt_data_queue_init                       0x0800b8d3   Thumb Code    76  dataqueue.o(.text)
    rt_data_queue_push                       0x0800b91f   Thumb Code   282  dataqueue.o(.text)
    rt_data_queue_pop                        0x0800ba39   Thumb Code   342  dataqueue.o(.text)
    rt_data_queue_peak                       0x0800bb8f   Thumb Code   102  dataqueue.o(.text)
    rt_data_queue_reset                      0x0800bbf5   Thumb Code   106  dataqueue.o(.text)
    finsh_set_prompt                         0x0800bce9   Thumb Code    64  shell.o(.text)
    finsh_get_prompt                         0x0800bd29   Thumb Code    84  shell.o(.text)
    finsh_get_prompt_mode                    0x0800bd7d   Thumb Code    32  shell.o(.text)
    finsh_set_prompt_mode                    0x0800bd9d   Thumb Code    42  shell.o(.text)
    finsh_set_device                         0x0800be25   Thumb Code   156  shell.o(.text)
    finsh_get_device                         0x0800bec1   Thumb Code    28  shell.o(.text)
    finsh_set_echo                           0x0800bedd   Thumb Code    42  shell.o(.text)
    finsh_get_echo                           0x0800bf07   Thumb Code    32  shell.o(.text)
    finsh_run_line                           0x0800bf59   Thumb Code   164  shell.o(.text)
    finsh_thread_entry                       0x0800c1a9   Thumb Code  1356  shell.o(.text)
    finsh_system_function_init               0x0800c6f5   Thumb Code    10  shell.o(.text)
    finsh_system_var_init                    0x0800c6ff   Thumb Code    10  shell.o(.text)
    finsh_system_init                        0x0800c709   Thumb Code   110  shell.o(.text)
    hello                                    0x0800c7dd   Thumb Code    12  cmd.o(.text)
    version                                  0x0800c7e9   Thumb Code    10  cmd.o(.text)
    list_thread                              0x0800c8a5   Thumb Code   294  cmd.o(.text)
    list_sem                                 0x0800c9f3   Thumb Code   216  cmd.o(.text)
    list_event                               0x0800cacb   Thumb Code   204  cmd.o(.text)
    list_mutex                               0x0800cb97   Thumb Code   610  cmd.o(.text)
    list_mailbox                             0x0800cdf9   Thumb Code   226  cmd.o(.text)
    list_msgqueue                            0x0800cedb   Thumb Code   216  cmd.o(.text)
    list_memheap                             0x0800cfb3   Thumb Code   158  cmd.o(.text)
    list_mempool                             0x0800d051   Thumb Code   210  cmd.o(.text)
    list_timer                               0x0800d123   Thumb Code   862  cmd.o(.text)
    list_device                              0x0800d481   Thumb Code   172  cmd.o(.text)
    list                                     0x0800d52d   Thumb Code   126  cmd.o(.text)
    list_prefix                              0x0800d5ed   Thumb Code   434  cmd.o(.text)
    msh_is_used                              0x0800d905   Thumb Code     6  msh.o(.text)
    msh_help                                 0x0800d91f   Thumb Code    66  msh.o(.text)
    msh_exec                                 0x0800daff   Thumb Code    82  msh.o(.text)
    msh_auto_complete                        0x0800db71   Thumb Code   138  msh.o(.text)
    cmd_ps                                   0x0800dc89   Thumb Code    14  msh_cmd.o(.text)
    cmd_time                                 0x0800dc97   Thumb Code     6  msh_cmd.o(.text)
    cmd_free                                 0x0800dc9d   Thumb Code    14  msh_cmd.o(.text)
    finsh_compiler_run                       0x0800f45b   Thumb Code    88  finsh_compiler.o(.text)
    finsh_error_init                         0x0800f4c5   Thumb Code     8  finsh_error.o(.text)
    finsh_error_set                          0x0800f4cd   Thumb Code    10  finsh_error.o(.text)
    finsh_errno                              0x0800f4d7   Thumb Code     6  finsh_error.o(.text)
    finsh_error_string                       0x0800f4dd   Thumb Code    10  finsh_error.o(.text)
    finsh_heap_init                          0x0800f4f1   Thumb Code    36  finsh_heap.o(.text)
    finsh_heap_free                          0x0800f615   Thumb Code    34  finsh_heap.o(.text)
    finsh_heap_allocate                      0x0800f685   Thumb Code   106  finsh_heap.o(.text)
    finsh_init                               0x0800f701   Thumb Code    30  finsh_init.o(.text)
    finsh_stack_bottom                       0x0800f71f   Thumb Code     6  finsh_init.o(.text)
    finsh_flush                              0x0800f725   Thumb Code    22  finsh_init.o(.text)
    finsh_reset                              0x0800f73b   Thumb Code    24  finsh_init.o(.text)
    finsh_node_init                          0x0800f759   Thumb Code    16  finsh_node.o(.text)
    finsh_node_allocate                      0x0800f769   Thumb Code    56  finsh_node.o(.text)
    finsh_node_new_id                        0x0800f7a1   Thumb Code   118  finsh_node.o(.text)
    finsh_node_new_char                      0x0800f817   Thumb Code    30  finsh_node.o(.text)
    finsh_node_new_int                       0x0800f835   Thumb Code    30  finsh_node.o(.text)
    finsh_node_new_long                      0x0800f853   Thumb Code    30  finsh_node.o(.text)
    finsh_node_new_string                    0x0800f871   Thumb Code    74  finsh_node.o(.text)
    finsh_node_new_ptr                       0x0800f8bb   Thumb Code    30  finsh_node.o(.text)
    OP_no_op                                 0x0800f8dd   Thumb Code     2  finsh_ops.o(.text)
    OP_add_byte                              0x0800f8df   Thumb Code    42  finsh_ops.o(.text)
    OP_add_word                              0x0800f909   Thumb Code    44  finsh_ops.o(.text)
    OP_add_dword                             0x0800f935   Thumb Code    42  finsh_ops.o(.text)
    OP_sub_byte                              0x0800f95f   Thumb Code    42  finsh_ops.o(.text)
    OP_sub_word                              0x0800f989   Thumb Code    44  finsh_ops.o(.text)
    OP_sub_dword                             0x0800f9b5   Thumb Code    42  finsh_ops.o(.text)
    OP_div_byte                              0x0800f9df   Thumb Code    44  finsh_ops.o(.text)
    OP_div_word                              0x0800fa0b   Thumb Code    46  finsh_ops.o(.text)
    OP_div_dword                             0x0800fa39   Thumb Code    44  finsh_ops.o(.text)
    OP_mod_byte                              0x0800fa65   Thumb Code    48  finsh_ops.o(.text)
    OP_mod_word                              0x0800fa95   Thumb Code    48  finsh_ops.o(.text)
    OP_mod_dword                             0x0800fac5   Thumb Code    48  finsh_ops.o(.text)
    OP_mul_byte                              0x0800faf5   Thumb Code    42  finsh_ops.o(.text)
    OP_mul_word                              0x0800fb1f   Thumb Code    44  finsh_ops.o(.text)
    OP_mul_dword                             0x0800fb4b   Thumb Code    42  finsh_ops.o(.text)
    OP_and_byte                              0x0800fb75   Thumb Code    42  finsh_ops.o(.text)
    OP_and_word                              0x0800fb9f   Thumb Code    42  finsh_ops.o(.text)
    OP_and_dword                             0x0800fbc9   Thumb Code    42  finsh_ops.o(.text)
    OP_or_byte                               0x0800fbf3   Thumb Code    42  finsh_ops.o(.text)
    OP_or_word                               0x0800fc1d   Thumb Code    42  finsh_ops.o(.text)
    OP_or_dword                              0x0800fc47   Thumb Code    42  finsh_ops.o(.text)
    OP_xor_byte                              0x0800fc71   Thumb Code    42  finsh_ops.o(.text)
    OP_xor_word                              0x0800fc9b   Thumb Code    46  finsh_ops.o(.text)
    OP_xor_dword                             0x0800fcc9   Thumb Code    42  finsh_ops.o(.text)
    OP_bw_byte                               0x0800fcf3   Thumb Code    20  finsh_ops.o(.text)
    OP_bw_word                               0x0800fd07   Thumb Code    20  finsh_ops.o(.text)
    OP_bw_dword                              0x0800fd1b   Thumb Code    20  finsh_ops.o(.text)
    OP_shl_byte                              0x0800fd2f   Thumb Code    42  finsh_ops.o(.text)
    OP_shl_word                              0x0800fd59   Thumb Code    44  finsh_ops.o(.text)
    OP_shl_dword                             0x0800fd85   Thumb Code    42  finsh_ops.o(.text)
    OP_shr_byte                              0x0800fdaf   Thumb Code    42  finsh_ops.o(.text)
    OP_shr_word                              0x0800fdd9   Thumb Code    42  finsh_ops.o(.text)
    OP_shr_dword                             0x0800fe03   Thumb Code    42  finsh_ops.o(.text)
    OP_ld_byte                               0x0800fe2d   Thumb Code    34  finsh_ops.o(.text)
    OP_ld_word                               0x0800fe4f   Thumb Code    46  finsh_ops.o(.text)
    OP_ld_dword                              0x0800fe7d   Thumb Code    64  finsh_ops.o(.text)
    OP_ld_value_byte                         0x0800febd   Thumb Code    66  finsh_ops.o(.text)
    OP_ld_value_byte_stack                   0x0800feff   Thumb Code    20  finsh_ops.o(.text)
    OP_ld_value_word                         0x0800ff13   Thumb Code    66  finsh_ops.o(.text)
    OP_ld_value_word_stack                   0x0800ff55   Thumb Code    20  finsh_ops.o(.text)
    OP_ld_value_dword                        0x0800ff69   Thumb Code    66  finsh_ops.o(.text)
    OP_ld_value_dword_stack                  0x0800ffab   Thumb Code    20  finsh_ops.o(.text)
    OP_st_byte                               0x0800ffbf   Thumb Code    30  finsh_ops.o(.text)
    OP_st_word                               0x0800ffdd   Thumb Code    30  finsh_ops.o(.text)
    OP_st_dword                              0x0800fffb   Thumb Code    30  finsh_ops.o(.text)
    OP_pop                                   0x08010019   Thumb Code    12  finsh_ops.o(.text)
    OP_call                                  0x08010025   Thumb Code   906  finsh_ops.o(.text)
    finsh_parser_run                         0x08010c45   Thumb Code   220  finsh_parser.o(.text)
    finsh_parser_init                        0x08010d21   Thumb Code    16  finsh_parser.o(.text)
    finsh_var_init                           0x08010d31   Thumb Code    14  finsh_var.o(.text)
    finsh_var_insert                         0x08010d3f   Thumb Code   114  finsh_var.o(.text)
    finsh_var_delete                         0x08010db1   Thumb Code    68  finsh_var.o(.text)
    finsh_var_lookup                         0x08010df5   Thumb Code    58  finsh_var.o(.text)
    finsh_sysvar_append                      0x08010e2f   Thumb Code    62  finsh_var.o(.text)
    finsh_sysvar_lookup                      0x08010e6d   Thumb Code    78  finsh_var.o(.text)
    finsh_vm_run                             0x08010ecd   Thumb Code    62  finsh_vm.o(.text)
    finsh_syscall_append                     0x08010f0b   Thumb Code    54  finsh_vm.o(.text)
    finsh_syscall_lookup                     0x08010f41   Thumb Code    78  finsh_vm.o(.text)
    finsh_token_init                         0x08010fb1   Thumb Code    20  finsh_token.o(.text)
    token_get_string                         0x080113c9   Thumb Code   120  finsh_token.o(.text)
    finsh_token_token                        0x08011601   Thumb Code    24  finsh_token.o(.text)
    finsh_token_get_token                    0x08011619   Thumb Code    20  finsh_token.o(.text)
    libc_system_init                         0x08011631   Thumb Code     4  libc.o(.text)
    __aeabi_llsr                             0x08011635   Thumb Code    32  llushr.o(.text)
    _ll_ushift_r                             0x08011635   Thumb Code     0  llushr.o(.text)
    __aeabi_memcpy                           0x08011655   Thumb Code    36  memcpya.o(.text)
    __aeabi_memcpy4                          0x08011655   Thumb Code     0  memcpya.o(.text)
    __aeabi_memcpy8                          0x08011655   Thumb Code     0  memcpya.o(.text)
    __aeabi_memset                           0x08011679   Thumb Code    14  memseta.o(.text)
    __aeabi_memset4                          0x08011679   Thumb Code     0  memseta.o(.text)
    __aeabi_memset8                          0x08011679   Thumb Code     0  memseta.o(.text)
    __aeabi_memclr                           0x08011687   Thumb Code     4  memseta.o(.text)
    __aeabi_memclr4                          0x08011687   Thumb Code     0  memseta.o(.text)
    __aeabi_memclr8                          0x08011687   Thumb Code     0  memseta.o(.text)
    _memset$wrapper                          0x0801168b   Thumb Code    18  memseta.o(.text)
    strcat                                   0x0801169d   Thumb Code    24  strcat.o(.text)
    strncpy                                  0x080116b5   Thumb Code    24  strncpy.o(.text)
    strlen                                   0x080116cd   Thumb Code    14  strlen.o(.text)
    strcmp                                   0x080116db   Thumb Code    28  strcmp.o(.text)
    memcmp                                   0x080116f7   Thumb Code    26  memcmp.o(.text)
    strcpy                                   0x08011711   Thumb Code    18  strcpy.o(.text)
    strncmp                                  0x08011723   Thumb Code    30  strncmp.o(.text)
    atoi                                     0x08011741   Thumb Code    26  atoi.o(.text)
    __aeabi_fadd                             0x0801175b   Thumb Code   164  fadd.o(.text)
    __aeabi_fsub                             0x080117ff   Thumb Code     6  fadd.o(.text)
    __aeabi_frsub                            0x08011805   Thumb Code     6  fadd.o(.text)
    __aeabi_fmul                             0x0801180b   Thumb Code   100  fmul.o(.text)
    __aeabi_i2f                              0x0801186f   Thumb Code    18  fflti.o(.text)
    __aeabi_f2iz                             0x08011881   Thumb Code    50  ffixi.o(.text)
    __aeabi_f2uiz                            0x080118b3   Thumb Code    40  ffixui.o(.text)
    __aeabi_d2f                              0x080118db   Thumb Code    56  d2f.o(.text)
    __strtod_int                             0x0801194b   Thumb Code    90  strtod.o(.text)
    strtol                                   0x080119b1   Thumb Code   112  strtol.o(.text)
    __I$use$fp                               0x08011a21   Thumb Code     0  iusefp.o(.text)
    _float_round                             0x08011a21   Thumb Code    18  fepilogue.o(.text)
    _float_epilogue                          0x08011a33   Thumb Code    92  fepilogue.o(.text)
    __scatterload                            0x08011a91   Thumb Code    28  init.o(.text)
    __scatterload_rt2                        0x08011a91   Thumb Code     0  init.o(.text)
    __rt_ctype_table                         0x08011ab5   Thumb Code     4  ctype_o.o(.text)
    isspace                                  0x08011abd   Thumb Code    18  isspace_o.o(.text)
    _scanf_real                              0x08011bf9   Thumb Code     0  scanf_fp.o(.text)
    _scanf_really_real                       0x08011bf9   Thumb Code   556  scanf_fp.o(.text)
    _sgetc                                   0x08011e31   Thumb Code    30  _sgetc.o(.text)
    _sbackspace                              0x08011e4f   Thumb Code    34  _sgetc.o(.text)
    _strtoul                                 0x08011e71   Thumb Code   158  _strtoul.o(.text)
    _chval                                   0x08011f0f   Thumb Code    28  _chval.o(.text)
    __aeabi_dmul                             0x08011f2b   Thumb Code   228  dmul.o(.text)
    __aeabi_ddiv                             0x0801200f   Thumb Code   222  ddiv.o(.text)
    __aeabi_ul2d                             0x080120ed   Thumb Code    24  dfltul.o(.text)
    _double_round                            0x08012105   Thumb Code    30  depilogue.o(.text)
    _double_epilogue                         0x08012123   Thumb Code   156  depilogue.o(.text)
    __aeabi_llsl                             0x080121bf   Thumb Code    30  llshl.o(.text)
    _ll_shift_l                              0x080121bf   Thumb Code     0  llshl.o(.text)
    __decompress                             0x080121dd   Thumb Code     0  __dczerorl2.o(.text)
    __decompress1                            0x080121dd   Thumb Code    86  __dczerorl2.o(.text)
    __aeabi_errno_addr                       0x08012235   Thumb Code     4  errno.o(i.__aeabi_errno_addr)
    __rt_errno_addr                          0x08012235   Thumb Code     0  errno.o(i.__aeabi_errno_addr)
    __read_errno                             0x0801223d   Thumb Code     6  errno.o(i.__read_errno)
    __scatterload_copy                       0x08012249   Thumb Code    14  handlers.o(i.__scatterload_copy)
    __scatterload_null                       0x08012257   Thumb Code     2  handlers.o(i.__scatterload_null)
    __scatterload_zeroinit                   0x08012259   Thumb Code    14  handlers.o(i.__scatterload_zeroinit)
    __set_errno                              0x08012269   Thumb Code     6  errno.o(i.__set_errno)
    _is_digit                                0x08012275   Thumb Code    14  scanf_fp.o(i._is_digit)
    atof                                     0x08012283   Thumb Code    42  atof.o(i.atof)
    __lowest_bit_bitmap                      0x08012596   Data         256  kservice.o(.constdata)
    AHBPrescTable                            0x08012aa0   Data          16  system_stm32f1xx.o(.constdata)
    APBPrescTable                            0x08012ab0   Data           8  system_stm32f1xx.o(.constdata)
    op_table                                 0x08012e5c   Data         196  finsh_ops.o(.constdata)
    __ctype_table                            0x08012f60   Data         129  ctype_o.o(.constdata)
    __fsym_list_mem_name                     0x0801355a   Data           9  mem.o(.rodata.name)
    __fsym_list_mem_desc                     0x08013563   Data          30  mem.o(.rodata.name)
    __fsym___cmd_print_rt_data_name          0x08013581   Data          20  main.o(.rodata.name)
    __fsym___cmd_print_rt_data_desc          0x08013595   Data          24  main.o(.rodata.name)
    __fsym___cmd_reboot_name                 0x080135ad   Data          13  main.o(.rodata.name)
    __fsym___cmd_reboot_desc                 0x080135ba   Data          13  main.o(.rodata.name)
    __fsym_pinMode_name                      0x080135c7   Data           8  pin.o(.rodata.name)
    __fsym_pinMode_desc                      0x080135cf   Data          22  pin.o(.rodata.name)
    __fsym_pinWrite_name                     0x080135e5   Data           9  pin.o(.rodata.name)
    __fsym_pinWrite_desc                     0x080135ee   Data          28  pin.o(.rodata.name)
    __fsym_pinRead_name                      0x0801360a   Data           8  pin.o(.rodata.name)
    __fsym_pinRead_desc                      0x08013612   Data          30  pin.o(.rodata.name)
    __fsym_hello_name                        0x08013630   Data           6  cmd.o(.rodata.name)
    __fsym_hello_desc                        0x08013636   Data          16  cmd.o(.rodata.name)
    __fsym_version_name                      0x08013646   Data           8  cmd.o(.rodata.name)
    __fsym_version_desc                      0x0801364e   Data          35  cmd.o(.rodata.name)
    __fsym___cmd_version_name                0x08013671   Data          14  cmd.o(.rodata.name)
    __fsym___cmd_version_desc                0x0801367f   Data          35  cmd.o(.rodata.name)
    __fsym_list_thread_name                  0x080136a2   Data          12  cmd.o(.rodata.name)
    __fsym_list_thread_desc                  0x080136ae   Data          12  cmd.o(.rodata.name)
    __fsym___cmd_list_thread_name            0x080136ba   Data          18  cmd.o(.rodata.name)
    __fsym___cmd_list_thread_desc            0x080136cc   Data          12  cmd.o(.rodata.name)
    __fsym_list_sem_name                     0x080136d8   Data           9  cmd.o(.rodata.name)
    __fsym_list_sem_desc                     0x080136e1   Data          25  cmd.o(.rodata.name)
    __fsym___cmd_list_sem_name               0x080136fa   Data          15  cmd.o(.rodata.name)
    __fsym___cmd_list_sem_desc               0x08013709   Data          25  cmd.o(.rodata.name)
    __fsym_list_event_name                   0x08013722   Data          11  cmd.o(.rodata.name)
    __fsym_list_event_desc                   0x0801372d   Data          21  cmd.o(.rodata.name)
    __fsym___cmd_list_event_name             0x08013742   Data          17  cmd.o(.rodata.name)
    __fsym___cmd_list_event_desc             0x08013753   Data          21  cmd.o(.rodata.name)
    __fsym_list_mutex_name                   0x08013768   Data          11  cmd.o(.rodata.name)
    __fsym_list_mutex_desc                   0x08013773   Data          21  cmd.o(.rodata.name)
    __fsym___cmd_list_mutex_name             0x08013788   Data          17  cmd.o(.rodata.name)
    __fsym___cmd_list_mutex_desc             0x08013799   Data          21  cmd.o(.rodata.name)
    __fsym_list_mailbox_name                 0x080137ae   Data          13  cmd.o(.rodata.name)
    __fsym_list_mailbox_desc                 0x080137bb   Data          24  cmd.o(.rodata.name)
    __fsym___cmd_list_mailbox_name           0x080137d3   Data          19  cmd.o(.rodata.name)
    __fsym___cmd_list_mailbox_desc           0x080137e6   Data          24  cmd.o(.rodata.name)
    __fsym_list_msgqueue_name                0x080137fe   Data          14  cmd.o(.rodata.name)
    __fsym_list_msgqueue_desc                0x0801380c   Data          29  cmd.o(.rodata.name)
    __fsym___cmd_list_msgqueue_name          0x08013829   Data          20  cmd.o(.rodata.name)
    __fsym___cmd_list_msgqueue_desc          0x0801383d   Data          29  cmd.o(.rodata.name)
    __fsym_list_memheap_name                 0x0801385a   Data          13  cmd.o(.rodata.name)
    __fsym_list_memheap_desc                 0x08013867   Data          27  cmd.o(.rodata.name)
    __fsym___cmd_list_memheap_name           0x08013882   Data          19  cmd.o(.rodata.name)
    __fsym___cmd_list_memheap_desc           0x08013895   Data          27  cmd.o(.rodata.name)
    __fsym_list_mempool_name                 0x080138b0   Data          13  cmd.o(.rodata.name)
    __fsym_list_mempool_desc                 0x080138bd   Data          27  cmd.o(.rodata.name)
    __fsym___cmd_list_mempool_name           0x080138d8   Data          19  cmd.o(.rodata.name)
    __fsym___cmd_list_mempool_desc           0x080138eb   Data          27  cmd.o(.rodata.name)
    __fsym_list_timer_name                   0x08013906   Data          11  cmd.o(.rodata.name)
    __fsym_list_timer_desc                   0x08013911   Data          21  cmd.o(.rodata.name)
    __fsym___cmd_list_timer_name             0x08013926   Data          17  cmd.o(.rodata.name)
    __fsym___cmd_list_timer_desc             0x08013937   Data          21  cmd.o(.rodata.name)
    __fsym_list_device_name                  0x0801394c   Data          12  cmd.o(.rodata.name)
    __fsym_list_device_desc                  0x08013958   Data          22  cmd.o(.rodata.name)
    __fsym___cmd_list_device_name            0x0801396e   Data          18  cmd.o(.rodata.name)
    __fsym___cmd_list_device_desc            0x08013980   Data          22  cmd.o(.rodata.name)
    __fsym_list_name                         0x08013996   Data           5  cmd.o(.rodata.name)
    __fsym_list_desc                         0x0801399b   Data          26  cmd.o(.rodata.name)
    __vsym_dummy_name                        0x080139b5   Data           6  cmd.o(.rodata.name)
    __vsym_dummy_desc                        0x080139bb   Data          25  cmd.o(.rodata.name)
    __fsym___cmd_exit_name                   0x080139d4   Data          11  msh.o(.rodata.name)
    __fsym___cmd_exit_desc                   0x080139df   Data          32  msh.o(.rodata.name)
    __fsym_msh_name                          0x080139ff   Data           4  msh.o(.rodata.name)
    __fsym_msh_desc                          0x08013a03   Data          17  msh.o(.rodata.name)
    __fsym___cmd_help_name                   0x08013a14   Data          11  msh.o(.rodata.name)
    __fsym___cmd_help_desc                   0x08013a1f   Data          22  msh.o(.rodata.name)
    __fsym___cmd_ps_name                     0x08013a35   Data           9  msh_cmd.o(.rodata.name)
    __fsym___cmd_ps_desc                     0x08013a3e   Data          28  msh_cmd.o(.rodata.name)
    __fsym___cmd_time_name                   0x08013a5a   Data          11  msh_cmd.o(.rodata.name)
    __fsym___cmd_time_desc                   0x08013a65   Data          27  msh_cmd.o(.rodata.name)
    __fsym___cmd_free_name                   0x08013a80   Data          11  msh_cmd.o(.rodata.name)
    __fsym___cmd_free_desc                   0x08013a8b   Data          37  msh_cmd.o(.rodata.name)
    __rt_init_rti_start                      0x08013ab0   Data           4  components.o(.rti_fn.0)
    __rt_init_rti_board_start                0x08013ab4   Data           4  components.o(.rti_fn.0.end)
    __rt_init_rt_hw_pin_init                 0x08013ab8   Data           4  drv_gpio.o(.rti_fn.1)
    __rt_init_rt_hw_usart_init               0x08013abc   Data           4  drv_usart.o(.rti_fn.1)
    __rt_init_rti_board_end                  0x08013ac0   Data           4  components.o(.rti_fn.1.end)
    __rt_init_drv_i2c_init                   0x08013ac4   Data           4  drv_i2c.o(.rti_fn.3)
    __rt_init_rt_i2c_core_init               0x08013ac8   Data           4  i2c_core.o(.rti_fn.4)
    __rt_init_libc_system_init               0x08013acc   Data           4  libc.o(.rti_fn.4)
    __rt_init_finsh_system_init              0x08013ad0   Data           4  shell.o(.rti_fn.6)
    __rt_init_rti_end                        0x08013ad4   Data           4  components.o(.rti_fn.6.end)
    FSymTab$$Base                            0x08013ad8   Number         0  mem.o(FSymTab)
    __fsym_list_mem                          0x08013ad8   Data          12  mem.o(FSymTab)
    __fsym___cmd_print_rt_data               0x08013ae4   Data          12  main.o(FSymTab)
    __fsym___cmd_reboot                      0x08013af0   Data          12  main.o(FSymTab)
    __fsym_pinMode                           0x08013afc   Data          12  pin.o(FSymTab)
    __fsym_pinWrite                          0x08013b08   Data          12  pin.o(FSymTab)
    __fsym_pinRead                           0x08013b14   Data          12  pin.o(FSymTab)
    __fsym_hello                             0x08013b20   Data          12  cmd.o(FSymTab)
    __fsym_version                           0x08013b2c   Data          12  cmd.o(FSymTab)
    __fsym___cmd_version                     0x08013b38   Data          12  cmd.o(FSymTab)
    __fsym_list_thread                       0x08013b44   Data          12  cmd.o(FSymTab)
    __fsym___cmd_list_thread                 0x08013b50   Data          12  cmd.o(FSymTab)
    __fsym_list_sem                          0x08013b5c   Data          12  cmd.o(FSymTab)
    __fsym___cmd_list_sem                    0x08013b68   Data          12  cmd.o(FSymTab)
    __fsym_list_event                        0x08013b74   Data          12  cmd.o(FSymTab)
    __fsym___cmd_list_event                  0x08013b80   Data          12  cmd.o(FSymTab)
    __fsym_list_mutex                        0x08013b8c   Data          12  cmd.o(FSymTab)
    __fsym___cmd_list_mutex                  0x08013b98   Data          12  cmd.o(FSymTab)
    __fsym_list_mailbox                      0x08013ba4   Data          12  cmd.o(FSymTab)
    __fsym___cmd_list_mailbox                0x08013bb0   Data          12  cmd.o(FSymTab)
    __fsym_list_msgqueue                     0x08013bbc   Data          12  cmd.o(FSymTab)
    __fsym___cmd_list_msgqueue               0x08013bc8   Data          12  cmd.o(FSymTab)
    __fsym_list_memheap                      0x08013bd4   Data          12  cmd.o(FSymTab)
    __fsym___cmd_list_memheap                0x08013be0   Data          12  cmd.o(FSymTab)
    __fsym_list_mempool                      0x08013bec   Data          12  cmd.o(FSymTab)
    __fsym___cmd_list_mempool                0x08013bf8   Data          12  cmd.o(FSymTab)
    __fsym_list_timer                        0x08013c04   Data          12  cmd.o(FSymTab)
    __fsym___cmd_list_timer                  0x08013c10   Data          12  cmd.o(FSymTab)
    __fsym_list_device                       0x08013c1c   Data          12  cmd.o(FSymTab)
    __fsym___cmd_list_device                 0x08013c28   Data          12  cmd.o(FSymTab)
    __fsym_list                              0x08013c34   Data          12  cmd.o(FSymTab)
    __fsym___cmd_exit                        0x08013c40   Data          12  msh.o(FSymTab)
    __fsym_msh                               0x08013c4c   Data          12  msh.o(FSymTab)
    __fsym___cmd_help                        0x08013c58   Data          12  msh.o(FSymTab)
    __fsym___cmd_ps                          0x08013c64   Data          12  msh_cmd.o(FSymTab)
    __fsym___cmd_time                        0x08013c70   Data          12  msh_cmd.o(FSymTab)
    __fsym___cmd_free                        0x08013c7c   Data          12  msh_cmd.o(FSymTab)
    FSymTab$$Limit                           0x08013c88   Number         0  msh_cmd.o(FSymTab)
    Region$$Table$$Base                      0x08013c88   Number         0  anon$$obj.o(Region$$Table)
    Region$$Table$$Limit                     0x08013ca8   Number         0  anon$$obj.o(Region$$Table)
    VSymTab$$Base                            0x08013ca8   Number         0  cmd.o(VSymTab)
    __vsym_dummy                             0x08013ca8   Data          16  cmd.o(VSymTab)
    VSymTab$$Limit                           0x08013cb8   Number         0  cmd.o(VSymTab)
    rt_interrupt_nest                        0x2000000c   Data           1  irq.o(.data)
    rt_assert_hook                           0x20000018   Data           4  kservice.o(.data)
    rt_object_trytake_hook                   0x200000e4   Data           4  object.o(.data)
    rt_object_take_hook                      0x200000e8   Data           4  object.o(.data)
    rt_object_put_hook                       0x200000ec   Data           4  object.o(.data)
    rt_thread_ready_priority_group           0x200000f0   Data           4  scheduler.o(.data)
    rt_current_thread                        0x200000f8   Data           4  scheduler.o(.data)
    rt_current_priority                      0x200000fc   Data           1  scheduler.o(.data)
    rt_thread_defunct                        0x20000100   Data           8  scheduler.o(.data)
    myuart3                                  0x20000134   Data           4  main.o(.data)
    uart3_rangeFlag                          0x20000138   Data           1  main.o(.data)
    pin_irq_hdr_tab                          0x20000140   Data         192  drv_gpio.o(.data)
    uart1                                    0x20000200   Data          68  drv_usart.o(.data)
    uart2                                    0x20000244   Data          68  drv_usart.o(.data)
    uart3                                    0x20000288   Data          68  drv_usart.o(.data)
    uart4                                    0x200002cc   Data          68  drv_usart.o(.data)
    uart5                                    0x20000310   Data          68  drv_usart.o(.data)
    SystemCoreClock                          0x20000354   Data           4  system_stm32f1xx.o(.data)
    uwTick                                   0x20000358   Data           4  stm32f1xx_hal.o(.data)
    rt_interrupt_from_thread                 0x2000035c   Data           4  cpuport.o(.data)
    rt_interrupt_to_thread                   0x20000360   Data           4  cpuport.o(.data)
    rt_thread_switch_interrupt_flag          0x20000364   Data           4  cpuport.o(.data)
    shell                                    0x2000036c   Data           4  shell.o(.data)
    _syscall_table_begin                     0x20000374   Data           4  symbol.o(.data)
    _syscall_table_end                       0x20000378   Data           4  symbol.o(.data)
    _sysvar_table_begin                      0x2000037c   Data           4  symbol.o(.data)
    _sysvar_table_end                        0x20000380   Data           4  symbol.o(.data)
    finsh_compile_sp                         0x2000038c   Data           4  finsh_compiler.o(.data)
    finsh_compile_pc                         0x20000390   Data           4  finsh_compiler.o(.data)
    global_errno                             0x20000394   Data           1  finsh_error.o(.data)
    global_sysvar_list                       0x200003dc   Data           4  finsh_var.o(.data)
    finsh_sp                                 0x200003e0   Data           4  finsh_vm.o(.data)
    finsh_pc                                 0x200003e4   Data           4  finsh_vm.o(.data)
    global_syscall_list                      0x200003e8   Data           4  finsh_vm.o(.data)
    rt_thread_priority_table                 0x20000620   Data         256  scheduler.o(.bss)
    g_tMainStr                               0x20000720   Data        3856  main.o(.bss)
    rt_led_thread                            0x20001630   Data         128  main.o(.bss)
    rt_sensor_thread                         0x200016b0   Data         128  main.o(.bss)
    rt_readuart3_thread                      0x20001750   Data         128  main.o(.bss)
    serial1                                  0x200017d0   Data         104  drv_usart.o(.bss)
    serial2                                  0x20001838   Data         104  drv_usart.o(.bss)
    serial3                                  0x200018a0   Data         104  drv_usart.o(.bss)
    serial4                                  0x20001908   Data         104  drv_usart.o(.bss)
    serial5                                  0x20001970   Data         104  drv_usart.o(.bss)
    finsh_heap                               0x20001b18   Data         128  finsh_heap.o(.bss)
    global_node_table                        0x20001b98   Data         320  finsh_node.o(.bss)
    global_variable                          0x20001cd8   Data         192  finsh_var.o(.bss)
    finsh_vm_stack                           0x20001d98   Data         256  finsh_vm.o(.bss)
    text_segment                             0x20001e98   Data         128  finsh_vm.o(.bss)
    Image$$RW_IRAM1$$ZI$$Limit               0x20002318   Number         0  anon$$obj.o ABSOLUTE
    __initial_sp                             0x20002318   Data           0  startup_stm32f103xe.o(STACK)



==============================================================================

Memory Map of the image

  Image Entry point : 0x08000131

  Load Region LR_IROM1 (Base: 0x08000000, Size: 0x000140a8, Max: 0x00080000, ABSOLUTE, COMPRESSED[0x00013d74])

    Execution Region ER_IROM1 (Exec base: 0x08000000, Load base: 0x08000000, Size: 0x00013cb8, Max: 0x00080000, ABSOLUTE)

    Exec Addr    Load Addr    Size         Type   Attr      Idx    E Section Name        Object

    0x08000000   0x08000000   0x00000130   Data   RO         1614    RESET               startup_stm32f103xe.o
    0x08000130   0x08000130   0x00000000   Code   RO         2270  * .ARM.Collect$$$$00000000  mc_w.l(entry.o)
    0x08000130   0x08000130   0x00000004   Code   RO         2309    .ARM.Collect$$$$00000001  mc_w.l(entry2.o)
    0x08000134   0x08000134   0x00000004   Code   RO         2312    .ARM.Collect$$$$00000004  mc_w.l(entry5.o)
    0x08000138   0x08000138   0x00000000   Code   RO         2314    .ARM.Collect$$$$00000008  mc_w.l(entry7b.o)
    0x08000138   0x08000138   0x00000000   Code   RO         2316    .ARM.Collect$$$$0000000A  mc_w.l(entry8b.o)
    0x08000138   0x08000138   0x00000008   Code   RO         2317    .ARM.Collect$$$$0000000B  mc_w.l(entry9a.o)
    0x08000140   0x08000140   0x00000000   Code   RO         2319    .ARM.Collect$$$$0000000D  mc_w.l(entry10a.o)
    0x08000140   0x08000140   0x00000000   Code   RO         2321    .ARM.Collect$$$$0000000F  mc_w.l(entry11a.o)
    0x08000140   0x08000140   0x00000004   Code   RO         2310    .ARM.Collect$$$$00002712  mc_w.l(entry2.o)
    0x08000144   0x08000144   0x0000006c   Code   RO            1    .text               clock.o
    0x080001b0   0x080001b0   0x000000d8   Code   RO           82    .text               components.o
    0x08000288   0x08000288   0x0000052c   Code   RO          107    .text               device.o
    0x080007b4   0x080007b4   0x000001f4   Code   RO          120    .text               idle.o
    0x080009a8   0x080009a8   0x00001c08   Code   RO          139    .text               ipc.o
    0x080025b0   0x080025b0   0x0000008c   Code   RO          157    .text               irq.o
    0x0800263c   0x0800263c   0x00000ac4   Code   RO          172    .text               kservice.o
    0x08003100   0x08003100   0x000008b8   Code   RO          192    .text               mem.o
    0x080039b8   0x080039b8   0x00000374   Code   RO          260    .text               object.o
    0x08003d2c   0x08003d2c   0x0000038c   Code   RO          279    .text               scheduler.o
    0x080040b8   0x080040b8   0x000007d4   Code   RO          315    .text               thread.o
    0x0800488c   0x0800488c   0x000005bc   Code   RO          335    .text               timer.o
    0x08004e48   0x08004e48   0x0000001e   Code   RO          354    .text               led.o
    0x08004e66   0x08004e66   0x00000002   PAD
    0x08004e68   0x08004e68   0x000007ac   Code   RO          411    .text               main.o
    0x08005614   0x08005614   0x00000234   Code   RO          440    .text               board.o
    0x08005848   0x08005848   0x00000010   Code   RO          548    .text               stm32f1xx_it.o
    0x08005858   0x08005858   0x00000614   Code   RO          575    .text               drv_gpio.o
    0x08005e6c   0x08005e6c   0x00000718   Code   RO          604    .text               drv_usart.o
    0x08006584   0x08006584   0x00000148   Code   RO          641    .text               drv_i2c.o
    0x080066cc   0x080066cc   0x000000f4   Code   RO          673    .text               system_stm32f1xx.o
    0x080067c0   0x080067c0   0x000004e8   Code   RO          740    .text               stm32f1xx_hal_gpio.o
    0x08006ca8   0x08006ca8   0x00000ee4   Code   RO          840    .text               stm32f1xx_hal_dma.o
    0x08007b8c   0x08007b8c   0x000002c4   Code   RO          864    .text               stm32f1xx_hal_cortex.o
    0x08007e50   0x08007e50   0x000008a8   Code   RO          994    .text               stm32f1xx_hal_rcc.o
    0x080086f8   0x080086f8   0x0000120a   Code   RO         1180    .text               stm32f1xx_hal_uart.o
    0x08009902   0x08009902   0x00000002   PAD
    0x08009904   0x08009904   0x0000015c   Code   RO         1246    .text               stm32f1xx_hal.o
    0x08009a60   0x08009a60   0x00000024   Code   RO         1615    .text               startup_stm32f103xe.o
    0x08009a84   0x08009a84   0x000005e0   Code   RO         1653    .text               cpuport.o
    0x0800a064   0x0800a064   0x000000f4   Code   RO         1669    .text               context_rvds.o
    0x0800a158   0x0800a158   0x0000014c   Code   RO         1673    .text               i2c_core.o
    0x0800a2a4   0x0800a2a4   0x00000184   Code   RO         1689    .text               i2c_dev.o
    0x0800a428   0x0800a428   0x00000460   Code   RO         1702    .text               i2c-bit-ops.o
    0x0800a888   0x0800a888   0x00000250   Code   RO         1716    .text               pin.o
    0x0800aad8   0x0800aad8   0x00000c20   Code   RO         1734    .text               serial.o
    0x0800b6f8   0x0800b6f8   0x000001cc   Code   RO         1750    .text               completion.o
    0x0800b8c4   0x0800b8c4   0x00000424   Code   RO         1766    .text               dataqueue.o
    0x0800bce8   0x0800bce8   0x00000ae0   Code   RO         1862    .text               shell.o
    0x0800c7c8   0x0800c7c8   0x0000113c   Code   RO         1903    .text               cmd.o
    0x0800d904   0x0800d904   0x00000384   Code   RO         1926    .text               msh.o
    0x0800dc88   0x0800dc88   0x00000022   Code   RO         1944    .text               msh_cmd.o
    0x0800dcaa   0x0800dcaa   0x00000002   PAD
    0x0800dcac   0x0800dcac   0x00001818   Code   RO         1966    .text               finsh_compiler.o
    0x0800f4c4   0x0800f4c4   0x0000002c   Code   RO         2003    .text               finsh_error.o
    0x0800f4f0   0x0800f4f0   0x00000210   Code   RO         2019    .text               finsh_heap.o
    0x0800f700   0x0800f700   0x00000058   Code   RO         2035    .text               finsh_init.o
    0x0800f758   0x0800f758   0x00000184   Code   RO         2053    .text               finsh_node.o
    0x0800f8dc   0x0800f8dc   0x00000ad8   Code   RO         2068    .text               finsh_ops.o
    0x080103b4   0x080103b4   0x0000097c   Code   RO         2086    .text               finsh_parser.o
    0x08010d30   0x08010d30   0x0000019c   Code   RO         2101    .text               finsh_var.o
    0x08010ecc   0x08010ecc   0x000000e4   Code   RO         2124    .text               finsh_vm.o
    0x08010fb0   0x08010fb0   0x00000680   Code   RO         2147    .text               finsh_token.o
    0x08011630   0x08011630   0x00000004   Code   RO         2162    .text               libc.o
    0x08011634   0x08011634   0x00000020   Code   RO         2273    .text               mc_w.l(llushr.o)
    0x08011654   0x08011654   0x00000024   Code   RO         2275    .text               mc_w.l(memcpya.o)
    0x08011678   0x08011678   0x00000024   Code   RO         2277    .text               mc_w.l(memseta.o)
    0x0801169c   0x0801169c   0x00000018   Code   RO         2279    .text               mc_w.l(strcat.o)
    0x080116b4   0x080116b4   0x00000018   Code   RO         2281    .text               mc_w.l(strncpy.o)
    0x080116cc   0x080116cc   0x0000000e   Code   RO         2283    .text               mc_w.l(strlen.o)
    0x080116da   0x080116da   0x0000001c   Code   RO         2285    .text               mc_w.l(strcmp.o)
    0x080116f6   0x080116f6   0x0000001a   Code   RO         2287    .text               mc_w.l(memcmp.o)
    0x08011710   0x08011710   0x00000012   Code   RO         2289    .text               mc_w.l(strcpy.o)
    0x08011722   0x08011722   0x0000001e   Code   RO         2291    .text               mc_w.l(strncmp.o)
    0x08011740   0x08011740   0x0000001a   Code   RO         2295    .text               mc_w.l(atoi.o)
    0x0801175a   0x0801175a   0x000000b0   Code   RO         2297    .text               mf_w.l(fadd.o)
    0x0801180a   0x0801180a   0x00000064   Code   RO         2299    .text               mf_w.l(fmul.o)
    0x0801186e   0x0801186e   0x00000012   Code   RO         2301    .text               mf_w.l(fflti.o)
    0x08011880   0x08011880   0x00000032   Code   RO         2303    .text               mf_w.l(ffixi.o)
    0x080118b2   0x080118b2   0x00000028   Code   RO         2305    .text               mf_w.l(ffixui.o)
    0x080118da   0x080118da   0x00000038   Code   RO         2307    .text               mf_w.l(d2f.o)
    0x08011912   0x08011912   0x00000002   PAD
    0x08011914   0x08011914   0x0000009c   Code   RO         2330    .text               mc_w.l(strtod.o)
    0x080119b0   0x080119b0   0x00000070   Code   RO         2332    .text               mc_w.l(strtol.o)
    0x08011a20   0x08011a20   0x00000000   Code   RO         2334    .text               mc_w.l(iusefp.o)
    0x08011a20   0x08011a20   0x0000006e   Code   RO         2335    .text               mf_w.l(fepilogue.o)
    0x08011a8e   0x08011a8e   0x00000002   PAD
    0x08011a90   0x08011a90   0x00000024   Code   RO         2337    .text               mc_w.l(init.o)
    0x08011ab4   0x08011ab4   0x00000008   Code   RO         2341    .text               mc_w.l(ctype_o.o)
    0x08011abc   0x08011abc   0x00000012   Code   RO         2363    .text               mc_w.l(isspace_o.o)
    0x08011ace   0x08011ace   0x00000002   PAD
    0x08011ad0   0x08011ad0   0x00000360   Code   RO         2369    .text               mc_w.l(scanf_fp.o)
    0x08011e30   0x08011e30   0x00000040   Code   RO         2373    .text               mc_w.l(_sgetc.o)
    0x08011e70   0x08011e70   0x0000009e   Code   RO         2375    .text               mc_w.l(_strtoul.o)
    0x08011f0e   0x08011f0e   0x0000001c   Code   RO         2380    .text               mc_w.l(_chval.o)
    0x08011f2a   0x08011f2a   0x000000e4   Code   RO         2382    .text               mf_w.l(dmul.o)
    0x0801200e   0x0801200e   0x000000de   Code   RO         2384    .text               mf_w.l(ddiv.o)
    0x080120ec   0x080120ec   0x00000018   Code   RO         2386    .text               mf_w.l(dfltul.o)
    0x08012104   0x08012104   0x000000ba   Code   RO         2388    .text               mf_w.l(depilogue.o)
    0x080121be   0x080121be   0x0000001e   Code   RO         2390    .text               mc_w.l(llshl.o)
    0x080121dc   0x080121dc   0x00000056   Code   RO         2400    .text               mc_w.l(__dczerorl2.o)
    0x08012232   0x08012232   0x00000002   PAD
    0x08012234   0x08012234   0x00000008   Code   RO         2323    i.__aeabi_errno_addr  mc_w.l(errno.o)
    0x0801223c   0x0801223c   0x0000000c   Code   RO         2324    i.__read_errno      mc_w.l(errno.o)
    0x08012248   0x08012248   0x0000000e   Code   RO         2394    i.__scatterload_copy  mc_w.l(handlers.o)
    0x08012256   0x08012256   0x00000002   Code   RO         2395    i.__scatterload_null  mc_w.l(handlers.o)
    0x08012258   0x08012258   0x0000000e   Code   RO         2396    i.__scatterload_zeroinit  mc_w.l(handlers.o)
    0x08012266   0x08012266   0x00000002   PAD
    0x08012268   0x08012268   0x0000000c   Code   RO         2325    i.__set_errno       mc_w.l(errno.o)
    0x08012274   0x08012274   0x0000000e   Code   RO         2371    i._is_digit         mc_w.l(scanf_fp.o)
    0x08012282   0x08012282   0x0000002a   Code   RO         2267    i.atof              m_ws.l(atof.o)
    0x080122ac   0x080122ac   0x00000014   Data   RO           83    .constdata          components.o
    0x080122c0   0x080122c0   0x000000c9   Data   RO          108    .constdata          device.o
    0x08012389   0x08012389   0x00000016   Data   RO          122    .constdata          idle.o
    0x0801239f   0x0801239f   0x000001f7   Data   RO          140    .constdata          ipc.o
    0x08012596   0x08012596   0x00000122   Data   RO          174    .constdata          kservice.o
    0x080126b8   0x080126b8   0x0000003c   Data   RO          194    .constdata          mem.o
    0x080126f4   0x080126f4   0x00000080   Data   RO          261    .constdata          object.o
    0x08012774   0x08012774   0x0000004e   Data   RO          281    .constdata          scheduler.o
    0x080127c2   0x080127c2   0x000000b9   Data   RO          316    .constdata          thread.o
    0x0801287b   0x0801287b   0x0000005c   Data   RO          336    .constdata          timer.o
    0x080128d7   0x080128d7   0x00000013   Data   RO          441    .constdata          board.o
    0x080128ea   0x080128ea   0x00000002   PAD
    0x080128ec   0x080128ec   0x00000124   Data   RO          576    .constdata          drv_gpio.o
    0x08012a10   0x08012a10   0x00000070   Data   RO          606    .constdata          drv_usart.o
    0x08012a80   0x08012a80   0x00000020   Data   RO          643    .constdata          drv_i2c.o
    0x08012aa0   0x08012aa0   0x00000018   Data   RO          674    .constdata          system_stm32f1xx.o
    0x08012ab8   0x08012ab8   0x00000013   Data   RO         1654    .constdata          cpuport.o
    0x08012acb   0x08012acb   0x00000013   Data   RO         1674    .constdata          i2c_core.o
    0x08012ade   0x08012ade   0x0000005e   Data   RO         1690    .constdata          i2c_dev.o
    0x08012b3c   0x08012b3c   0x0000000c   Data   RO         1703    .constdata          i2c-bit-ops.o
    0x08012b48   0x08012b48   0x0000007d   Data   RO         1718    .constdata          pin.o
    0x08012bc5   0x08012bc5   0x0000012a   Data   RO         1735    .constdata          serial.o
    0x08012cef   0x08012cef   0x00000039   Data   RO         1751    .constdata          completion.o
    0x08012d28   0x08012d28   0x0000004b   Data   RO         1767    .constdata          dataqueue.o
    0x08012d73   0x08012d73   0x00000087   Data   RO         1864    .constdata          shell.o
    0x08012dfa   0x08012dfa   0x00000002   PAD
    0x08012dfc   0x08012dfc   0x00000050   Data   RO         1904    .constdata          cmd.o
    0x08012e4c   0x08012e4c   0x0000000e   Data   RO         1927    .constdata          msh.o
    0x08012e5a   0x08012e5a   0x00000002   PAD
    0x08012e5c   0x08012e5c   0x000000c4   Data   RO         2069    .constdata          finsh_ops.o
    0x08012f20   0x08012f20   0x00000040   Data   RO         2148    .constdata          finsh_token.o
    0x08012f60   0x08012f60   0x00000081   Data   RO         2342    .constdata          mc_w.l(ctype_o.o)
    0x08012fe1   0x08012fe1   0x00000003   PAD
    0x08012fe4   0x08012fe4   0x00000004   Data   RO         2343    .constdata          mc_w.l(ctype_o.o)
    0x08012fe8   0x08012fe8   0x0000015a   Data   RO          141    .conststring        ipc.o
    0x08013142   0x08013142   0x00000002   PAD
    0x08013144   0x08013144   0x000000eb   Data   RO          195    .conststring        mem.o
    0x0801322f   0x0801322f   0x00000001   PAD
    0x08013230   0x08013230   0x00000042   Data   RO          317    .conststring        thread.o
    0x08013272   0x08013272   0x00000002   PAD
    0x08013274   0x08013274   0x00000052   Data   RO          413    .conststring        main.o
    0x080132c6   0x080132c6   0x00000002   PAD
    0x080132c8   0x080132c8   0x0000015d   Data   RO         1905    .conststring        cmd.o
    0x08013425   0x08013425   0x00000003   PAD
    0x08013428   0x08013428   0x000000f3   Data   RO         2004    .conststring        finsh_error.o
    0x0801351b   0x0801351b   0x00000001   PAD
    0x0801351c   0x0801351c   0x0000003e   Data   RO         2149    .conststring        finsh_token.o
    0x0801355a   0x0801355a   0x00000027   Data   RO          197    .rodata.name        mem.o
    0x08013581   0x08013581   0x00000046   Data   RO          415    .rodata.name        main.o
    0x080135c7   0x080135c7   0x00000069   Data   RO         1719    .rodata.name        pin.o
    0x08013630   0x08013630   0x000003a4   Data   RO         1907    .rodata.name        cmd.o
    0x080139d4   0x080139d4   0x00000061   Data   RO         1929    .rodata.name        msh.o
    0x08013a35   0x08013a35   0x0000007b   Data   RO         1945    .rodata.name        msh_cmd.o
    0x08013ab0   0x08013ab0   0x00000004   Data   RO           84    .rti_fn.0           components.o
    0x08013ab4   0x08013ab4   0x00000004   Data   RO           85    .rti_fn.0.end       components.o
    0x08013ab8   0x08013ab8   0x00000004   Data   RO          578    .rti_fn.1           drv_gpio.o
    0x08013abc   0x08013abc   0x00000004   Data   RO          608    .rti_fn.1           drv_usart.o
    0x08013ac0   0x08013ac0   0x00000004   Data   RO           86    .rti_fn.1.end       components.o
    0x08013ac4   0x08013ac4   0x00000004   Data   RO          644    .rti_fn.3           drv_i2c.o
    0x08013ac8   0x08013ac8   0x00000004   Data   RO         1675    .rti_fn.4           i2c_core.o
    0x08013acc   0x08013acc   0x00000004   Data   RO         2163    .rti_fn.4           libc.o
    0x08013ad0   0x08013ad0   0x00000004   Data   RO         1866    .rti_fn.6           shell.o
    0x08013ad4   0x08013ad4   0x00000004   Data   RO           87    .rti_fn.6.end       components.o
    0x08013ad8   0x08013ad8   0x0000000c   Data   RO          198    FSymTab             mem.o
    0x08013ae4   0x08013ae4   0x00000018   Data   RO          416    FSymTab             main.o
    0x08013afc   0x08013afc   0x00000024   Data   RO         1720    FSymTab             pin.o
    0x08013b20   0x08013b20   0x00000120   Data   RO         1908    FSymTab             cmd.o
    0x08013c40   0x08013c40   0x00000024   Data   RO         1930    FSymTab             msh.o
    0x08013c64   0x08013c64   0x00000024   Data   RO         1946    FSymTab             msh_cmd.o
    0x08013c88   0x08013c88   0x00000020   Data   RO         2392    Region$$Table       anon$$obj.o
    0x08013ca8   0x08013ca8   0x00000010   Data   RO         1909    VSymTab             cmd.o


    Execution Region RW_IRAM1 (Exec base: 0x20000000, Load base: 0x08013cb8, Size: 0x00002318, Max: 0x00010000, ABSOLUTE, COMPRESSED[0x000000bc])

    Exec Addr    Load Addr    Size         Type   Attr      Idx    E Section Name        Object

    0x20000000   COMPRESSED   0x00000004   Data   RW            2    .data               clock.o
    0x20000004   COMPRESSED   0x00000009   Data   RW          158    .data               irq.o
    0x2000000d   COMPRESSED   0x00000003   PAD
    0x20000010   COMPRESSED   0x0000000c   Data   RW          175    .data               kservice.o
    0x2000001c   COMPRESSED   0x00000020   Data   RW          196    .data               mem.o
    0x2000003c   COMPRESSED   0x000000b4   Data   RW          262    .data               object.o
    0x200000f0   COMPRESSED   0x0000001c   Data   RW          282    .data               scheduler.o
    0x2000010c   COMPRESSED   0x0000000c   Data   RW          318    .data               thread.o
    0x20000118   COMPRESSED   0x00000014   Data   RW          337    .data               timer.o
    0x2000012c   COMPRESSED   0x00000014   Data   RW          414    .data               main.o
    0x20000140   COMPRESSED   0x000000c0   Data   RW          577    .data               drv_gpio.o
    0x20000200   COMPRESSED   0x00000154   Data   RW          607    .data               drv_usart.o
    0x20000354   COMPRESSED   0x00000004   Data   RW          675    .data               system_stm32f1xx.o
    0x20000358   COMPRESSED   0x00000004   Data   RW         1247    .data               stm32f1xx_hal.o
    0x2000035c   COMPRESSED   0x00000010   Data   RW         1655    .data               cpuport.o
    0x2000036c   COMPRESSED   0x00000008   Data   RW         1865    .data               shell.o
    0x20000374   COMPRESSED   0x00000010   Data   RW         1887    .data               symbol.o
    0x20000384   COMPRESSED   0x00000004   Data   RW         1906    .data               cmd.o
    0x20000388   COMPRESSED   0x00000004   Data   RW         1928    .data               msh.o
    0x2000038c   COMPRESSED   0x00000008   Data   RW         1967    .data               finsh_compiler.o
    0x20000394   COMPRESSED   0x00000040   Data   RW         2005    .data               finsh_error.o
    0x200003d4   COMPRESSED   0x00000008   Data   RW         2021    .data               finsh_heap.o
    0x200003dc   COMPRESSED   0x00000004   Data   RW         2103    .data               finsh_var.o
    0x200003e0   COMPRESSED   0x0000000c   Data   RW         2126    .data               finsh_vm.o
    0x200003ec   COMPRESSED   0x00000004   Data   RW         2326    .data               mc_w.l(errno.o)
    0x200003f0        -       0x00000190   Zero   RW          121    .bss                idle.o
    0x20000580        -       0x00000080   Zero   RW          173    .bss                kservice.o
    0x20000600        -       0x00000020   Zero   RW          193    .bss                mem.o
    0x20000620        -       0x00000100   Zero   RW          280    .bss                scheduler.o
    0x20000720        -       0x000010b0   Zero   RW          412    .bss                main.o
    0x200017d0        -       0x00000208   Zero   RW          605    .bss                drv_usart.o
    0x200019d8        -       0x00000078   Zero   RW          642    .bss                drv_i2c.o
    0x20001a50        -       0x00000044   Zero   RW         1717    .bss                pin.o
    0x20001a94        -       0x00000081   Zero   RW         1863    .bss                shell.o
    0x20001b15   COMPRESSED   0x00000003   PAD
    0x20001b18        -       0x00000080   Zero   RW         2020    .bss                finsh_heap.o
    0x20001b98        -       0x00000140   Zero   RW         2054    .bss                finsh_node.o
    0x20001cd8        -       0x000000c0   Zero   RW         2102    .bss                finsh_var.o
    0x20001d98        -       0x00000180   Zero   RW         2125    .bss                finsh_vm.o
    0x20001f18        -       0x00000400   Zero   RW         1612    STACK               startup_stm32f103xe.o


==============================================================================

Image component sizes


      Code (inc. data)   RO Data    RW Data    ZI Data      Debug   Object Name

       564         56         19          0          0     446395   board.o
       108          4          0          4          0      18658   clock.o
      4412       1430       1665          4          0      18160   cmd.o
       460        128         57          0          0       4727   completion.o
       216         42         36          0          0       2494   components.o
       244         26          0          0          0        748   context_rvds.o
      1504        720         19         16          0       4015   cpuport.o
      1060        116         75          0          0       4777   dataqueue.o
      1324        312        201          0          0       5606   device.o
      1556         98        296        192          0       7017   drv_gpio.o
       328         34         36          0        120       2596   drv_i2c.o
      1816        224        116        340        520      27301   drv_usart.o
      6168        154          0          8          0       9750   finsh_compiler.o
        44         10        243         64          0       1601   finsh_error.o
       528         18          0          8        128       3359   finsh_heap.o
        88          6          0          0          0       1568   finsh_init.o
       388          4          0          0        320       3296   finsh_node.o
      2776         36        196          0          0       8644   finsh_ops.o
      2428         32          0          0          0       9705   finsh_parser.o
      1664         16        126          0          0       6204   finsh_token.o
       412         18          0          4        192       6261   finsh_var.o
       228         34          0         12        384       5340   finsh_vm.o
      1120          6         12          0          0       6405   i2c-bit-ops.o
       332         38         23          0          0       3168   i2c_core.o
       388         64         94          0          0       2468   i2c_dev.o
       500         76         22          0        400       5528   idle.o
      7176       1040        849          0          0      22331   ipc.o
       140         14          0          9          0       1784   irq.o
      2756        232        290         12        128      12240   kservice.o
        30          0          0          0          0       7199   led.o
         4          0          4          0          0       1208   libc.o
      1964        674        176         20       4272       8415   main.o
      2232        634        346         32         32       8270   mem.o
       900        142        147          4          0       4879   msh.o
        34          0        159          0          0       2179   msh_cmd.o
       884        184        128        180          0       8243   object.o
       592         94        266          0         68       4982   pin.o
       908        150         78         28        256       6957   scheduler.o
      3104        410        298          0          0       9713   serial.o
      2784        282        139          8        129       7021   shell.o
        36          8        304          0       1024        864   startup_stm32f103xe.o
       348         30          0          4          0       4015   stm32f1xx_hal.o
       708         22          0          0          0      27226   stm32f1xx_hal_cortex.o
      3812         40          0          0          0       6601   stm32f1xx_hal_dma.o
      1256         42          0          0          0       3867   stm32f1xx_hal_gpio.o
      2216         94          0          0          0       5243   stm32f1xx_hal_rcc.o
      4618         46          0          0          0      15844   stm32f1xx_hal_uart.o
        16          0          0          0          0        801   stm32f1xx_it.o
         0          0          0         16          0       5045   symbol.o
       244         32         24          4          0       1637   system_stm32f1xx.o
      2004        434        251         12          0      10317   thread.o
      1468        276         92         20          0       8891   timer.o

    ----------------------------------------------------------------------
     70896       8582       6836       1004       7976     811563   Object Totals
         0          0         32          0          0          0   (incl. Generated)
         6          0         17          3          3          0   (incl. Padding)

    ----------------------------------------------------------------------

      Code (inc. data)   RO Data    RW Data    ZI Data      Debug   Library Member Name

        42          0          0          0          0         84   atof.o
        86          0          0          0          0          0   __dczerorl2.o
        28          0          0          0          0         68   _chval.o
        64          0          0          0          0         84   _sgetc.o
       158          0          0          0          0         92   _strtoul.o
        26          0          0          0          0         80   atoi.o
         8          4        133          0          0         68   ctype_o.o
         0          0          0          0          0          0   entry.o
         0          0          0          0          0          0   entry10a.o
         0          0          0          0          0          0   entry11a.o
         8          4          0          0          0          0   entry2.o
         4          0          0          0          0          0   entry5.o
         0          0          0          0          0          0   entry7b.o
         0          0          0          0          0          0   entry8b.o
         8          4          0          0          0          0   entry9a.o
        32         16          0          4          0        204   errno.o
        30          0          0          0          0          0   handlers.o
        36          8          0          0          0         68   init.o
        18          0          0          0          0         76   isspace_o.o
         0          0          0          0          0          0   iusefp.o
        30          0          0          0          0         68   llshl.o
        32          0          0          0          0         68   llushr.o
        26          0          0          0          0         80   memcmp.o
        36          0          0          0          0         68   memcpya.o
        36          0          0          0          0        108   memseta.o
       878         12          0          0          0        216   scanf_fp.o
        24          0          0          0          0         68   strcat.o
        28          0          0          0          0         76   strcmp.o
        18          0          0          0          0         68   strcpy.o
        14          0          0          0          0         68   strlen.o
        30          0          0          0          0         80   strncmp.o
        24          0          0          0          0         76   strncpy.o
       156         12          0          0          0        120   strtod.o
       112          0          0          0          0         88   strtol.o
        56          0          0          0          0         88   d2f.o
       222          0          0          0          0        100   ddiv.o
       186          0          0          0          0        176   depilogue.o
        24          0          0          0          0         76   dfltul.o
       228          0          0          0          0         96   dmul.o
       176          0          0          0          0        140   fadd.o
       110          0          0          0          0        168   fepilogue.o
        50          0          0          0          0         68   ffixi.o
        40          0          0          0          0         68   ffixui.o
        18          0          0          0          0         68   fflti.o
       100          0          0          0          0         76   fmul.o

    ----------------------------------------------------------------------
      3212         60        136          4          0       3200   Library Totals
        10          0          3          0          0          0   (incl. Padding)

    ----------------------------------------------------------------------

      Code (inc. data)   RO Data    RW Data    ZI Data      Debug   Library Name

        42          0          0          0          0         84   m_ws.l
      1950         60        133          4          0       1992   mc_w.l
      1210          0          0          0          0       1124   mf_w.l

    ----------------------------------------------------------------------
      3212         60        136          4          0       3200   Library Totals

    ----------------------------------------------------------------------

==============================================================================


      Code (inc. data)   RO Data    RW Data    ZI Data      Debug   

     74108       8642       6972       1008       7976     808703   Grand Totals
     74108       8642       6972        188       7976     808703   ELF Image Totals (compressed)
     74108       8642       6972        188          0          0   ROM Totals

==============================================================================

    Total RO  Size (Code + RO Data)                81080 (  79.18kB)
    Total RW  Size (RW Data + ZI Data)              8984 (   8.77kB)
    Total ROM Size (Code + RO Data + RW Data)      81268 (  79.36kB)

==============================================================================

