<html>
<body>
<pre>
<h1>µVision Build Log</h1>
<h2>Tool Versions:</h2>
IDE-Version: ¦ÌVision V5.26.2.0
Copyright (C) 2018 ARM Ltd and ARM Germany GmbH. All rights reserved.
License Information: c'c 15838262142@163.com, ³ß´ç, LIC=IC9QD-8ASPP-22GL4-F37J4-SS44F-6PYIE
 
Tool Versions:
Toolchain:       MDK-ARM Professional  Version: 5.26.2.0
Toolchain Path:  C:\Keil_v5\ARM\ARMCC\Bin
C Compiler:      Armcc.exe V5.06 update 6 (build 750)
Assembler:       Armasm.exe V5.06 update 6 (build 750)
Linker/Locator:  ArmLink.exe V5.06 update 6 (build 750)
Library Manager: ArmAr.exe V5.06 update 6 (build 750)
Hex Converter:   FromElf.exe V5.06 update 6 (build 750)
CPU DLL:         SARMCM3.DLL V5.26.2.0
Dialog DLL:      DCM.DLL V1.17.2.0
Target DLL:      Segger\JL2CM3.dll V2.99.31.0
Dialog DLL:      TCM.DLL V1.36.1.0
 
<h2>Project:</h2>
C:\Users\15838\Desktop\stm32f10x-HAL\project.uvprojx
Project File Date:  07/16/2019

<h2>Output:</h2>
*** Using Compiler 'V5.06 update 6 (build 750)', folder: 'C:\Keil_v5\ARM\ARMCC\Bin'
Build target 'rtthread-stm32'
compiling clock.c...
compiling cpu.c...
compiling irq.c...
compiling idle.c...
compiling components.c...
compiling device.c...
compiling ipc.c...
compiling object.c...
compiling mempool.c...
compiling mem.c...
compiling scheduler.c...
compiling signal.c...
compiling memheap.c...
compiling kservice.c...
compiling timer.c...
compiling led.c...
compiling thread.c...
compiling main.c...
compiling stm32f1xx_it.c...
compiling board.c...
compiling drv_gpio.c...
compiling system_stm32f1xx.c...
compiling stm32f1xx_hal_adc.c...
compiling stm32f1xx_hal_adc_ex.c...
compiling drv_usart.c...
compiling stm32f1xx_hal_gpio.c...
compiling stm32f1xx_hal_gpio_ex.c...
compiling stm32f1xx_hal_flash.c...
compiling stm32f1xx_hal_cortex.c...
compiling stm32f1xx_hal_crc.c...
compiling stm32f1xx_hal_flash_ex.c...
compiling stm32f1xx_hal_dma.c...
compiling stm32f1xx_hal_i2c.c...
compiling stm32f1xx_hal_irda.c...
compiling stm32f1xx_hal_iwdg.c...
compiling stm32f1xx_hal_rtc.c...
compiling stm32f1xx_hal_rcc.c...
compiling stm32f1xx_hal_rcc_ex.c...
compiling stm32f1xx_hal_pwr.c...
compiling stm32f1xx_hal_rtc_ex.c...
compiling stm32f1xx_hal_smartcard.c...
compiling stm32f1xx_hal_spi.c...
compiling stm32f1xx_hal_spi_ex.c...
compiling stm32f1xx_hal_tim_ex.c...
compiling stm32f1xx_hal_uart.c...
compiling stm32f1xx_hal_wwdg.c...
compiling stm32f1xx_hal_tim.c...
compiling stm32f1xx_hal.c...
compiling stm32f1xx_hal_usart.c...
compiling stm32f1xx_ll_fsmc.c...
compiling stm32f1xx_ll_sdmmc.c...
compiling stm32f1xx_ll_usb.c...
compiling stm32f1xx_hal_can.c...
compiling stm32f1xx_ll_utils.c...
compiling stm32f1xx_hal_dac.c...
compiling stm32f1xx_hal_dac_ex.c...
compiling stm32f1xx_hal_i2s.c...
compiling stm32f1xx_hal_mmc.c...
compiling stm32f1xx_hal_sd.c...
compiling stm32f1xx_hal_nand.c...
compiling stm32f1xx_hal_pccard.c...
compiling stm32f1xx_hal_nor.c...
compiling stm32f1xx_hal_sram.c...
compiling backtrace.c...
compiling showmem.c...
compiling stm32f1xx_hal_pcd.c...
compiling cpuport.c...
compiling pin.c...
compiling stm32f1xx_hal_pcd_ex.c...
compiling serial.c...
compiling completion.c...
compiling dataqueue.c...
compiling pipe.c...
compiling waitqueue.c...
compiling ringbuffer.c...
compiling ringblk_buf.c...
compiling workqueue.c...
compiling shell.c...
compiling symbol.c...
compiling msh_cmd.c...
compiling msh_file.c...
compiling msh.c...
compiling libc.c...
compiling cmd.c...
compiling mem_std.c...
compiling time.c...
compiling stubs.c...
rt-thread\components\libc\compilers\armlibc\stubs.c(268): warning:  #177-D: variable "stat"  was declared but never referenced
      struct stat stat;
rt-thread\components\libc\compilers\armlibc\stubs.c: 1 warning, 0 errors
compiling gmtime_r.c...
linking...
Program Size: Code=55692 RO-data=5996 RW-data=904 ZI-data=6832  
After Build - User command #1: fromelf --bin .\build\rtthread-stm32.axf --output rtthread.bin
".\build\rtthread-stm32.axf" - 0 Error(s), 1 Warning(s).

<h2>Software Packages used:</h2>

Package Vendor: Keil
                http://www.keil.com/pack/Keil.STM32F1xx_DFP.2.1.0.pack
                Keil.STM32F1xx_DFP.2.1.0
                STMicroelectronics STM32F1 Series Device Support, Drivers and Examples

<h2>Collection of Component include folders:</h2>
  .\RTE\_rtthread-stm32
  C:\Keil_v5\ARM\PACK\Keil\STM32F1xx_DFP\2.1.0\Device\Include

<h2>Collection of Component Files used:</h2>
Build Time Elapsed:  00:00:10
</pre>
</body>
</html>
